
Discarded input sections

 .group         0x0000000000000000        0x8 test.o

Memory Configuration

Name             Origin             Length             Attributes
*default*        0x0000000000000000 0xffffffffffffffff

Linker script and memory map

                0x0000000000000054                . = (0x0 + SIZEOF_HEADERS)

.text           0x0000000000000054        0x0
 *(.text)
 .text          0x0000000000000054        0x0 test.o

.glue_7         0x0000000000000054        0x0
 .glue_7        0x0000000000000054        0x0 linker stubs

.glue_7t        0x0000000000000054        0x0
 .glue_7t       0x0000000000000054        0x0 linker stubs

.vfp11_veneer   0x0000000000000054        0x0
 .vfp11_veneer  0x0000000000000054        0x0 linker stubs

.v4_bx          0x0000000000000054        0x0
 .v4_bx         0x0000000000000054        0x0 linker stubs

.text.test      0x0000000000000054       0x20
 .text.test     0x0000000000000054       0x20 test.o
                0x0000000000000054                test

.iplt           0x0000000000000074        0x0
 .iplt          0x0000000000000074        0x0 test.o

.rel.dyn        0x0000000000000074        0x0
 .rel.iplt      0x0000000000000074        0x0 test.o
 .rel.got       0x0000000000000074        0x0 test.o

.data           0x0000000000000074        0x0
 *(.data)
 .data          0x0000000000000074        0x0 test.o

.data.y         0x0000000000000074        0x4
 .data.y        0x0000000000000074        0x4 test.o
                0x0000000000000074                y

.data.a         0x0000000000000078        0x4
 .data.a        0x0000000000000078        0x4 test.o
                0x0000000000000078                a

.data.alpha_beta
                0x000000000000007c        0x4
 .data.alpha_beta
                0x000000000000007c        0x4 test.o
                0x000000000000007c                alpha_beta

.igot.plt       0x0000000000000080        0x0
 .igot.plt      0x0000000000000080        0x0 test.o

.got            0x0000000000000080        0x8
 .got           0x0000000000000080        0x8 test.o

.got.plt        0x0000000000000088        0xc
 .got.plt       0x0000000000000088        0xc test.o
                0x0000000000000088                _GLOBAL_OFFSET_TABLE_

.bss            0x0000000000000094        0x0
 *(.bss)
 .bss           0x0000000000000094        0x0 test.o
LOAD test.o
OUTPUT(test.elf elf32-littlearm)

.bss.k          0x0000000000000094        0x4
 .bss.k         0x0000000000000094        0x4 test.o
                0x0000000000000094                k

.bss.x          0x0000000000000098        0x4
 .bss.x         0x0000000000000098        0x4 test.o
                0x0000000000000098                x

.debug_info     0x0000000000000000       0x9f
 .debug_info    0x0000000000000000       0x9f test.o

.debug_abbrev   0x0000000000000000       0x70
 .debug_abbrev  0x0000000000000000       0x70 test.o

.debug_aranges  0x0000000000000000       0x20
 .debug_aranges
                0x0000000000000000       0x20 test.o

.debug_ranges   0x0000000000000000       0x10
 .debug_ranges  0x0000000000000000       0x10 test.o

.debug_macro    0x0000000000000000      0x8c1
 .debug_macro   0x0000000000000000       0x11 test.o
 .debug_macro   0x0000000000000011      0x8b0 test.o

.debug_line     0x0000000000000000       0x3f
 .debug_line    0x0000000000000000       0x3f test.o

.debug_str      0x0000000000000000     0x2569
 .debug_str     0x0000000000000000     0x2569 test.o
                                       0x2576 (size before relaxing)

.comment        0x0000000000000000       0x1d
 .comment       0x0000000000000000       0x1d test.o
                                         0x1e (size before relaxing)

.ARM.attributes
                0x0000000000000000       0x32
 .ARM.attributes
                0x0000000000000000       0x32 test.o

.debug_frame    0x0000000000000000       0x20
 .debug_frame   0x0000000000000000       0x20 test.o
