
Discarded input sections

 .group         0x0000000000000000        0x8 test.o

Memory Configuration

Name             Origin             Length             Attributes
*default*        0x0000000000000000 0xffffffffffffffff

Linker script and memory map

                0x0000000000000054                . = (0x0 + SIZEOF_HEADERS)

.text           0x0000000000000054        0x0
 *(.text)
 .text          0x0000000000000054        0x0 test.o

.glue_7         0x0000000000000054        0x0
 .glue_7        0x0000000000000054        0x0 linker stubs

.glue_7t        0x0000000000000054        0x0
 .glue_7t       0x0000000000000054        0x0 linker stubs

.vfp11_veneer   0x0000000000000054        0x0
 .vfp11_veneer  0x0000000000000054        0x0 linker stubs

.v4_bx          0x0000000000000054        0x0
 .v4_bx         0x0000000000000054        0x0 linker stubs

.text.test      0x0000000000000054       0x2c
 .text.test     0x0000000000000054       0x2c test.o
                0x0000000000000054                test

.iplt           0x0000000000000080        0x0
 .iplt          0x0000000000000080        0x0 test.o

.rel.dyn        0x0000000000000080        0x0
 .rel.iplt      0x0000000000000080        0x0 test.o
 .rel.got       0x0000000000000080        0x0 test.o

.data           0x0000000000000080        0x0
 *(.data)
 .data          0x0000000000000080        0x0 test.o

.data.x         0x0000000000000080        0x4
 .data.x        0x0000000000000080        0x4 test.o
                0x0000000000000080                x

.data.y         0x0000000000000084        0x4
 .data.y        0x0000000000000084        0x4 test.o
                0x0000000000000084                y

.data.a         0x0000000000000088        0x4
 .data.a        0x0000000000000088        0x4 test.o
                0x0000000000000088                a

.igot.plt       0x000000000000008c        0x0
 .igot.plt      0x000000000000008c        0x0 test.o

.got            0x000000000000008c        0x4
 .got           0x000000000000008c        0x4 test.o

.got.plt        0x0000000000000090        0xc
 .got.plt       0x0000000000000090        0xc test.o
                0x0000000000000090                _GLOBAL_OFFSET_TABLE_

.bss            0x000000000000009c        0x0
 *(.bss)
 .bss           0x000000000000009c        0x0 test.o
LOAD symbols.txt
                0xffffffffffffe965                my_test = 0xffffffffffffe965
                0xffffffffffffe177                lifo_empty = 0xffffffffffffe177
LOAD test.o
OUTPUT(test.elf elf32-littlearm)

.debug_info     0x0000000000000000       0xe4
 .debug_info    0x0000000000000000       0xe4 test.o

.debug_abbrev   0x0000000000000000       0xda
 .debug_abbrev  0x0000000000000000       0xda test.o

.debug_aranges  0x0000000000000000       0x20
 .debug_aranges
                0x0000000000000000       0x20 test.o

.debug_ranges   0x0000000000000000       0x10
 .debug_ranges  0x0000000000000000       0x10 test.o

.debug_macro    0x0000000000000000      0x8bb
 .debug_macro   0x0000000000000000       0x11 test.o
 .debug_macro   0x0000000000000011      0x8aa test.o

.debug_line     0x0000000000000000       0x42
 .debug_line    0x0000000000000000       0x42 test.o

.debug_str      0x0000000000000000     0x2568
 .debug_str     0x0000000000000000     0x2568 test.o
                                       0x257a (size before relaxing)

.comment        0x0000000000000000       0x1d
 .comment       0x0000000000000000       0x1d test.o
                                         0x1e (size before relaxing)

.ARM.attributes
                0x0000000000000000       0x32
 .ARM.attributes
                0x0000000000000000       0x32 test.o

.debug_frame    0x0000000000000000       0x2c
 .debug_frame   0x0000000000000000       0x2c test.o
