
Discarded input sections

 .group         0x0000000000000000        0x8 test.o

Memory Configuration

Name             Origin             Length             Attributes
*default*        0x0000000000000000 0xffffffffffffffff

Linker script and memory map

                0x0000000000000200                STACK_SIZE = DEFINED (STACK_SIZE)?STACK_SIZE:0x200

.text           0x0000000000000000       0x10
 *(.text)
 .text          0x0000000000000000       0x10 test.o
                0x0000000000000000                test_function

.glue_7         0x0000000000000010        0x0
 .glue_7        0x0000000000000010        0x0 linker stubs

.glue_7t        0x0000000000000010        0x0
 .glue_7t       0x0000000000000010        0x0 linker stubs

.vfp11_veneer   0x0000000000000010        0x0
 .vfp11_veneer  0x0000000000000010        0x0 linker stubs

.v4_bx          0x0000000000000010        0x0
 .v4_bx         0x0000000000000010        0x0 linker stubs

.text.startup   0x0000000000000010        0xa
 .text.startup  0x0000000000000010        0xa test.o
                0x0000000000000010                main

.iplt           0x000000000000001c        0x0
 .iplt          0x000000000000001c        0x0 test.o

.rel.dyn        0x000000000000001c        0x0
 .rel.iplt      0x000000000000001c        0x0 test.o

.data           0x000000000000001a        0x0
 *(.data)
 .data          0x000000000000001a        0x0 test.o

.igot.plt       0x000000000000001c        0x0
 .igot.plt      0x000000000000001c        0x0 test.o

.bss            0x000000000000001a        0x0
 *(.bss)
 .bss           0x000000000000001a        0x0 test.o

.stack          0x000000000000001a      0x206
                0x0000000000000020                . = ALIGN (0x8)
 *fill*         0x000000000000001a        0x6 
                0x0000000000000220                . = (. + STACK_SIZE)
 *fill*         0x0000000000000020      0x200 
                0x0000000000000220                . = ALIGN (0x8)
                0x0000000000000220                _estack = .
LOAD test.o
OUTPUT(test.elf elf32-littlearm)

.debug_info     0x0000000000000000       0x77
 .debug_info    0x0000000000000000       0x77 test.o

.debug_abbrev   0x0000000000000000       0x77
 .debug_abbrev  0x0000000000000000       0x77 test.o

.debug_aranges  0x0000000000000000       0x28
 .debug_aranges
                0x0000000000000000       0x28 test.o

.debug_ranges   0x0000000000000000       0x18
 .debug_ranges  0x0000000000000000       0x18 test.o

.debug_macro    0x0000000000000000      0x83d
 .debug_macro   0x0000000000000000       0x11 test.o
 .debug_macro   0x0000000000000011      0x82c test.o

.debug_line     0x0000000000000000       0x50
 .debug_line    0x0000000000000000       0x50 test.o

.debug_str      0x0000000000000000     0x22ee
 .debug_str     0x0000000000000000     0x22ee test.o

.comment        0x0000000000000000       0x1d
 .comment       0x0000000000000000       0x1d test.o
                                         0x1e (size before relaxing)

.ARM.attributes
                0x0000000000000000       0x32
 .ARM.attributes
                0x0000000000000000       0x32 test.o

.debug_frame    0x0000000000000000       0x3c
 .debug_frame   0x0000000000000000       0x3c test.o
