
Discarded input sections

 .group         0x0000000000000000        0x8 test.o

Memory Configuration

Name             Origin             Length             Attributes
*default*        0x0000000000000000 0xffffffffffffffff

Linker script and memory map

                0x0000000000000200                STACK_SIZE = DEFINED (STACK_SIZE)?STACK_SIZE:0x200

.text           0x0000000000000000        0x0
 *(.text)
 .text          0x0000000000000000        0x0 test.o

.glue_7         0x0000000000000000        0x0
 .glue_7        0x0000000000000000        0x0 linker stubs

.glue_7t        0x0000000000000000        0x0
 .glue_7t       0x0000000000000000        0x0 linker stubs

.vfp11_veneer   0x0000000000000000        0x0
 .vfp11_veneer  0x0000000000000000        0x0 linker stubs

.v4_bx          0x0000000000000000        0x0
 .v4_bx         0x0000000000000000        0x0 linker stubs

.text.startup.main
                0x0000000000000000        0x4
 .text.startup.main
                0x0000000000000000        0x4 test.o
                0x0000000000000000                main

.text.test      0x0000000000000004        0x4
 .text.test     0x0000000000000004        0x4 test.o
                0x0000000000000004                test

.iplt           0x0000000000000008        0x0
 .iplt          0x0000000000000008        0x0 test.o

.rel.dyn        0x0000000000000008        0x0
 .rel.iplt      0x0000000000000008        0x0 test.o

.data           0x0000000000000008        0x0
 *(.data)
 .data          0x0000000000000008        0x0 test.o

.igot.plt       0x0000000000000008        0x0
 .igot.plt      0x0000000000000008        0x0 test.o

.bss            0x0000000000000008        0x0
 *(.bss)
 .bss           0x0000000000000008        0x0 test.o

.stack          0x0000000000000008      0x200
                0x0000000000000008                . = ALIGN (0x8)
                0x0000000000000208                . = (. + STACK_SIZE)
 *fill*         0x0000000000000008      0x200 
                0x0000000000000208                . = ALIGN (0x8)
                0x0000000000000208                _estack = .
LOAD test.o
OUTPUT(test.elf elf32-littlearm)

.debug_info     0x0000000000000000       0x4c
 .debug_info    0x0000000000000000       0x4c test.o

.debug_abbrev   0x0000000000000000       0x45
 .debug_abbrev  0x0000000000000000       0x45 test.o

.debug_aranges  0x0000000000000000       0x20
 .debug_aranges
                0x0000000000000000       0x20 test.o

.debug_ranges   0x0000000000000000       0x10
 .debug_ranges  0x0000000000000000       0x10 test.o

.debug_macro    0x0000000000000000      0x8b5
 .debug_macro   0x0000000000000000       0x11 test.o
 .debug_macro   0x0000000000000011      0x8a4 test.o

.debug_line     0x0000000000000000       0x37
 .debug_line    0x0000000000000000       0x37 test.o

.debug_str      0x0000000000000000     0x253f
 .debug_str     0x0000000000000000     0x253f test.o

.comment        0x0000000000000000       0x1d
 .comment       0x0000000000000000       0x1d test.o
                                         0x1e (size before relaxing)

.ARM.attributes
                0x0000000000000000       0x32
 .ARM.attributes
                0x0000000000000000       0x32 test.o

.debug_frame    0x0000000000000000       0x30
 .debug_frame   0x0000000000000000       0x30 test.o
