Archive member included to satisfy reference by file (symbol)

/home/kushal/code/riot/RIOT/examples/led/bin/samr21-xpro/core.a(sched.o)
                              /home/kushal/code/riot/RIOT/examples/led/bin/samr21-xpro/newlib/syscalls.o (sched_active_pid)
/home/kushal/code/riot/RIOT/examples/led/bin/samr21-xpro/core.a(clist.o)
                              /home/kushal/code/riot/RIOT/examples/led/bin/samr21-xpro/core.a(sched.o) (clist_add)
/home/kushal/code/riot/RIOT/examples/led/bin/samr21-xpro/core.a(kernel_init.o)
                              /home/kushal/code/riot/RIOT/examples/led/bin/samr21-xpro/cpu/startup.o (kernel_init)
/home/kushal/code/riot/RIOT/examples/led/bin/samr21-xpro/core.a(thread.o)
                              /home/kushal/code/riot/RIOT/examples/led/bin/samr21-xpro/core.a(kernel_init.o) (thread_create)
/home/kushal/code/riot/RIOT/examples/led/bin/samr21-xpro/core.a(hwtimer.o)
                              /home/kushal/code/riot/RIOT/examples/led/bin/samr21-xpro/core.a(kernel_init.o) (hwtimer_init)
/home/kushal/code/riot/RIOT/examples/led/bin/samr21-xpro/core.a(bitarithm.o)
                              /home/kushal/code/riot/RIOT/examples/led/bin/samr21-xpro/core.a(sched.o) (bitarithm_lsb)
/home/kushal/code/riot/RIOT/examples/led/bin/samr21-xpro/core.a(mutex.o)
                              /home/kushal/code/riot/RIOT/examples/led/bin/samr21-xpro/core.a(hwtimer.o) (mutex_lock)
/home/kushal/code/riot/RIOT/examples/led/bin/samr21-xpro/core.a(atomic.o)
                              /home/kushal/code/riot/RIOT/examples/led/bin/samr21-xpro/core.a(mutex.o) (atomic_cas)
/home/kushal/code/riot/RIOT/examples/led/bin/samr21-xpro/core.a(priority_queue.o)
                              /home/kushal/code/riot/RIOT/examples/led/bin/samr21-xpro/core.a(mutex.o) (priority_queue_remove_head)
/home/kushal/code/riot/RIOT/examples/led/bin/samr21-xpro/core.a(lifo.o)
                              /home/kushal/code/riot/RIOT/examples/led/bin/samr21-xpro/core.a(hwtimer.o) (lifo_empty)
/home/kushal/code/riot/RIOT/examples/led/bin/samr21-xpro/cortexm_common.a(irq_arch.o)
                              /home/kushal/code/riot/RIOT/examples/led/bin/samr21-xpro/newlib/syscalls.o (irq_arch_disable)
/home/kushal/code/riot/RIOT/examples/led/bin/samr21-xpro/cortexm_common.a(thread_arch.o)
                              /home/kushal/code/riot/RIOT/examples/led/bin/samr21-xpro/core.a(thread.o) (thread_arch_stack_init)
/home/kushal/code/riot/RIOT/examples/led/bin/samr21-xpro/cpu.a(lpm_arch.o)
                              /home/kushal/code/riot/RIOT/examples/led/bin/samr21-xpro/core.a(kernel_init.o) (lpm_arch_set)
/home/kushal/code/riot/RIOT/examples/led/bin/samr21-xpro/hwtimer_compat.a(hwtimer_arch.o)
                              /home/kushal/code/riot/RIOT/examples/led/bin/samr21-xpro/core.a(hwtimer.o) (hwtimer_arch_init)
/home/kushal/code/riot/RIOT/examples/led/bin/samr21-xpro/periph.a(uart.o)
                              /home/kushal/code/riot/RIOT/examples/led/bin/samr21-xpro/newlib/syscalls.o (uart_write_blocking)
/home/kushal/code/riot/RIOT/examples/led/bin/samr21-xpro/periph.a(timer.o)
                              /home/kushal/code/riot/RIOT/examples/led/bin/samr21-xpro/hwtimer_compat.a(hwtimer_arch.o) (timer_set_absolute)
/home/kushal/code/riot/RIOT/examples/led/bin/samr21-xpro/uart0.a(uart0.o)
                              /home/kushal/code/riot/RIOT/examples/led/bin/samr21-xpro/newlib/syscalls.o (uart0_handler_pid)
/home/kushal/code/riot/RIOT/examples/led/bin/samr21-xpro/samr21-xpro_base.a(board.o)
                              /home/kushal/code/riot/RIOT/examples/led/bin/samr21-xpro/cpu/startup.o (board_init)
/home/kushal/code/riot/RIOT/examples/led/bin/samr21-xpro/led.a(main.o)
                              /home/kushal/code/riot/RIOT/examples/led/bin/samr21-xpro/core.a(kernel_init.o) (main)
/home/kushal/code/riot/RIOT/examples/led/bin/samr21-xpro/auto_init.a(auto_init.o)
                              /home/kushal/code/riot/RIOT/examples/led/bin/samr21-xpro/core.a(kernel_init.o) (auto_init)
/home/kushal/code/riot/RIOT/examples/led/bin/samr21-xpro/core.a(msg.o)
                              /home/kushal/code/riot/RIOT/examples/led/bin/samr21-xpro/uart0.a(uart0.o) (msg_send_int)
/home/kushal/code/riot/RIOT/examples/led/bin/samr21-xpro/core.a(ringbuffer.o)
                              /home/kushal/code/riot/RIOT/examples/led/bin/samr21-xpro/uart0.a(uart0.o) (ringbuffer_add_one)
/home/kushal/code/riot/RIOT/examples/led/bin/samr21-xpro/cpu.a(cpu.o)
                              /home/kushal/code/riot/RIOT/examples/led/bin/samr21-xpro/samr21-xpro_base.a(board.o) (cpu_init)
/home/kushal/code/riot/RIOT/examples/led/bin/samr21-xpro/posix.a(posix_io.o)
                              /home/kushal/code/riot/RIOT/examples/led/bin/samr21-xpro/uart0.a(uart0.o) (posix_read)
/home/kushal/code/riot/RIOT/examples/led/bin/samr21-xpro/posix.a(unistd.o)
[...]
Memory Configuration

Name             Origin             Length             Attributes
*default*        0x0000000000000000 0xffffffffffffffff

Linker script and memory map

LOAD /home/kushal/code/riot/RIOT/examples/led/bin/samr21-xpro/newlib/syscalls.o
LOAD /home/kushal/code/riot/RIOT/examples/led/bin/samr21-xpro/cpu/startup.o
START GROUP
LOAD /home/kushal/code/riot/RIOT/examples/led/bin/samr21-xpro/at86rf231.a
LOAD /home/kushal/code/riot/RIOT/examples/led/bin/samr21-xpro/auto_init.a
LOAD /home/kushal/code/riot/RIOT/examples/led/bin/samr21-xpro/core.a
LOAD /home/kushal/code/riot/RIOT/examples/led/bin/samr21-xpro/cortexm_common.a
LOAD /home/kushal/code/riot/RIOT/examples/led/bin/samr21-xpro/cpu.a
LOAD /home/kushal/code/riot/RIOT/examples/led/bin/samr21-xpro/hwtimer_compat.a
LOAD /home/kushal/code/riot/RIOT/examples/led/bin/samr21-xpro/ieee802154.a
LOAD /home/kushal/code/riot/RIOT/examples/led/bin/samr21-xpro/netdev_802154.a
LOAD /home/kushal/code/riot/RIOT/examples/led/bin/samr21-xpro/netdev_base.a
LOAD /home/kushal/code/riot/RIOT/examples/led/bin/samr21-xpro/periph.a
LOAD /home/kushal/code/riot/RIOT/examples/led/bin/samr21-xpro/posix.a
LOAD /home/kushal/code/riot/RIOT/examples/led/bin/samr21-xpro/ps.a
LOAD /home/kushal/code/riot/RIOT/examples/led/bin/samr21-xpro/shell.a
LOAD /home/kushal/code/riot/RIOT/examples/led/bin/samr21-xpro/shell_commands.a
LOAD /home/kushal/code/riot/RIOT/examples/led/bin/samr21-xpro/sys.a
LOAD /home/kushal/code/riot/RIOT/examples/led/bin/samr21-xpro/timex.a
LOAD /home/kushal/code/riot/RIOT/examples/led/bin/samr21-xpro/transceiver.a
LOAD /home/kushal/code/riot/RIOT/examples/led/bin/samr21-xpro/uart0.a
LOAD /home/kushal/code/riot/RIOT/examples/led/bin/samr21-xpro/vtimer.a
LOAD /home/kushal/code/riot/RIOT/examples/led/bin/samr21-xpro/samr21-xpro_base.a
LOAD /home/kushal/code/riot/RIOT/examples/led/bin/samr21-xpro/led.a
LOAD /usr/lib/gcc/arm-none-eabi/5.1.0/../../../../arm-none-eabi/lib/armv6-m/libm.a
END GROUP
LOAD /usr/lib/gcc/arm-none-eabi/5.1.0/armv6-m/libgcc.a
LOAD /usr/lib/gcc/arm-none-eabi/5.1.0/../../../../arm-none-eabi/lib/armv6-m/libc_nano.a
LOAD /usr/lib/gcc/arm-none-eabi/5.1.0/../../../../arm-none-eabi/lib/armv6-m/libnosys.a
START GROUP
LOAD /usr/lib/gcc/arm-none-eabi/5.1.0/armv6-m/libgcc.a
LOAD /usr/lib/gcc/arm-none-eabi/5.1.0/../../../../arm-none-eabi/lib/armv6-m/libc_nano.a
END GROUP
START GROUP
LOAD /usr/lib/gcc/arm-none-eabi/5.1.0/armv6-m/libgcc.a
LOAD /usr/lib/gcc/arm-none-eabi/5.1.0/../../../../arm-none-eabi/lib/armv6-m/libc_nano.a
END GROUP
                0x0000000000000200                STACK_SIZE = DEFINED (STACK_SIZE)?STACK_SIZE:0x200

.text           0x0000000000000000      0x160
 *(.text)
 .text          0x0000000000000000        0x0 /home/kushal/code/riot/RIOT/examples/led/bin/samr21-xpro/newlib/syscalls.o
 .text          0x0000000000000000        0x0 /home/kushal/code/riot/RIOT/examples/led/bin/samr21-xpro/cpu/startup.o
 .text          0x0000000000000000        0x0 /home/kushal/code/riot/RIOT/examples/led/bin/samr21-xpro/core.a(sched.o)
 .text          0x0000000000000000        0x0 /home/kushal/code/riot/RIOT/examples/led/bin/samr21-xpro/core.a(clist.o)
 .text          0x0000000000000000        0x0 /home/kushal/code/riot/RIOT/examples/led/bin/samr21-xpro/core.a(kernel_init.o)
 .text          0x0000000000000000        0x0 /home/kushal/code/riot/RIOT/examples/led/bin/samr21-xpro/core.a(thread.o)
 .text          0x0000000000000000        0x0 /home/kushal/code/riot/RIOT/examples/led/bin/samr21-xpro/core.a(hwtimer.o)
 .text          0x0000000000000000        0x0 /home/kushal/code/riot/RIOT/examples/led/bin/samr21-xpro/core.a(bitarithm.o)
 .text          0x0000000000000000        0x0 /home/kushal/code/riot/RIOT/examples/led/bin/samr21-xpro/core.a(mutex.o)
 .text          0x0000000000000000        0x0 /home/kushal/code/riot/RIOT/examples/led/bin/samr21-xpro/core.a(atomic.o)
 .text          0x0000000000000000        0x0 /home/kushal/code/riot/RIOT/examples/led/bin/samr21-xpro/core.a(priority_queue.o)
 .text          0x0000000000000000        0x0 /home/kushal/code/riot/RIOT/examples/led/bin/samr21-xpro/core.a(lifo.o)
 .text          0x0000000000000000        0x0 /home/kushal/code/riot/RIOT/examples/led/bin/samr21-xpro/cortexm_common.a(irq_arch.o)
 .text          0x0000000000000000        0x0 /home/kushal/code/riot/RIOT/examples/led/bin/samr21-xpro/cortexm_common.a(thread_arch.o)
 .text          0x0000000000000000        0x0 /home/kushal/code/riot/RIOT/examples/led/bin/samr21-xpro/cpu.a(lpm_arch.o)
 .text          0x0000000000000000        0x0 /home/kushal/code/riot/RIOT/examples/led/bin/samr21-xpro/hwtimer_compat.a(hwtimer_arch.o)
 .text          0x0000000000000000        0x0 /home/kushal/code/riot/RIOT/examples/led/bin/samr21-xpro/periph.a(uart.o)
 .text          0x0000000000000000        0x0 /home/kushal/code/riot/RIOT/examples/led/bin/samr21-xpro/periph.a(timer.o)
 .text          0x0000000000000000        0x0 /home/kushal/code/riot/RIOT/examples/led/bin/samr21-xpro/uart0.a(uart0.o)
 .text          0x0000000000000000        0x0 /home/kushal/code/riot/RIOT/examples/led/bin/samr21-xpro/samr21-xpro_base.a(board.o)
 .text          0x0000000000000000        0x0 /home/kushal/code/riot/RIOT/examples/led/bin/samr21-xpro/led.a(main.o)
 .text          0x0000000000000000        0x0 /home/kushal/code/riot/RIOT/examples/led/bin/samr21-xpro/auto_init.a(auto_init.o)
 .text          0x0000000000000000        0x0 /home/kushal/code/riot/RIOT/examples/led/bin/samr21-xpro/core.a(msg.o)
 .text          0x0000000000000000        0x0 /home/kushal/code/riot/RIOT/examples/led/bin/samr21-xpro/core.a(ringbuffer.o)
 .text          0x0000000000000000        0x0 /home/kushal/code/riot/RIOT/examples/led/bin/samr21-xpro/cpu.a(cpu.o)
 .text          0x0000000000000000        0x0 /home/kushal/code/riot/RIOT/examples/led/bin/samr21-xpro/posix.a(posix_io.o)
 .text          0x0000000000000000        0x0 /home/kushal/code/riot/RIOT/examples/led/bin/samr21-xpro/posix.a(unistd.o)
 .text          0x0000000000000000        0x0 /home/kushal/code/riot/RIOT/examples/led/bin/samr21-xpro/posix.a(fd.o)
 .text          0x0000000000000000        0x0 /home/kushal/code/riot/RIOT/examples/led/bin/samr21-xpro/sys.a(chardev_thread.o)
 .text          0x0000000000000000        0x0 /home/kushal/code/riot/RIOT/examples/led/bin/samr21-xpro/timex.a(timex.o)
 .text          0x0000000000000000        0x0 /home/kushal/code/riot/RIOT/examples/led/bin/samr21-xpro/vtimer.a(vtimer.o)
 .text          0x0000000000000000        0x0 /home/kushal/code/riot/RIOT/examples/led/bin/samr21-xpro/cortexm_common.a(cortexm_init.o)
 .text          0x0000000000000000       0x9c /usr/lib/gcc/arm-none-eabi/5.1.0/armv6-m/libgcc.a(_udivsi3.o)
                0x0000000000000000                __udivsi3
                0x0000000000000000                __aeabi_uidiv
                0x0000000000000088                __aeabi_uidivmod
 .text          0x000000000000009c        0x4 /usr/lib/gcc/arm-none-eabi/5.1.0/armv6-m/libgcc.a(_dvmd_tls.o)
                0x000000000000009c                __aeabi_ldiv0
                0x000000000000009c                __aeabi_idiv0
 .text          0x00000000000000a0        0x0 /usr/lib/gcc/arm-none-eabi/5.1.0/../../../../arm-none-eabi/lib/armv6-m/libc_nano.a(lib_a-errno.o)
 .text          0x00000000000000a0        0x0 /usr/lib/gcc/arm-none-eabi/5.1.0/../../../../arm-none-eabi/lib/armv6-m/libc_nano.a(lib_a-impure.o)
 .text          0x00000000000000a0        0x0 /usr/lib/gcc/arm-none-eabi/5.1.0/../../../../arm-none-eabi/lib/armv6-m/libc_nano.a(lib_a-init.o)
 .text          0x00000000000000a0        0x0 /usr/lib/gcc/arm-none-eabi/5.1.0/../../../../arm-none-eabi/lib/armv6-m/libc_nano.a(lib_a-memcpy.o)
 .text          0x00000000000000a0        0x0 /usr/lib/gcc/arm-none-eabi/5.1.0/../../../../arm-none-eabi/lib/armv6-m/libc_nano.a(lib_a-memset.o)
 .text          0x00000000000000a0        0x0 /usr/lib/gcc/arm-none-eabi/5.1.0/../../../../arm-none-eabi/lib/armv6-m/libc_nano.a(lib_a-printf.o)
 .text          0x00000000000000a0        0x0 /usr/lib/gcc/arm-none-eabi/5.1.0/../../../../arm-none-eabi/lib/armv6-m/libc_nano.a(lib_a-puts.o)
 .text          0x00000000000000a0        0x0 /usr/lib/gcc/arm-none-eabi/5.1.0/../../../../arm-none-eabi/lib/armv6-m/libc_nano.a(lib_a-wbuf.o)
 .text          0x00000000000000a0        0x0 /usr/lib/gcc/arm-none-eabi/5.1.0/../../../../arm-none-eabi/lib/armv6-m/libc_nano.a(lib_a-wsetup.o)
 .text          0x00000000000000a0        0x0 /usr/lib/gcc/arm-none-eabi/5.1.0/../../../../arm-none-eabi/lib/armv6-m/libc_nano.a(lib_a-fflush.o)
 .text          0x00000000000000a0        0x0 /usr/lib/gcc/arm-none-eabi/5.1.0/../../../../arm-none-eabi/lib/armv6-m/libc_nano.a(lib_a-findfp.o)
 .text          0x00000000000000a0        0x0 /usr/lib/gcc/arm-none-eabi/5.1.0/../../../../arm-none-eabi/lib/armv6-m/libc_nano.a(lib_a-fwalk.o)
 .text          0x00000000000000a0        0x0 /usr/lib/gcc/arm-none-eabi/5.1.0/../../../../arm-none-eabi/lib/armv6-m/libc_nano.a(lib_a-makebuf.o)
 .text          0x00000000000000a0        0x0 /usr/lib/gcc/arm-none-eabi/5.1.0/../../../../arm-none-eabi/lib/armv6-m/libc_nano.a(lib_a-nano-freer.o)
 .text          0x00000000000000a0        0x0 /usr/lib/gcc/arm-none-eabi/5.1.0/../../../../arm-none-eabi/lib/armv6-m/libc_nano.a(lib_a-nano-mallocr.o)
 .text          0x00000000000000a0        0x0 /usr/lib/gcc/arm-none-eabi/5.1.0/../../../../arm-none-eabi/lib/armv6-m/libc_nano.a(lib_a-nano-vfprintf.o)
 .text          0x00000000000000a0        0x0 /usr/lib/gcc/arm-none-eabi/5.1.0/../../../../arm-none-eabi/lib/armv6-m/libc_nano.a(lib_a-nano-vfprintf_i.o)
 .text          0x00000000000000a0        0x0 /usr/lib/gcc/arm-none-eabi/5.1.0/../../../../arm-none-eabi/lib/armv6-m/libc_nano.a(lib_a-stdio.o)
 .text          0x00000000000000a0        0x0 /usr/lib/gcc/arm-none-eabi/5.1.0/../../../../arm-none-eabi/lib/armv6-m/libc_nano.a(lib_a-fvwrite.o)
 .text          0x00000000000000a0        0x0 /usr/lib/gcc/arm-none-eabi/5.1.0/../../../../arm-none-eabi/lib/armv6-m/libc_nano.a(lib_a-memchr.o)
 .text          0x00000000000000a0        0x0 /usr/lib/gcc/arm-none-eabi/5.1.0/../../../../arm-none-eabi/lib/armv6-m/libc_nano.a(lib_a-memmove.o)
 .text          0x00000000000000a0        0x0 /usr/lib/gcc/arm-none-eabi/5.1.0/../../../../arm-none-eabi/lib/armv6-m/libc_nano.a(lib_a-nano-reallocr.o)
 .text          0x00000000000000a0        0x0 /usr/lib/gcc/arm-none-eabi/5.1.0/../../../../arm-none-eabi/lib/armv6-m/libc_nano.a(lib_a-nano-msizer.o)
 .text          0x00000000000000a0       0xc0 /usr/lib/gcc/arm-none-eabi/5.1.0/armv6-m/libgcc.a(_divsi3.o)
                0x00000000000000a0                __aeabi_idiv
                0x00000000000000a0                __divsi3
                0x000000000000014c                __aeabi_idivmod

.glue_7         0x0000000000000160        0x0
 .glue_7        0x0000000000000160        0x0 linker stubs

.glue_7t        0x0000000000000160        0x0
 .glue_7t       0x0000000000000160        0x0 linker stubs

.vfp11_veneer   0x0000000000000160        0x0
 .vfp11_veneer  0x0000000000000160        0x0 linker stubs

.v4_bx          0x0000000000000160        0x0
 .v4_bx         0x0000000000000160        0x0 linker stubs

.text.rx_cb     0x0000000000000160       0x28
 .text.rx_cb    0x0000000000000160       0x28 /home/kushal/code/riot/RIOT/examples/led/bin/samr21-xpro/newlib/syscalls.o
                0x0000000000000160                rx_cb

.text._init     0x0000000000000188       0x28
 .text._init    0x0000000000000188       0x28 /home/kushal/code/riot/RIOT/examples/led/bin/samr21-xpro/newlib/syscalls.o
                0x0000000000000188                _init

.text._fini     0x00000000000001b0        0x2
 .text._fini    0x00000000000001b0        0x2 /home/kushal/code/riot/RIOT/examples/led/bin/samr21-xpro/newlib/syscalls.o
                0x00000000000001b0                _fini

.text._exit     0x00000000000001b4       0x2c
 .text._exit    0x00000000000001b4       0x2c /home/kushal/code/riot/RIOT/examples/led/bin/samr21-xpro/newlib/syscalls.o
                0x00000000000001b4                _exit

.text._sbrk_r   0x00000000000001e0       0x64
 .text._sbrk_r  0x00000000000001e0       0x64 /home/kushal/code/riot/RIOT/examples/led/bin/samr21-xpro/newlib/syscalls.o
                0x00000000000001e0                _sbrk_r

.text._getpid   0x0000000000000244       0x1c
 .text._getpid  0x0000000000000244       0x1c /home/kushal/code/riot/RIOT/examples/led/bin/samr21-xpro/newlib/syscalls.o
                0x0000000000000244                _getpid

.text._kill_r   0x0000000000000260        0xa
 .text._kill_r  0x0000000000000260        0xa /home/kushal/code/riot/RIOT/examples/led/bin/samr21-xpro/newlib/syscalls.o
                0x0000000000000260                _kill_r

.text._open_r   0x000000000000026a        0xa
 .text._open_r  0x000000000000026a        0xa /home/kushal/code/riot/RIOT/examples/led/bin/samr21-xpro/newlib/syscalls.o
                0x000000000000026a                _open_r

.text._read_r   0x0000000000000274        0xe
 .text._read_r  0x0000000000000274        0xe /home/kushal/code/riot/RIOT/examples/led/bin/samr21-xpro/newlib/syscalls.o
                0x0000000000000274                _read_r

.text._write_r  0x0000000000000282       0x1c
 .text._write_r
                0x0000000000000282       0x1c /home/kushal/code/riot/RIOT/examples/led/bin/samr21-xpro/newlib/syscalls.o
                0x0000000000000282                _write_r

.text._close_r  0x000000000000029e        0xa
 .text._close_r
                0x000000000000029e        0xa /home/kushal/code/riot/RIOT/examples/led/bin/samr21-xpro/newlib/syscalls.o
                0x000000000000029e                _close_r

.text._lseek_r  0x00000000000002a8        0xa
 .text._lseek_r
                0x00000000000002a8        0xa /home/kushal/code/riot/RIOT/examples/led/bin/samr21-xpro/newlib/syscalls.o
                0x00000000000002a8                _lseek_r

.text._fstat_r  0x00000000000002b2        0xa
 .text._fstat_r
                0x00000000000002b2        0xa /home/kushal/code/riot/RIOT/examples/led/bin/samr21-xpro/newlib/syscalls.o
                0x00000000000002b2                _fstat_r

.text._stat_r   0x00000000000002bc        0xa
 .text._stat_r  0x00000000000002bc        0xa /home/kushal/code/riot/RIOT/examples/led/bin/samr21-xpro/newlib/syscalls.o
                0x00000000000002bc                _stat_r

.text._isatty_r
                0x00000000000002c6        0xe
 .text._isatty_r
                0x00000000000002c6        0xe /home/kushal/code/riot/RIOT/examples/led/bin/samr21-xpro/newlib/syscalls.o
                0x00000000000002c6                _isatty_r

.text._unlink_r
                0x00000000000002d4        0xa
 .text._unlink_r
                0x00000000000002d4        0xa /home/kushal/code/riot/RIOT/examples/led/bin/samr21-xpro/newlib/syscalls.o
                0x00000000000002d4                _unlink_r

.text._kill     0x00000000000002de       0x10
 .text._kill    0x00000000000002de       0x10 /home/kushal/code/riot/RIOT/examples/led/bin/samr21-xpro/newlib/syscalls.o
                0x00000000000002de                _kill

.iplt           0x00000000000002f0        0x0
 .iplt          0x00000000000002f0        0x0 /home/kushal/code/riot/RIOT/examples/led/bin/samr21-xpro/newlib/syscalls.o

.text.isr_usage_fault
                0x00000000000002ee        0x4
 .text.isr_usage_fault
                0x00000000000002ee        0x4 /home/kushal/code/riot/RIOT/examples/led/bin/samr21-xpro/cpu/startup.o
                0x00000000000002ee                isr_usage_fault

.text.reset_handler
                0x00000000000002f4       0x68
 .text.reset_handler
                0x00000000000002f4       0x68 /home/kushal/code/riot/RIOT/examples/led/bin/samr21-xpro/cpu/startup.o
                0x00000000000002f4                reset_handler

.text.isr_bus_fault
                0x000000000000035c        0x4
 .text.isr_bus_fault
                0x000000000000035c        0x4 /home/kushal/code/riot/RIOT/examples/led/bin/samr21-xpro/cpu/startup.o
                0x000000000000035c                isr_bus_fault

.text.dummy_handler
                0x0000000000000360        0x4
 .text.dummy_handler
                0x0000000000000360        0x4 /home/kushal/code/riot/RIOT/examples/led/bin/samr21-xpro/cpu/startup.o
                0x0000000000000360                isr_evsys
                0x0000000000000360                isr_dac
                0x0000000000000360                isr_tc6
                0x0000000000000360                isr_eic
                0x0000000000000360                isr_ptc
                0x0000000000000360                isr_dmac
                0x0000000000000360                isr_sercom5
                0x0000000000000360                isr_tc7
                0x0000000000000360                isr_sysctrl
                0x0000000000000360                isr_tcc0
                0x0000000000000360                isr_pm
                0x0000000000000360                isr_tc5
                0x0000000000000360                dummy_handler
                0x0000000000000360                isr_adc
                0x0000000000000360                isr_wdt
                0x0000000000000360                isr_sercom3
                0x0000000000000360                isr_ac
                0x0000000000000360                isr_tcc2
                0x0000000000000360                isr_i2c
                0x0000000000000360                isr_rtc
                0x0000000000000360                isr_usb
                0x0000000000000360                isr_sercom2
                0x0000000000000360                isr_sercom4
                0x0000000000000360                isr_nvmctrl
                0x0000000000000360                isr_tcc1
                0x0000000000000360                isr_sercom1
                0x0000000000000360                isr_systick

.text.isr_nmi   0x0000000000000364        0x4
 .text.isr_nmi  0x0000000000000364        0x4 /home/kushal/code/riot/RIOT/examples/led/bin/samr21-xpro/cpu/startup.o
                0x0000000000000364                isr_nmi

.text.isr_mem_manage
                0x0000000000000368        0x4
 .text.isr_mem_manage
                0x0000000000000368        0x4 /home/kushal/code/riot/RIOT/examples/led/bin/samr21-xpro/cpu/startup.o
                0x0000000000000368                isr_mem_manage

.text.isr_debug_mon
                0x000000000000036c        0x4
 .text.isr_debug_mon
                0x000000000000036c        0x4 /home/kushal/code/riot/RIOT/examples/led/bin/samr21-xpro/cpu/startup.o
                0x000000000000036c                isr_debug_mon

.text.isr_hard_fault
                0x0000000000000370        0x4
 .text.isr_hard_fault
                0x0000000000000370        0x4 /home/kushal/code/riot/RIOT/examples/led/bin/samr21-xpro/cpu/startup.o
                0x0000000000000370                isr_hard_fault

.text.sched_run
                0x0000000000000374       0x6c
 .text.sched_run
                0x0000000000000374       0x6c /home/kushal/code/riot/RIOT/examples/led/bin/samr21-xpro/core.a(sched.o)
                0x0000000000000374                sched_run

.text.sched_set_status
                0x00000000000003e0       0x7c
 .text.sched_set_status
                0x00000000000003e0       0x7c /home/kushal/code/riot/RIOT/examples/led/bin/samr21-xpro/core.a(sched.o)
                0x00000000000003e0                sched_set_status

.text.sched_switch
                0x000000000000045c       0x3c
 .text.sched_switch
                0x000000000000045c       0x3c /home/kushal/code/riot/RIOT/examples/led/bin/samr21-xpro/core.a(sched.o)
                0x000000000000045c                sched_switch

.text.sched_task_exit
                0x0000000000000498       0x50
 .text.sched_task_exit
                0x0000000000000498       0x50 /home/kushal/code/riot/RIOT/examples/led/bin/samr21-xpro/core.a(sched.o)
                0x0000000000000498                sched_task_exit

.text.clist_add
                0x00000000000004e8       0x2c
 .text.clist_add
                0x00000000000004e8       0x2c /home/kushal/code/riot/RIOT/examples/led/bin/samr21-xpro/core.a(clist.o)
                0x00000000000004e8                clist_add

.text.clist_remove
                0x0000000000000514       0x1c
 .text.clist_remove
                0x0000000000000514       0x1c /home/kushal/code/riot/RIOT/examples/led/bin/samr21-xpro/core.a(clist.o)
                0x0000000000000514                clist_remove

.text.main_trampoline
                0x0000000000000530        0xe
 .text.main_trampoline
                0x0000000000000530        0xe /home/kushal/code/riot/RIOT/examples/led/bin/samr21-xpro/core.a(kernel_init.o)

.text.idle_thread
                0x0000000000000540       0x1c
 .text.idle_thread
                0x0000000000000540       0x1c /home/kushal/code/riot/RIOT/examples/led/bin/samr21-xpro/core.a(kernel_init.o)

.text.kernel_init
                0x000000000000055c       0xb4
 .text.kernel_init
                0x000000000000055c       0xb4 /home/kushal/code/riot/RIOT/examples/led/bin/samr21-xpro/core.a(kernel_init.o)
                0x000000000000055c                kernel_init

.text.thread_get
                0x0000000000000610       0x28
 .text.thread_get
                0x0000000000000610       0x28 /home/kushal/code/riot/RIOT/examples/led/bin/samr21-xpro/core.a(thread.o)
                0x0000000000000610                thread_get

.text.thread_getstatus
                0x0000000000000638       0x16
 .text.thread_getstatus
                0x0000000000000638       0x16 /home/kushal/code/riot/RIOT/examples/led/bin/samr21-xpro/core.a(thread.o)
                0x0000000000000638                thread_getstatus

.text.thread_getname
                0x000000000000064e        0xe
 .text.thread_getname
                0x000000000000064e        0xe /home/kushal/code/riot/RIOT/examples/led/bin/samr21-xpro/core.a(thread.o)
                0x000000000000064e                thread_getname

.text.thread_sleep
                0x000000000000065c       0x34
 .text.thread_sleep
                0x000000000000065c       0x34 /home/kushal/code/riot/RIOT/examples/led/bin/samr21-xpro/core.a(thread.o)
                0x000000000000065c                thread_sleep

.text.thread_wakeup
                0x0000000000000690       0x50
 .text.thread_wakeup
                0x0000000000000690       0x50 /home/kushal/code/riot/RIOT/examples/led/bin/samr21-xpro/core.a(thread.o)
                0x0000000000000690                thread_wakeup

.text.thread_yield
                0x00000000000006e0       0x3c
 .text.thread_yield
                0x00000000000006e0       0x3c /home/kushal/code/riot/RIOT/examples/led/bin/samr21-xpro/core.a(thread.o)
                0x00000000000006e0                thread_yield

.text.thread_measure_stack_free
                0x000000000000071c       0x10
 .text.thread_measure_stack_free
                0x000000000000071c       0x10 /home/kushal/code/riot/RIOT/examples/led/bin/samr21-xpro/core.a(thread.o)
                0x000000000000071c                thread_measure_stack_free

.text.thread_create
                0x000000000000072c      0x108
 .text.thread_create
                0x000000000000072c      0x108 /home/kushal/code/riot/RIOT/examples/led/bin/samr21-xpro/core.a(thread.o)
                0x000000000000072c                thread_create

.text.multiplexer
                0x0000000000000834       0x3c
 .text.multiplexer
                0x0000000000000834       0x3c /home/kushal/code/riot/RIOT/examples/led/bin/samr21-xpro/core.a(hwtimer.o)

.text.hwtimer_releasemutex
                0x0000000000000870        0x8
 .text.hwtimer_releasemutex
                0x0000000000000870        0x8 /home/kushal/code/riot/RIOT/examples/led/bin/samr21-xpro/core.a(hwtimer.o)

.text._hwtimer_set
                0x0000000000000878       0x84
 .text._hwtimer_set
                0x0000000000000878       0x84 /home/kushal/code/riot/RIOT/examples/led/bin/samr21-xpro/core.a(hwtimer.o)

.text.hwtimer_spin
                0x00000000000008fc       0x22
 .text.hwtimer_spin
                0x00000000000008fc       0x22 /home/kushal/code/riot/RIOT/examples/led/bin/samr21-xpro/core.a(hwtimer.o)
                0x00000000000008fc                hwtimer_spin

.text.hwtimer_init_comp
                0x0000000000000920       0x34
 .text.hwtimer_init_comp
                0x0000000000000920       0x34 /home/kushal/code/riot/RIOT/examples/led/bin/samr21-xpro/core.a(hwtimer.o)
                0x0000000000000920                hwtimer_init_comp

.text.hwtimer_init
                0x0000000000000954       0x10
 .text.hwtimer_init
                0x0000000000000954       0x10 /home/kushal/code/riot/RIOT/examples/led/bin/samr21-xpro/core.a(hwtimer.o)
                0x0000000000000954                hwtimer_init

.text.hwtimer_active
                0x0000000000000964       0x14
 .text.hwtimer_active
                0x0000000000000964       0x14 /home/kushal/code/riot/RIOT/examples/led/bin/samr21-xpro/core.a(hwtimer.o)
                0x0000000000000964                hwtimer_active

.text.hwtimer_now
                0x0000000000000978        0x8
 .text.hwtimer_now
                0x0000000000000978        0x8 /home/kushal/code/riot/RIOT/examples/led/bin/samr21-xpro/core.a(hwtimer.o)
                0x0000000000000978                hwtimer_now

.text.hwtimer_set
                0x0000000000000980        0xa
 .text.hwtimer_set
                0x0000000000000980        0xa /home/kushal/code/riot/RIOT/examples/led/bin/samr21-xpro/core.a(hwtimer.o)
                0x0000000000000980                hwtimer_set

.text.hwtimer_wait
                0x000000000000098c       0x44
 .text.hwtimer_wait
                0x000000000000098c       0x44 /home/kushal/code/riot/RIOT/examples/led/bin/samr21-xpro/core.a(hwtimer.o)
                0x000000000000098c                hwtimer_wait

.text.hwtimer_set_absolute
                0x00000000000009d0        0xa
 .text.hwtimer_set_absolute
                0x00000000000009d0        0xa /home/kushal/code/riot/RIOT/examples/led/bin/samr21-xpro/core.a(hwtimer.o)
                0x00000000000009d0                hwtimer_set_absolute

.text.hwtimer_remove
                0x00000000000009dc       0x4c
 .text.hwtimer_remove
                0x00000000000009dc       0x4c /home/kushal/code/riot/RIOT/examples/led/bin/samr21-xpro/core.a(hwtimer.o)
                0x00000000000009dc                hwtimer_remove

.text.bitarithm_msb
                0x0000000000000a28        0xe
 .text.bitarithm_msb
                0x0000000000000a28        0xe /home/kushal/code/riot/RIOT/examples/led/bin/samr21-xpro/core.a(bitarithm.o)
                0x0000000000000a28                bitarithm_msb

.text.bitarithm_lsb
                0x0000000000000a36       0x12
 .text.bitarithm_lsb
                0x0000000000000a36       0x12 /home/kushal/code/riot/RIOT/examples/led/bin/samr21-xpro/core.a(bitarithm.o)
                0x0000000000000a36                bitarithm_lsb

.text.bitarithm_bits_set
                0x0000000000000a48       0x12
 .text.bitarithm_bits_set
                0x0000000000000a48       0x12 /home/kushal/code/riot/RIOT/examples/led/bin/samr21-xpro/core.a(bitarithm.o)
                0x0000000000000a48                bitarithm_bits_set

.text.atomic_set_to_one
                0x0000000000000a5a       0x1e
 .text.atomic_set_to_one
                0x0000000000000a5a       0x1e /home/kushal/code/riot/RIOT/examples/led/bin/samr21-xpro/core.a(mutex.o)

.text.mutex_trylock
                0x0000000000000a78        0x8
 .text.mutex_trylock
                0x0000000000000a78        0x8 /home/kushal/code/riot/RIOT/examples/led/bin/samr21-xpro/core.a(mutex.o)
                0x0000000000000a78                mutex_trylock

.text.mutex_lock
                0x0000000000000a80       0x60
 .text.mutex_lock
                0x0000000000000a80       0x60 /home/kushal/code/riot/RIOT/examples/led/bin/samr21-xpro/core.a(mutex.o)
                0x0000000000000a80                mutex_lock

.text.mutex_unlock
                0x0000000000000ae0       0x36
 .text.mutex_unlock
                0x0000000000000ae0       0x36 /home/kushal/code/riot/RIOT/examples/led/bin/samr21-xpro/core.a(mutex.o)
                0x0000000000000ae0                mutex_unlock

.text.mutex_unlock_and_sleep
                0x0000000000000b18       0x4c
 .text.mutex_unlock_and_sleep
                0x0000000000000b18       0x4c /home/kushal/code/riot/RIOT/examples/led/bin/samr21-xpro/core.a(mutex.o)
                0x0000000000000b18                mutex_unlock_and_sleep

.text.atomic_cas
                0x0000000000000b64       0x24
 .text.atomic_cas
                0x0000000000000b64       0x24 /home/kushal/code/riot/RIOT/examples/led/bin/samr21-xpro/core.a(atomic.o)
                0x0000000000000b64                atomic_cas

.text.priority_queue_remove
                0x0000000000000b88       0x1a
 .text.priority_queue_remove
                0x0000000000000b88       0x1a /home/kushal/code/riot/RIOT/examples/led/bin/samr21-xpro/core.a(priority_queue.o)
                0x0000000000000b88                priority_queue_remove

.text.priority_queue_remove_head
                0x0000000000000ba2        0xe
 .text.priority_queue_remove_head
                0x0000000000000ba2        0xe /home/kushal/code/riot/RIOT/examples/led/bin/samr21-xpro/core.a(priority_queue.o)
                0x0000000000000ba2                priority_queue_remove_head

.text.priority_queue_add
                0x0000000000000bb0       0x20
 .text.priority_queue_add
                0x0000000000000bb0       0x20 /home/kushal/code/riot/RIOT/examples/led/bin/samr21-xpro/core.a(priority_queue.o)
                0x0000000000000bb0                priority_queue_add

.text.lifo_empty
                0x0000000000000bd0        0xa
 .text.lifo_empty
                0x0000000000000bd0        0xa /home/kushal/code/riot/RIOT/examples/led/bin/samr21-xpro/core.a(lifo.o)
                0x0000000000000bd0                lifo_empty

.text.lifo_init
                0x0000000000000bda       0x16
 .text.lifo_init
                0x0000000000000bda       0x16 /home/kushal/code/riot/RIOT/examples/led/bin/samr21-xpro/core.a(lifo.o)
                0x0000000000000bda                lifo_init

.text.lifo_insert
                0x0000000000000bf0       0x2c
 .text.lifo_insert
                0x0000000000000bf0       0x2c /home/kushal/code/riot/RIOT/examples/led/bin/samr21-xpro/core.a(lifo.o)
                0x0000000000000bf0                lifo_insert

.text.lifo_get  0x0000000000000c1c       0x1a
 .text.lifo_get
                0x0000000000000c1c       0x1a /home/kushal/code/riot/RIOT/examples/led/bin/samr21-xpro/core.a(lifo.o)
                0x0000000000000c1c                lifo_get

.text.irq_arch_disable
                0x0000000000000c36        0x8
 .text.irq_arch_disable
                0x0000000000000c36        0x8 /home/kushal/code/riot/RIOT/examples/led/bin/samr21-xpro/cortexm_common.a(irq_arch.o)
                0x0000000000000c36                irq_arch_disable

.text.irq_arch_enable
                0x0000000000000c3e        0x8
 .text.irq_arch_enable
                0x0000000000000c3e        0x8 /home/kushal/code/riot/RIOT/examples/led/bin/samr21-xpro/cortexm_common.a(irq_arch.o)
                0x0000000000000c3e                irq_arch_enable

.text.irq_arch_restore
                0x0000000000000c46        0x6
 .text.irq_arch_restore
                0x0000000000000c46        0x6 /home/kushal/code/riot/RIOT/examples/led/bin/samr21-xpro/cortexm_common.a(irq_arch.o)
                0x0000000000000c46                irq_arch_restore

.text.irq_arch_in
                0x0000000000000c4c        0x8
 .text.irq_arch_in
                0x0000000000000c4c        0x8 /home/kushal/code/riot/RIOT/examples/led/bin/samr21-xpro/cortexm_common.a(irq_arch.o)
                0x0000000000000c4c                irq_arch_in

.text.thread_arch_stack_init
                0x0000000000000c54       0x9c
 .text.thread_arch_stack_init
                0x0000000000000c54       0x9c /home/kushal/code/riot/RIOT/examples/led/bin/samr21-xpro/cortexm_common.a(thread_arch.o)
                0x0000000000000c54                thread_arch_stack_init

.text.thread_arch_stack_print
                0x0000000000000cf0       0x70
 .text.thread_arch_stack_print
                0x0000000000000cf0       0x70 /home/kushal/code/riot/RIOT/examples/led/bin/samr21-xpro/cortexm_common.a(thread_arch.o)
                0x0000000000000cf0                thread_arch_stack_print

.text.thread_arch_start_threading
                0x0000000000000d60        0x8
 .text.thread_arch_start_threading
                0x0000000000000d60        0x8 /home/kushal/code/riot/RIOT/examples/led/bin/samr21-xpro/cortexm_common.a(thread_arch.o)
                0x0000000000000d60                thread_arch_start_threading

.text.thread_arch_yield
                0x0000000000000d68       0x14
 .text.thread_arch_yield
                0x0000000000000d68       0x14 /home/kushal/code/riot/RIOT/examples/led/bin/samr21-xpro/cortexm_common.a(thread_arch.o)
                0x0000000000000d68                thread_arch_yield

.text.arch_context_switch
                0x0000000000000d7c       0x4c
 .text.arch_context_switch
                0x0000000000000d7c       0x4c /home/kushal/code/riot/RIOT/examples/led/bin/samr21-xpro/cortexm_common.a(thread_arch.o)
                0x0000000000000d7c                isr_pendsv
                0x0000000000000d7c                arch_context_switch
                0x0000000000000d9c                isr_svc

.text.lpm_arch_init
                0x0000000000000dc8        0x2
 .text.lpm_arch_init
                0x0000000000000dc8        0x2 /home/kushal/code/riot/RIOT/examples/led/bin/samr21-xpro/cpu.a(lpm_arch.o)
                0x0000000000000dc8                lpm_arch_init

.text.lpm_arch_set
                0x0000000000000dca        0x4
 .text.lpm_arch_set
                0x0000000000000dca        0x4 /home/kushal/code/riot/RIOT/examples/led/bin/samr21-xpro/cpu.a(lpm_arch.o)
                0x0000000000000dca                lpm_arch_set

.text.lpm_arch_get
                0x0000000000000dce        0x4
 .text.lpm_arch_get
                0x0000000000000dce        0x4 /home/kushal/code/riot/RIOT/examples/led/bin/samr21-xpro/cpu.a(lpm_arch.o)
                0x0000000000000dce                lpm_arch_get

.text.lpm_arch_awake
                0x0000000000000dd2        0x2
 .text.lpm_arch_awake
                0x0000000000000dd2        0x2 /home/kushal/code/riot/RIOT/examples/led/bin/samr21-xpro/cpu.a(lpm_arch.o)
                0x0000000000000dd2                lpm_arch_awake

.text.lpm_arch_begin_awake
                0x0000000000000dd4        0x2
 .text.lpm_arch_begin_awake
                0x0000000000000dd4        0x2 /home/kushal/code/riot/RIOT/examples/led/bin/samr21-xpro/cpu.a(lpm_arch.o)
                0x0000000000000dd4                lpm_arch_begin_awake

.text.lpm_arch_end_awake
                0x0000000000000dd6        0x2
 .text.lpm_arch_end_awake
                0x0000000000000dd6        0x2 /home/kushal/code/riot/RIOT/examples/led/bin/samr21-xpro/cpu.a(lpm_arch.o)
                0x0000000000000dd6                lpm_arch_end_awake

.text.irq_handler
                0x0000000000000dd8       0x1c
 .text.irq_handler
                0x0000000000000dd8       0x1c /home/kushal/code/riot/RIOT/examples/led/bin/samr21-xpro/hwtimer_compat.a(hwtimer_arch.o)
                0x0000000000000dd8                irq_handler

.text.hwtimer_arch_init
                0x0000000000000df4       0x2c
 .text.hwtimer_arch_init
                0x0000000000000df4       0x2c /home/kushal/code/riot/RIOT/examples/led/bin/samr21-xpro/hwtimer_compat.a(hwtimer_arch.o)
                0x0000000000000df4                hwtimer_arch_init

.text.hwtimer_arch_enable_interrupt
                0x0000000000000e20        0xa
 .text.hwtimer_arch_enable_interrupt
                0x0000000000000e20        0xa /home/kushal/code/riot/RIOT/examples/led/bin/samr21-xpro/hwtimer_compat.a(hwtimer_arch.o)
                0x0000000000000e20                hwtimer_arch_enable_interrupt

.text.hwtimer_arch_disable_interrupt
                0x0000000000000e2a        0xa
 .text.hwtimer_arch_disable_interrupt
                0x0000000000000e2a        0xa /home/kushal/code/riot/RIOT/examples/led/bin/samr21-xpro/hwtimer_compat.a(hwtimer_arch.o)
                0x0000000000000e2a                hwtimer_arch_disable_interrupt

.text.hwtimer_arch_set
                0x0000000000000e34        0xc
 .text.hwtimer_arch_set
                0x0000000000000e34        0xc /home/kushal/code/riot/RIOT/examples/led/bin/samr21-xpro/hwtimer_compat.a(hwtimer_arch.o)
                0x0000000000000e34                hwtimer_arch_set

.text.hwtimer_arch_set_absolute
                0x0000000000000e40        0xc
 .text.hwtimer_arch_set_absolute
                0x0000000000000e40        0xc /home/kushal/code/riot/RIOT/examples/led/bin/samr21-xpro/hwtimer_compat.a(hwtimer_arch.o)
                0x0000000000000e40                hwtimer_arch_set_absolute

.text.hwtimer_arch_unset
                0x0000000000000e4c        0xc
 .text.hwtimer_arch_unset
                0x0000000000000e4c        0xc /home/kushal/code/riot/RIOT/examples/led/bin/samr21-xpro/hwtimer_compat.a(hwtimer_arch.o)
                0x0000000000000e4c                hwtimer_arch_unset

.text.hwtimer_arch_now
                0x0000000000000e58        0xa
 .text.hwtimer_arch_now
                0x0000000000000e58        0xa /home/kushal/code/riot/RIOT/examples/led/bin/samr21-xpro/hwtimer_compat.a(hwtimer_arch.o)
                0x0000000000000e58                hwtimer_arch_now

.text.uart_tx_begin
                0x0000000000000e62        0x2
 .text.uart_tx_begin
                0x0000000000000e62        0x2 /home/kushal/code/riot/RIOT/examples/led/bin/samr21-xpro/periph.a(uart.o)
                0x0000000000000e62                uart_tx_begin

.text.uart_tx_end
                0x0000000000000e64        0x2
 .text.uart_tx_end
                0x0000000000000e64        0x2 /home/kushal/code/riot/RIOT/examples/led/bin/samr21-xpro/periph.a(uart.o)
                0x0000000000000e64                uart_tx_end

.text.uart_write
                0x0000000000000e68       0x14
 .text.uart_write
                0x0000000000000e68       0x14 /home/kushal/code/riot/RIOT/examples/led/bin/samr21-xpro/periph.a(uart.o)
                0x0000000000000e68                uart_write

.text.uart_read_blocking
                0x0000000000000e7c       0x1c
 .text.uart_read_blocking
                0x0000000000000e7c       0x1c /home/kushal/code/riot/RIOT/examples/led/bin/samr21-xpro/periph.a(uart.o)
                0x0000000000000e7c                uart_read_blocking

.text.uart_write_blocking
                0x0000000000000e98       0x1c
 .text.uart_write_blocking
                0x0000000000000e98       0x1c /home/kushal/code/riot/RIOT/examples/led/bin/samr21-xpro/periph.a(uart.o)
                0x0000000000000e98                uart_write_blocking

.text.uart_poweron
                0x0000000000000eb4       0x18
 .text.uart_poweron
                0x0000000000000eb4       0x18 /home/kushal/code/riot/RIOT/examples/led/bin/samr21-xpro/periph.a(uart.o)
                0x0000000000000eb4                uart_poweron

.text.uart_init_blocking
                0x0000000000000ecc       0xb4
 .text.uart_init_blocking
                0x0000000000000ecc       0xb4 /home/kushal/code/riot/RIOT/examples/led/bin/samr21-xpro/periph.a(uart.o)
                0x0000000000000ecc                uart_init_blocking

.text.uart_init
                0x0000000000000f80       0x60
 .text.uart_init
                0x0000000000000f80       0x60 /home/kushal/code/riot/RIOT/examples/led/bin/samr21-xpro/periph.a(uart.o)
                0x0000000000000f80                uart_init

.text.uart_poweroff
                0x0000000000000fe0       0x18
 .text.uart_poweroff
                0x0000000000000fe0       0x18 /home/kushal/code/riot/RIOT/examples/led/bin/samr21-xpro/periph.a(uart.o)
                0x0000000000000fe0                uart_poweroff

.text.isr_sercom0
                0x0000000000000ff8       0x74
 .text.isr_sercom0
                0x0000000000000ff8       0x74 /home/kushal/code/riot/RIOT/examples/led/bin/samr21-xpro/periph.a(uart.o)
                0x0000000000000ff8                isr_sercom0

.text.timer_set_absolute
                0x000000000000106c       0x80
 .text.timer_set_absolute
                0x000000000000106c       0x80 /home/kushal/code/riot/RIOT/examples/led/bin/samr21-xpro/periph.a(timer.o)
                0x000000000000106c                timer_set_absolute

.text.timer_clear
                0x00000000000010ec       0x6c
 .text.timer_clear
                0x00000000000010ec       0x6c /home/kushal/code/riot/RIOT/examples/led/bin/samr21-xpro/periph.a(timer.o)
                0x00000000000010ec                timer_clear

.text.timer_read
                0x0000000000001158       0x40
 .text.timer_read
                0x0000000000001158       0x40 /home/kushal/code/riot/RIOT/examples/led/bin/samr21-xpro/periph.a(timer.o)
                0x0000000000001158                timer_read

.text.timer_set
                0x0000000000001198       0x18
 .text.timer_set
                0x0000000000001198       0x18 /home/kushal/code/riot/RIOT/examples/led/bin/samr21-xpro/periph.a(timer.o)
                0x0000000000001198                timer_set

.text.timer_stop
                0x00000000000011b0       0x20
 .text.timer_stop
                0x00000000000011b0       0x20 /home/kushal/code/riot/RIOT/examples/led/bin/samr21-xpro/periph.a(timer.o)
                0x00000000000011b0                timer_stop

.text.timer_start
                0x00000000000011d0       0x20
 .text.timer_start
                0x00000000000011d0       0x20 /home/kushal/code/riot/RIOT/examples/led/bin/samr21-xpro/periph.a(timer.o)
                0x00000000000011d0                timer_start

.text.timer_irq_enable
                0x00000000000011f0       0x1c
 .text.timer_irq_enable
                0x00000000000011f0       0x1c /home/kushal/code/riot/RIOT/examples/led/bin/samr21-xpro/periph.a(timer.o)
                0x00000000000011f0                timer_irq_enable

.text.timer_init
                0x000000000000120c       0xe0
 .text.timer_init
                0x000000000000120c       0xe0 /home/kushal/code/riot/RIOT/examples/led/bin/samr21-xpro/periph.a(timer.o)
                0x000000000000120c                timer_init

.text.timer_irq_disable
                0x00000000000012ec       0x1c
 .text.timer_irq_disable
                0x00000000000012ec       0x1c /home/kushal/code/riot/RIOT/examples/led/bin/samr21-xpro/periph.a(timer.o)
                0x00000000000012ec                timer_irq_disable

.text.timer_reset
                0x0000000000001308       0x28
 .text.timer_reset
                0x0000000000001308       0x28 /home/kushal/code/riot/RIOT/examples/led/bin/samr21-xpro/periph.a(timer.o)
                0x0000000000001308                timer_reset

.text.isr_tc3   0x0000000000001330       0x74
 .text.isr_tc3  0x0000000000001330       0x74 /home/kushal/code/riot/RIOT/examples/led/bin/samr21-xpro/periph.a(timer.o)
                0x0000000000001330                isr_tc3

.text.isr_tc4   0x00000000000013a4       0x74
 .text.isr_tc4  0x00000000000013a4       0x74 /home/kushal/code/riot/RIOT/examples/led/bin/samr21-xpro/periph.a(timer.o)
                0x00000000000013a4                isr_tc4

.text.board_uart0_init
                0x0000000000001418       0x74
 .text.board_uart0_init
                0x0000000000001418       0x74 /home/kushal/code/riot/RIOT/examples/led/bin/samr21-xpro/uart0.a(uart0.o)
                0x0000000000001418                board_uart0_init

.text.uart0_handle_incoming
                0x000000000000148c       0x20
 .text.uart0_handle_incoming
                0x000000000000148c       0x20 /home/kushal/code/riot/RIOT/examples/led/bin/samr21-xpro/uart0.a(uart0.o)
                0x000000000000148c                uart0_handle_incoming

.text.uart0_notify_thread
                0x00000000000014ac       0x28
 .text.uart0_notify_thread
                0x00000000000014ac       0x28 /home/kushal/code/riot/RIOT/examples/led/bin/samr21-xpro/uart0.a(uart0.o)
                0x00000000000014ac                uart0_notify_thread

.text.uart0_readc
                0x00000000000014d4       0x30
 .text.uart0_readc
                0x00000000000014d4       0x30 /home/kushal/code/riot/RIOT/examples/led/bin/samr21-xpro/uart0.a(uart0.o)
                0x00000000000014d4                uart0_readc

.text.uart0_putc
                0x0000000000001504       0x50
 .text.uart0_putc
                0x0000000000001504       0x50 /home/kushal/code/riot/RIOT/examples/led/bin/samr21-xpro/uart0.a(uart0.o)
                0x0000000000001504                uart0_putc

.text.board_init
                0x0000000000001554       0x20
 .text.board_init
                0x0000000000001554       0x20 /home/kushal/code/riot/RIOT/examples/led/bin/samr21-xpro/samr21-xpro_base.a(board.o)
                0x0000000000001554                board_init

.text.startup.main
                0x0000000000001574       0x28
 .text.startup.main
                0x0000000000001574       0x28 /home/kushal/code/riot/RIOT/examples/led/bin/samr21-xpro/led.a(main.o)
                0x0000000000001574                main

.text.auto_init
                0x000000000000159c        0xc
 .text.auto_init
                0x000000000000159c        0xc /home/kushal/code/riot/RIOT/examples/led/bin/samr21-xpro/auto_init.a(auto_init.o)
                0x000000000000159c                auto_init

.text._msg_receive
                0x00000000000015a8      0x100
 .text._msg_receive
                0x00000000000015a8      0x100 /home/kushal/code/riot/RIOT/examples/led/bin/samr21-xpro/core.a(msg.o)

.text.queue_msg
                0x00000000000016a8       0x28
 .text.queue_msg
                0x00000000000016a8       0x28 /home/kushal/code/riot/RIOT/examples/led/bin/samr21-xpro/core.a(msg.o)

.text._msg_send
                0x00000000000016d0       0xc8
 .text._msg_send
                0x00000000000016d0       0xc8 /home/kushal/code/riot/RIOT/examples/led/bin/samr21-xpro/core.a(msg.o)

.text.msg_send_to_self
                0x0000000000001798       0x3c
 .text.msg_send_to_self
                0x0000000000001798       0x3c /home/kushal/code/riot/RIOT/examples/led/bin/samr21-xpro/core.a(msg.o)
                0x0000000000001798                msg_send_to_self

.text.msg_send_int
                0x00000000000017d4       0x50
 .text.msg_send_int
                0x00000000000017d4       0x50 /home/kushal/code/riot/RIOT/examples/led/bin/samr21-xpro/core.a(msg.o)
                0x00000000000017d4                msg_send_int

.text.msg_send  0x0000000000001824       0x4c
 .text.msg_send
                0x0000000000001824       0x4c /home/kushal/code/riot/RIOT/examples/led/bin/samr21-xpro/core.a(msg.o)
                0x0000000000001824                msg_send

.text.msg_try_send
                0x0000000000001870       0x50
 .text.msg_try_send
                0x0000000000001870       0x50 /home/kushal/code/riot/RIOT/examples/led/bin/samr21-xpro/core.a(msg.o)
                0x0000000000001870                msg_try_send

.text.msg_send_receive
                0x00000000000018c0       0x4c
 .text.msg_send_receive
                0x00000000000018c0       0x4c /home/kushal/code/riot/RIOT/examples/led/bin/samr21-xpro/core.a(msg.o)
                0x00000000000018c0                msg_send_receive

.text.msg_reply
                0x000000000000190c       0x60
 .text.msg_reply
                0x000000000000190c       0x60 /home/kushal/code/riot/RIOT/examples/led/bin/samr21-xpro/core.a(msg.o)
                0x000000000000190c                msg_reply

.text.msg_reply_int
                0x000000000000196c       0x44
 .text.msg_reply_int
                0x000000000000196c       0x44 /home/kushal/code/riot/RIOT/examples/led/bin/samr21-xpro/core.a(msg.o)
                0x000000000000196c                msg_reply_int

.text.msg_try_receive
                0x00000000000019b0        0xa
 .text.msg_try_receive
                0x00000000000019b0        0xa /home/kushal/code/riot/RIOT/examples/led/bin/samr21-xpro/core.a(msg.o)
                0x00000000000019b0                msg_try_receive

.text.msg_receive
                0x00000000000019ba        0xa
 .text.msg_receive
                0x00000000000019ba        0xa /home/kushal/code/riot/RIOT/examples/led/bin/samr21-xpro/core.a(msg.o)
                0x00000000000019ba                msg_receive

.text.msg_init_queue
                0x00000000000019c4       0x30
 .text.msg_init_queue
                0x00000000000019c4       0x30 /home/kushal/code/riot/RIOT/examples/led/bin/samr21-xpro/core.a(msg.o)
                0x00000000000019c4                msg_init_queue

.text.ringbuffer_add
                0x00000000000019f4       0x2c
 .text.ringbuffer_add
                0x00000000000019f4       0x2c /home/kushal/code/riot/RIOT/examples/led/bin/samr21-xpro/core.a(ringbuffer.o)
                0x00000000000019f4                ringbuffer_add

.text.ringbuffer_add_one
                0x0000000000001a20       0x46
 .text.ringbuffer_add_one
                0x0000000000001a20       0x46 /home/kushal/code/riot/RIOT/examples/led/bin/samr21-xpro/core.a(ringbuffer.o)
                0x0000000000001a20                ringbuffer_add_one

.text.ringbuffer_get_one
                0x0000000000001a66       0x2e
 .text.ringbuffer_get_one
                0x0000000000001a66       0x2e /home/kushal/code/riot/RIOT/examples/led/bin/samr21-xpro/core.a(ringbuffer.o)
                0x0000000000001a66                ringbuffer_get_one

.text.ringbuffer_get
                0x0000000000001a94       0x54
 .text.ringbuffer_get
                0x0000000000001a94       0x54 /home/kushal/code/riot/RIOT/examples/led/bin/samr21-xpro/core.a(ringbuffer.o)
                0x0000000000001a94                ringbuffer_get

.text.ringbuffer_remove
                0x0000000000001ae8       0x2a
 .text.ringbuffer_remove
                0x0000000000001ae8       0x2a /home/kushal/code/riot/RIOT/examples/led/bin/samr21-xpro/core.a(ringbuffer.o)
                0x0000000000001ae8                ringbuffer_remove

.text.ringbuffer_peek_one
                0x0000000000001b12       0x1a
 .text.ringbuffer_peek_one
                0x0000000000001b12       0x1a /home/kushal/code/riot/RIOT/examples/led/bin/samr21-xpro/core.a(ringbuffer.o)
                0x0000000000001b12                ringbuffer_peek_one

.text.ringbuffer_peek
                0x0000000000001b2c       0x1a
 .text.ringbuffer_peek
                0x0000000000001b2c       0x1a /home/kushal/code/riot/RIOT/examples/led/bin/samr21-xpro/core.a(ringbuffer.o)
                0x0000000000001b2c                ringbuffer_peek

.text.cpu_init  0x0000000000001b48       0xd0
 .text.cpu_init
                0x0000000000001b48       0xd0 /home/kushal/code/riot/RIOT/examples/led/bin/samr21-xpro/cpu.a(cpu.o)
                0x0000000000001b48                cpu_init

.text.posix_open
                0x0000000000001c18       0x18
 .text.posix_open
                0x0000000000001c18       0x18 /home/kushal/code/riot/RIOT/examples/led/bin/samr21-xpro/posix.a(posix_io.o)
                0x0000000000001c18                posix_open

.text.posix_close
                0x0000000000001c30       0x1a
 .text.posix_close
                0x0000000000001c30       0x1a /home/kushal/code/riot/RIOT/examples/led/bin/samr21-xpro/posix.a(posix_io.o)
                0x0000000000001c30                posix_close

.text.posix_read
                0x0000000000001c4a       0x20
 .text.posix_read
                0x0000000000001c4a       0x20 /home/kushal/code/riot/RIOT/examples/led/bin/samr21-xpro/posix.a(posix_io.o)
                0x0000000000001c4a                posix_read

.text.posix_write
                0x0000000000001c6a       0x20
 .text.posix_write
                0x0000000000001c6a       0x20 /home/kushal/code/riot/RIOT/examples/led/bin/samr21-xpro/posix.a(posix_io.o)
                0x0000000000001c6a                posix_write

.text.close     0x0000000000001c8a       0x34
 .text.close    0x0000000000001c8a       0x34 /home/kushal/code/riot/RIOT/examples/led/bin/samr21-xpro/posix.a(unistd.o)
                0x0000000000001c8a                close

.text.usleep    0x0000000000001cc0       0x30
 .text.usleep   0x0000000000001cc0       0x30 /home/kushal/code/riot/RIOT/examples/led/bin/samr21-xpro/posix.a(unistd.o)
                0x0000000000001cc0                usleep

.text.sleep     0x0000000000001cf0       0x18
 .text.sleep    0x0000000000001cf0       0x18 /home/kushal/code/riot/RIOT/examples/led/bin/samr21-xpro/posix.a(unistd.o)
                0x0000000000001cf0                sleep

.text.fd_init   0x0000000000001d08       0x8c
 .text.fd_init  0x0000000000001d08       0x8c /home/kushal/code/riot/RIOT/examples/led/bin/samr21-xpro/posix.a(fd.o)
                0x0000000000001d08                fd_init

.text.fd_get    0x0000000000001d94       0x1c
 .text.fd_get   0x0000000000001d94       0x1c /home/kushal/code/riot/RIOT/examples/led/bin/samr21-xpro/posix.a(fd.o)
                0x0000000000001d94                fd_get

.text.fd_new    0x0000000000001db0       0x4c
 .text.fd_new   0x0000000000001db0       0x4c /home/kushal/code/riot/RIOT/examples/led/bin/samr21-xpro/posix.a(fd.o)
                0x0000000000001db0                fd_new

.text.fd_destroy
                0x0000000000001dfc       0x14
 .text.fd_destroy
                0x0000000000001dfc       0x14 /home/kushal/code/riot/RIOT/examples/led/bin/samr21-xpro/posix.a(fd.o)
                0x0000000000001dfc                fd_destroy

.text.chardev_loop
                0x0000000000001e10       0xcc
 .text.chardev_loop
                0x0000000000001e10       0xcc /home/kushal/code/riot/RIOT/examples/led/bin/samr21-xpro/sys.a(chardev_thread.o)
                0x0000000000001e10                chardev_loop

.text.chardev_thread_entry
                0x0000000000001edc        0xa
 .text.chardev_thread_entry
                0x0000000000001edc        0xa /home/kushal/code/riot/RIOT/examples/led/bin/samr21-xpro/sys.a(chardev_thread.o)
                0x0000000000001edc                chardev_thread_entry

.text.timex_add
                0x0000000000001ee8       0x2c
 .text.timex_add
                0x0000000000001ee8       0x2c /home/kushal/code/riot/RIOT/examples/led/bin/samr21-xpro/timex.a(timex.o)
                0x0000000000001ee8                timex_add

.text.timex_set
                0x0000000000001f14        0x6
 .text.timex_set
                0x0000000000001f14        0x6 /home/kushal/code/riot/RIOT/examples/led/bin/samr21-xpro/timex.a(timex.o)
                0x0000000000001f14                timex_set

.text.timex_sub
                0x0000000000001f1c       0x2c
 .text.timex_sub
                0x0000000000001f1c       0x2c /home/kushal/code/riot/RIOT/examples/led/bin/samr21-xpro/timex.a(timex.o)
                0x0000000000001f1c                timex_sub

.text.timex_cmp
                0x0000000000001f48       0x20
 .text.timex_cmp
                0x0000000000001f48       0x20 /home/kushal/code/riot/RIOT/examples/led/bin/samr21-xpro/timex.a(timex.o)
                0x0000000000001f48                timex_cmp

.text.set_shortterm
                0x0000000000001f68       0x18
 .text.set_shortterm
                0x0000000000001f68       0x18 /home/kushal/code/riot/RIOT/examples/led/bin/samr21-xpro/vtimer.a(vtimer.o)

.text.vtimer_callback_tick
                0x0000000000001f80       0x58
 .text.vtimer_callback_tick
                0x0000000000001f80       0x58 /home/kushal/code/riot/RIOT/examples/led/bin/samr21-xpro/vtimer.a(vtimer.o)

.text.vtimer_callback_wakeup
                0x0000000000001fd8        0xc
 .text.vtimer_callback_wakeup
                0x0000000000001fd8        0xc /home/kushal/code/riot/RIOT/examples/led/bin/samr21-xpro/vtimer.a(vtimer.o)

.text.vtimer_callback_unlock
                0x0000000000001fe4        0xa
 .text.vtimer_callback_unlock
                0x0000000000001fe4        0xa /home/kushal/code/riot/RIOT/examples/led/bin/samr21-xpro/vtimer.a(vtimer.o)

.text.vtimer_callback_msg
                0x0000000000001fee       0x18
 .text.vtimer_callback_msg
                0x0000000000001fee       0x18 /home/kushal/code/riot/RIOT/examples/led/bin/samr21-xpro/vtimer.a(vtimer.o)

.text.update_shortterm
                0x0000000000002008       0x8c
 .text.update_shortterm
                0x0000000000002008       0x8c /home/kushal/code/riot/RIOT/examples/led/bin/samr21-xpro/vtimer.a(vtimer.o)

.text.vtimer_callback
                0x0000000000002094       0x44
 .text.vtimer_callback
                0x0000000000002094       0x44 /home/kushal/code/riot/RIOT/examples/led/bin/samr21-xpro/vtimer.a(vtimer.o)

.text.normalize_to_tick
                0x00000000000020d8       0x48
 .text.normalize_to_tick
                0x00000000000020d8       0x48 /home/kushal/code/riot/RIOT/examples/led/bin/samr21-xpro/vtimer.a(vtimer.o)
                0x00000000000020d8                normalize_to_tick

.text.vtimer_now
                0x0000000000002120       0x3c
 .text.vtimer_now
                0x0000000000002120       0x3c /home/kushal/code/riot/RIOT/examples/led/bin/samr21-xpro/vtimer.a(vtimer.o)
                0x0000000000002120                vtimer_now

.text.vtimer_set
                0x000000000000215c       0x98
 .text.vtimer_set
                0x000000000000215c       0x98 /home/kushal/code/riot/RIOT/examples/led/bin/samr21-xpro/vtimer.a(vtimer.o)

.text.vtimer_gettimeofday
                0x00000000000021f4       0x14
 .text.vtimer_gettimeofday
                0x00000000000021f4       0x14 /home/kushal/code/riot/RIOT/examples/led/bin/samr21-xpro/vtimer.a(vtimer.o)
                0x00000000000021f4                vtimer_gettimeofday
                0x00000000000021f4                _gettimeofday

.text.vtimer_get_localtime
                0x0000000000002208       0x3a
 .text.vtimer_get_localtime
                0x0000000000002208       0x3a /home/kushal/code/riot/RIOT/examples/led/bin/samr21-xpro/vtimer.a(vtimer.o)
                0x0000000000002208                vtimer_get_localtime

.text.vtimer_init
                0x0000000000002244       0x44
 .text.vtimer_init
                0x0000000000002244       0x44 /home/kushal/code/riot/RIOT/examples/led/bin/samr21-xpro/vtimer.a(vtimer.o)
                0x0000000000002244                vtimer_init

.text.vtimer_set_wakeup
                0x0000000000002288       0x28
 .text.vtimer_set_wakeup
                0x0000000000002288       0x28 /home/kushal/code/riot/RIOT/examples/led/bin/samr21-xpro/vtimer.a(vtimer.o)
                0x0000000000002288                vtimer_set_wakeup

.text.vtimer_sleep
                0x00000000000022b0       0x50
 .text.vtimer_sleep
                0x00000000000022b0       0x50 /home/kushal/code/riot/RIOT/examples/led/bin/samr21-xpro/vtimer.a(vtimer.o)
                0x00000000000022b0                vtimer_sleep

.text.vtimer_usleep
                0x0000000000002300       0x16
 .text.vtimer_usleep
                0x0000000000002300       0x16 /home/kushal/code/riot/RIOT/examples/led/bin/samr21-xpro/vtimer.a(vtimer.o)
                0x0000000000002300                vtimer_usleep

.text.vtimer_remove
                0x0000000000002318       0x34
 .text.vtimer_remove
                0x0000000000002318       0x34 /home/kushal/code/riot/RIOT/examples/led/bin/samr21-xpro/vtimer.a(vtimer.o)
                0x0000000000002318                vtimer_remove

.text.vtimer_set_msg
                0x000000000000234c       0x2c
 .text.vtimer_set_msg
                0x000000000000234c       0x2c /home/kushal/code/riot/RIOT/examples/led/bin/samr21-xpro/vtimer.a(vtimer.o)
                0x000000000000234c                vtimer_set_msg

.text.vtimer_msg_receive_timeout
                0x0000000000002378       0x60
 .text.vtimer_msg_receive_timeout
                0x0000000000002378       0x60 /home/kushal/code/riot/RIOT/examples/led/bin/samr21-xpro/vtimer.a(vtimer.o)
                0x0000000000002378                vtimer_msg_receive_timeout

.text.cortexm_init
                0x00000000000023d8       0x60
 .text.cortexm_init
                0x00000000000023d8       0x60 /home/kushal/code/riot/RIOT/examples/led/bin/samr21-xpro/cortexm_common.a(cortexm_init.o)
                0x00000000000023d8                cortexm_init

.text.__errno   0x0000000000002438        0xc
 .text.__errno  0x0000000000002438        0xc /usr/lib/gcc/arm-none-eabi/5.1.0/../../../../arm-none-eabi/lib/armv6-m/libc_nano.a(lib_a-errno.o)
                0x0000000000002438                __errno

.text.__libc_init_array
                0x0000000000002444       0x4c
 .text.__libc_init_array
                0x0000000000002444       0x4c /usr/lib/gcc/arm-none-eabi/5.1.0/../../../../arm-none-eabi/lib/armv6-m/libc_nano.a(lib_a-init.o)
                0x0000000000002444                __libc_init_array

.text.memcpy    0x0000000000002490       0x12
 .text.memcpy   0x0000000000002490       0x12 /usr/lib/gcc/arm-none-eabi/5.1.0/../../../../arm-none-eabi/lib/armv6-m/libc_nano.a(lib_a-memcpy.o)
                0x0000000000002490                memcpy

.text.memset    0x00000000000024a2       0x10
 .text.memset   0x00000000000024a2       0x10 /usr/lib/gcc/arm-none-eabi/5.1.0/../../../../arm-none-eabi/lib/armv6-m/libc_nano.a(lib_a-memset.o)
                0x00000000000024a2                memset

.text._printf_r
                0x00000000000024b2       0x28
 .text._printf_r
                0x00000000000024b2       0x28 /usr/lib/gcc/arm-none-eabi/5.1.0/../../../../arm-none-eabi/lib/armv6-m/libc_nano.a(lib_a-printf.o)
                0x00000000000024b2                _printf_r
                0x00000000000024b2                _iprintf_r

.text.printf    0x00000000000024dc       0x34
 .text.printf   0x00000000000024dc       0x34 /usr/lib/gcc/arm-none-eabi/5.1.0/../../../../arm-none-eabi/lib/armv6-m/libc_nano.a(lib_a-printf.o)
                0x00000000000024dc                printf
                0x00000000000024dc                iprintf

.text._puts_r   0x0000000000002510       0xc2
 .text._puts_r  0x0000000000002510       0xc2 /usr/lib/gcc/arm-none-eabi/5.1.0/../../../../arm-none-eabi/lib/armv6-m/libc_nano.a(lib_a-puts.o)
                0x0000000000002510                _puts_r

.text.puts      0x00000000000025d4       0x14
 .text.puts     0x00000000000025d4       0x14 /usr/lib/gcc/arm-none-eabi/5.1.0/../../../../arm-none-eabi/lib/armv6-m/libc_nano.a(lib_a-puts.o)
                0x00000000000025d4                puts

.text.__swbuf_r
                0x00000000000025e8       0xb0
 .text.__swbuf_r
                0x00000000000025e8       0xb0 /usr/lib/gcc/arm-none-eabi/5.1.0/../../../../arm-none-eabi/lib/armv6-m/libc_nano.a(lib_a-wbuf.o)
                0x00000000000025e8                __swbuf_r

.text.__swbuf   0x0000000000002698       0x14
 .text.__swbuf  0x0000000000002698       0x14 /usr/lib/gcc/arm-none-eabi/5.1.0/../../../../arm-none-eabi/lib/armv6-m/libc_nano.a(lib_a-wbuf.o)
                0x0000000000002698                __swbuf

.text.__swsetup_r
                0x00000000000026ac       0xe8
 .text.__swsetup_r
                0x00000000000026ac       0xe8 /usr/lib/gcc/arm-none-eabi/5.1.0/../../../../arm-none-eabi/lib/armv6-m/libc_nano.a(lib_a-wsetup.o)
                0x00000000000026ac                __swsetup_r

.text.__sflush_r
                0x0000000000002794      0x10c
 .text.__sflush_r
                0x0000000000002794      0x10c /usr/lib/gcc/arm-none-eabi/5.1.0/../../../../arm-none-eabi/lib/armv6-m/libc_nano.a(lib_a-fflush.o)
                0x0000000000002794                __sflush_r

.text._fflush_r
                0x00000000000028a0       0x58
 .text._fflush_r
                0x00000000000028a0       0x58 /usr/lib/gcc/arm-none-eabi/5.1.0/../../../../arm-none-eabi/lib/armv6-m/libc_nano.a(lib_a-fflush.o)
                0x00000000000028a0                _fflush_r

.text.fflush    0x00000000000028f8       0x28
 .text.fflush   0x00000000000028f8       0x28 /usr/lib/gcc/arm-none-eabi/5.1.0/../../../../arm-none-eabi/lib/armv6-m/libc_nano.a(lib_a-fflush.o)
                0x00000000000028f8                fflush

.text.__fp_unlock
                0x0000000000002920        0x4
 .text.__fp_unlock
                0x0000000000002920        0x4 /usr/lib/gcc/arm-none-eabi/5.1.0/../../../../arm-none-eabi/lib/armv6-m/libc_nano.a(lib_a-findfp.o)

.text._cleanup_r
                0x0000000000002924       0x10
 .text._cleanup_r
                0x0000000000002924       0x10 /usr/lib/gcc/arm-none-eabi/5.1.0/../../../../arm-none-eabi/lib/armv6-m/libc_nano.a(lib_a-findfp.o)
                0x0000000000002924                _cleanup_r

.text.std.isra.0
                0x0000000000002934       0x48
 .text.std.isra.0
                0x0000000000002934       0x48 /usr/lib/gcc/arm-none-eabi/5.1.0/../../../../arm-none-eabi/lib/armv6-m/libc_nano.a(lib_a-findfp.o)

.text.__fp_lock
                0x000000000000297c        0x4
 .text.__fp_lock
                0x000000000000297c        0x4 /usr/lib/gcc/arm-none-eabi/5.1.0/../../../../arm-none-eabi/lib/armv6-m/libc_nano.a(lib_a-findfp.o)

.text.__sfmoreglue
                0x0000000000002980       0x2c
 .text.__sfmoreglue
                0x0000000000002980       0x2c /usr/lib/gcc/arm-none-eabi/5.1.0/../../../../arm-none-eabi/lib/armv6-m/libc_nano.a(lib_a-findfp.o)
                0x0000000000002980                __sfmoreglue

.text._cleanup  0x00000000000029ac       0x10
 .text._cleanup
                0x00000000000029ac       0x10 /usr/lib/gcc/arm-none-eabi/5.1.0/../../../../arm-none-eabi/lib/armv6-m/libc_nano.a(lib_a-findfp.o)
                0x00000000000029ac                _cleanup

.text.__sinit   0x00000000000029bc       0x68
 .text.__sinit  0x00000000000029bc       0x68 /usr/lib/gcc/arm-none-eabi/5.1.0/../../../../arm-none-eabi/lib/armv6-m/libc_nano.a(lib_a-findfp.o)
                0x00000000000029bc                __sinit

.text.__sfp     0x0000000000002a24       0x7c
 .text.__sfp    0x0000000000002a24       0x7c /usr/lib/gcc/arm-none-eabi/5.1.0/../../../../arm-none-eabi/lib/armv6-m/libc_nano.a(lib_a-findfp.o)
                0x0000000000002a24                __sfp

.text.__sfp_lock_acquire
                0x0000000000002aa0        0x2
 .text.__sfp_lock_acquire
                0x0000000000002aa0        0x2 /usr/lib/gcc/arm-none-eabi/5.1.0/../../../../arm-none-eabi/lib/armv6-m/libc_nano.a(lib_a-findfp.o)
                0x0000000000002aa0                __sfp_lock_acquire

.text.__sfp_lock_release
                0x0000000000002aa2        0x2
 .text.__sfp_lock_release
                0x0000000000002aa2        0x2 /usr/lib/gcc/arm-none-eabi/5.1.0/../../../../arm-none-eabi/lib/armv6-m/libc_nano.a(lib_a-findfp.o)
                0x0000000000002aa2                __sfp_lock_release

.text.__sinit_lock_acquire
                0x0000000000002aa4        0x2
 .text.__sinit_lock_acquire
                0x0000000000002aa4        0x2 /usr/lib/gcc/arm-none-eabi/5.1.0/../../../../arm-none-eabi/lib/armv6-m/libc_nano.a(lib_a-findfp.o)
                0x0000000000002aa4                __sinit_lock_acquire

.text.__sinit_lock_release
                0x0000000000002aa6        0x2
 .text.__sinit_lock_release
                0x0000000000002aa6        0x2 /usr/lib/gcc/arm-none-eabi/5.1.0/../../../../arm-none-eabi/lib/armv6-m/libc_nano.a(lib_a-findfp.o)
                0x0000000000002aa6                __sinit_lock_release

.text.__fp_lock_all
                0x0000000000002aa8       0x18
 .text.__fp_lock_all
                0x0000000000002aa8       0x18 /usr/lib/gcc/arm-none-eabi/5.1.0/../../../../arm-none-eabi/lib/armv6-m/libc_nano.a(lib_a-findfp.o)
                0x0000000000002aa8                __fp_lock_all

.text.__fp_unlock_all
                0x0000000000002ac0       0x18
 .text.__fp_unlock_all
                0x0000000000002ac0       0x18 /usr/lib/gcc/arm-none-eabi/5.1.0/../../../../arm-none-eabi/lib/armv6-m/libc_nano.a(lib_a-findfp.o)
                0x0000000000002ac0                __fp_unlock_all

.text._fwalk    0x0000000000002ad8       0x38
 .text._fwalk   0x0000000000002ad8       0x38 /usr/lib/gcc/arm-none-eabi/5.1.0/../../../../arm-none-eabi/lib/armv6-m/libc_nano.a(lib_a-fwalk.o)
                0x0000000000002ad8                _fwalk

.text._fwalk_reent
                0x0000000000002b10       0x42
 .text._fwalk_reent
                0x0000000000002b10       0x42 /usr/lib/gcc/arm-none-eabi/5.1.0/../../../../arm-none-eabi/lib/armv6-m/libc_nano.a(lib_a-fwalk.o)
                0x0000000000002b10                _fwalk_reent

.text.__smakebuf_r
                0x0000000000002b54       0xa4
 .text.__smakebuf_r
                0x0000000000002b54       0xa4 /usr/lib/gcc/arm-none-eabi/5.1.0/../../../../arm-none-eabi/lib/armv6-m/libc_nano.a(lib_a-makebuf.o)
                0x0000000000002b54                __smakebuf_r

.text._free_r   0x0000000000002bf8       0x8c
 .text._free_r  0x0000000000002bf8       0x8c /usr/lib/gcc/arm-none-eabi/5.1.0/../../../../arm-none-eabi/lib/armv6-m/libc_nano.a(lib_a-nano-freer.o)
                0x0000000000002bf8                _free_r

.text._malloc_r
                0x0000000000002c84       0xac
 .text._malloc_r
                0x0000000000002c84       0xac /usr/lib/gcc/arm-none-eabi/5.1.0/../../../../arm-none-eabi/lib/armv6-m/libc_nano.a(lib_a-nano-mallocr.o)
                0x0000000000002c84                _malloc_r

.text.__sfputc_r
                0x0000000000002d30       0x2a
 .text.__sfputc_r
                0x0000000000002d30       0x2a /usr/lib/gcc/arm-none-eabi/5.1.0/../../../../arm-none-eabi/lib/armv6-m/libc_nano.a(lib_a-nano-vfprintf.o)

.text.__sfputs_r
                0x0000000000002d5a       0x24
 .text.__sfputs_r
                0x0000000000002d5a       0x24 /usr/lib/gcc/arm-none-eabi/5.1.0/../../../../arm-none-eabi/lib/armv6-m/libc_nano.a(lib_a-nano-vfprintf.o)
                0x0000000000002d5a                __sfputs_r

.text.__sprint_r
                0x0000000000002d7e       0x1c
 .text.__sprint_r
                0x0000000000002d7e       0x1c /usr/lib/gcc/arm-none-eabi/5.1.0/../../../../arm-none-eabi/lib/armv6-m/libc_nano.a(lib_a-nano-vfprintf.o)
                0x0000000000002d7e                __sprint_r

.text._vfprintf_r
                0x0000000000002d9c      0x238
 .text._vfprintf_r
                0x0000000000002d9c      0x238 /usr/lib/gcc/arm-none-eabi/5.1.0/../../../../arm-none-eabi/lib/armv6-m/libc_nano.a(lib_a-nano-vfprintf.o)
                0x0000000000002d9c                _vfiprintf_r
                0x0000000000002d9c                _vfprintf_r

.text.vfprintf  0x0000000000002fd4       0x18
 .text.vfprintf
                0x0000000000002fd4       0x18 /usr/lib/gcc/arm-none-eabi/5.1.0/../../../../arm-none-eabi/lib/armv6-m/libc_nano.a(lib_a-nano-vfprintf.o)
                0x0000000000002fd4                vfiprintf
                0x0000000000002fd4                vfprintf

.text._printf_common
                0x0000000000002fec       0xdc
 .text._printf_common
                0x0000000000002fec       0xdc /usr/lib/gcc/arm-none-eabi/5.1.0/../../../../arm-none-eabi/lib/armv6-m/libc_nano.a(lib_a-nano-vfprintf_i.o)
                0x0000000000002fec                _printf_common

.text._printf_i
                0x00000000000030c8      0x244
 .text._printf_i
                0x00000000000030c8      0x244 /usr/lib/gcc/arm-none-eabi/5.1.0/../../../../arm-none-eabi/lib/armv6-m/libc_nano.a(lib_a-nano-vfprintf_i.o)
                0x00000000000030c8                _printf_i

.text.__sread   0x000000000000330c       0x28
 .text.__sread  0x000000000000330c       0x28 /usr/lib/gcc/arm-none-eabi/5.1.0/../../../../arm-none-eabi/lib/armv6-m/libc_nano.a(lib_a-stdio.o)
                0x000000000000330c                __sread

.text.__seofread
                0x0000000000003334        0x4
 .text.__seofread
                0x0000000000003334        0x4 /usr/lib/gcc/arm-none-eabi/5.1.0/../../../../arm-none-eabi/lib/armv6-m/libc_nano.a(lib_a-stdio.o)
                0x0000000000003334                __seofread

.text.__swrite  0x0000000000003338       0x38
 .text.__swrite
                0x0000000000003338       0x38 /usr/lib/gcc/arm-none-eabi/5.1.0/../../../../arm-none-eabi/lib/armv6-m/libc_nano.a(lib_a-stdio.o)
                0x0000000000003338                __swrite

.text.__sseek   0x0000000000003370       0x2c
 .text.__sseek  0x0000000000003370       0x2c /usr/lib/gcc/arm-none-eabi/5.1.0/../../../../arm-none-eabi/lib/armv6-m/libc_nano.a(lib_a-stdio.o)
                0x0000000000003370                __sseek

.text.__sclose  0x000000000000339c        0xc
 .text.__sclose
                0x000000000000339c        0xc /usr/lib/gcc/arm-none-eabi/5.1.0/../../../../arm-none-eabi/lib/armv6-m/libc_nano.a(lib_a-stdio.o)
                0x000000000000339c                __sclose

.text.__sfvwrite_r
                0x00000000000033a8      0x2d0
 .text.__sfvwrite_r
                0x00000000000033a8      0x2d0 /usr/lib/gcc/arm-none-eabi/5.1.0/../../../../arm-none-eabi/lib/armv6-m/libc_nano.a(lib_a-fvwrite.o)
                0x00000000000033a8                __sfvwrite_r

.text.memchr    0x0000000000003678       0x16
 .text.memchr   0x0000000000003678       0x16 /usr/lib/gcc/arm-none-eabi/5.1.0/../../../../arm-none-eabi/lib/armv6-m/libc_nano.a(lib_a-memchr.o)
                0x0000000000003678                memchr

.text.memmove   0x000000000000368e       0x2a
 .text.memmove  0x000000000000368e       0x2a /usr/lib/gcc/arm-none-eabi/5.1.0/../../../../arm-none-eabi/lib/armv6-m/libc_nano.a(lib_a-memmove.o)
                0x000000000000368e                memmove

.text._realloc_r
                0x00000000000036b8       0x4c
 .text._realloc_r
                0x00000000000036b8       0x4c /usr/lib/gcc/arm-none-eabi/5.1.0/../../../../arm-none-eabi/lib/armv6-m/libc_nano.a(lib_a-nano-reallocr.o)
                0x00000000000036b8                _realloc_r

.text._malloc_usable_size_r
                0x0000000000003704       0x16
 .text._malloc_usable_size_r
                0x0000000000003704       0x16 /usr/lib/gcc/arm-none-eabi/5.1.0/../../../../arm-none-eabi/lib/armv6-m/libc_nano.a(lib_a-nano-msizer.o)
                0x0000000000003704                _malloc_usable_size_r

.rodata.str1.1  0x000000000000371a      0x224
 .rodata.str1.1
                0x000000000000371a       0x17 /home/kushal/code/riot/RIOT/examples/led/bin/samr21-xpro/newlib/syscalls.o
 .rodata.str1.1
                0x0000000000003731       0xd8 /home/kushal/code/riot/RIOT/examples/led/bin/samr21-xpro/core.a(kernel_init.o)
 .rodata.str1.1
                0x0000000000003809       0x11 /home/kushal/code/riot/RIOT/examples/led/bin/samr21-xpro/core.a(hwtimer.o)
 .rodata.str1.1
                0x000000000000381a       0x50 /home/kushal/code/riot/RIOT/examples/led/bin/samr21-xpro/core.a(lifo.o)
 .rodata.str1.1
                0x000000000000386a       0x71 /home/kushal/code/riot/RIOT/examples/led/bin/samr21-xpro/cortexm_common.a(thread_arch.o)
 .rodata.str1.1
                0x00000000000038db       0x18 /home/kushal/code/riot/RIOT/examples/led/bin/samr21-xpro/uart0.a(uart0.o)
 .rodata.str1.1
                0x00000000000038f3       0x16 /home/kushal/code/riot/RIOT/examples/led/bin/samr21-xpro/sys.a(chardev_thread.o)
 .rodata.str1.1
                0x0000000000003909        0x2 /usr/lib/gcc/arm-none-eabi/5.1.0/../../../../arm-none-eabi/lib/armv6-m/libc_nano.a(lib_a-impure.o)
 .rodata.str1.1
                0x000000000000390b       0x11 /usr/lib/gcc/arm-none-eabi/5.1.0/../../../../arm-none-eabi/lib/armv6-m/libc_nano.a(lib_a-nano-vfprintf.o)
 .rodata.str1.1
                0x000000000000391c       0x22 /usr/lib/gcc/arm-none-eabi/5.1.0/../../../../arm-none-eabi/lib/armv6-m/libc_nano.a(lib_a-nano-vfprintf_i.o)

.rodata._global_impure_ptr
                0x0000000000003940        0x4
 .rodata._global_impure_ptr
                0x0000000000003940        0x4 /usr/lib/gcc/arm-none-eabi/5.1.0/../../../../arm-none-eabi/lib/armv6-m/libc_nano.a(lib_a-impure.o)
                0x0000000000003940                _global_impure_ptr

.rodata.__sf_fake_stdin
                0x0000000000003944       0x20
 .rodata.__sf_fake_stdin
                0x0000000000003944       0x20 /usr/lib/gcc/arm-none-eabi/5.1.0/../../../../arm-none-eabi/lib/armv6-m/libc_nano.a(lib_a-findfp.o)
                0x0000000000003944                __sf_fake_stdin

.rodata.__sf_fake_stdout
                0x0000000000003964       0x20
 .rodata.__sf_fake_stdout
                0x0000000000003964       0x20 /usr/lib/gcc/arm-none-eabi/5.1.0/../../../../arm-none-eabi/lib/armv6-m/libc_nano.a(lib_a-findfp.o)
                0x0000000000003964                __sf_fake_stdout

.rodata.__sf_fake_stderr
                0x0000000000003984       0x20
 .rodata.__sf_fake_stderr
                0x0000000000003984       0x20 /usr/lib/gcc/arm-none-eabi/5.1.0/../../../../arm-none-eabi/lib/armv6-m/libc_nano.a(lib_a-findfp.o)
                0x0000000000003984                __sf_fake_stderr

.rel.dyn        0x00000000000039a4        0x0
 .rel.iplt      0x00000000000039a4        0x0 /home/kushal/code/riot/RIOT/examples/led/bin/samr21-xpro/newlib/syscalls.o
 .rel.got       0x00000000000039a4        0x0 /home/kushal/code/riot/RIOT/examples/led/bin/samr21-xpro/newlib/syscalls.o

.relocate       0x00000000000039a4        0x0
 *(.data)
 .data          0x00000000000039a4        0x0 /home/kushal/code/riot/RIOT/examples/led/bin/samr21-xpro/newlib/syscalls.o
 .data          0x00000000000039a4        0x0 /home/kushal/code/riot/RIOT/examples/led/bin/samr21-xpro/cpu/startup.o
 .data          0x00000000000039a4        0x0 /home/kushal/code/riot/RIOT/examples/led/bin/samr21-xpro/core.a(sched.o)
 .data          0x00000000000039a4        0x0 /home/kushal/code/riot/RIOT/examples/led/bin/samr21-xpro/core.a(clist.o)
 .data          0x00000000000039a4        0x0 /home/kushal/code/riot/RIOT/examples/led/bin/samr21-xpro/core.a(kernel_init.o)
 .data          0x00000000000039a4        0x0 /home/kushal/code/riot/RIOT/examples/led/bin/samr21-xpro/core.a(thread.o)
 .data          0x00000000000039a4        0x0 /home/kushal/code/riot/RIOT/examples/led/bin/samr21-xpro/core.a(hwtimer.o)
 .data          0x00000000000039a4        0x0 /home/kushal/code/riot/RIOT/examples/led/bin/samr21-xpro/core.a(bitarithm.o)
 .data          0x00000000000039a4        0x0 /home/kushal/code/riot/RIOT/examples/led/bin/samr21-xpro/core.a(mutex.o)
 .data          0x00000000000039a4        0x0 /home/kushal/code/riot/RIOT/examples/led/bin/samr21-xpro/core.a(atomic.o)
 .data          0x00000000000039a4        0x0 /home/kushal/code/riot/RIOT/examples/led/bin/samr21-xpro/core.a(priority_queue.o)
 .data          0x00000000000039a4        0x0 /home/kushal/code/riot/RIOT/examples/led/bin/samr21-xpro/core.a(lifo.o)
 .data          0x00000000000039a4        0x0 /home/kushal/code/riot/RIOT/examples/led/bin/samr21-xpro/cortexm_common.a(irq_arch.o)
 .data          0x00000000000039a4        0x0 /home/kushal/code/riot/RIOT/examples/led/bin/samr21-xpro/cortexm_common.a(thread_arch.o)
 .data          0x00000000000039a4        0x0 /home/kushal/code/riot/RIOT/examples/led/bin/samr21-xpro/cpu.a(lpm_arch.o)
 .data          0x00000000000039a4        0x0 /home/kushal/code/riot/RIOT/examples/led/bin/samr21-xpro/hwtimer_compat.a(hwtimer_arch.o)
 .data          0x00000000000039a4        0x0 /home/kushal/code/riot/RIOT/examples/led/bin/samr21-xpro/periph.a(uart.o)
 .data          0x00000000000039a4        0x0 /home/kushal/code/riot/RIOT/examples/led/bin/samr21-xpro/periph.a(timer.o)
 .data          0x00000000000039a4        0x0 /home/kushal/code/riot/RIOT/examples/led/bin/samr21-xpro/uart0.a(uart0.o)
 .data          0x00000000000039a4        0x0 /home/kushal/code/riot/RIOT/examples/led/bin/samr21-xpro/samr21-xpro_base.a(board.o)
 .data          0x00000000000039a4        0x0 /home/kushal/code/riot/RIOT/examples/led/bin/samr21-xpro/led.a(main.o)
 .data          0x00000000000039a4        0x0 /home/kushal/code/riot/RIOT/examples/led/bin/samr21-xpro/auto_init.a(auto_init.o)
 .data          0x00000000000039a4        0x0 /home/kushal/code/riot/RIOT/examples/led/bin/samr21-xpro/core.a(msg.o)
 .data          0x00000000000039a4        0x0 /home/kushal/code/riot/RIOT/examples/led/bin/samr21-xpro/core.a(ringbuffer.o)
 .data          0x00000000000039a4        0x0 /home/kushal/code/riot/RIOT/examples/led/bin/samr21-xpro/cpu.a(cpu.o)
 .data          0x00000000000039a4        0x0 /home/kushal/code/riot/RIOT/examples/led/bin/samr21-xpro/posix.a(posix_io.o)
 .data          0x00000000000039a4        0x0 /home/kushal/code/riot/RIOT/examples/led/bin/samr21-xpro/posix.a(unistd.o)
 .data          0x00000000000039a4        0x0 /home/kushal/code/riot/RIOT/examples/led/bin/samr21-xpro/posix.a(fd.o)
 .data          0x00000000000039a4        0x0 /home/kushal/code/riot/RIOT/examples/led/bin/samr21-xpro/sys.a(chardev_thread.o)
 .data          0x00000000000039a4        0x0 /home/kushal/code/riot/RIOT/examples/led/bin/samr21-xpro/timex.a(timex.o)
 .data          0x00000000000039a4        0x0 /home/kushal/code/riot/RIOT/examples/led/bin/samr21-xpro/vtimer.a(vtimer.o)
 .data          0x00000000000039a4        0x0 /home/kushal/code/riot/RIOT/examples/led/bin/samr21-xpro/cortexm_common.a(cortexm_init.o)
 .data          0x00000000000039a4        0x0 /usr/lib/gcc/arm-none-eabi/5.1.0/armv6-m/libgcc.a(_udivsi3.o)
 .data          0x00000000000039a4        0x0 /usr/lib/gcc/arm-none-eabi/5.1.0/armv6-m/libgcc.a(_dvmd_tls.o)
 .data          0x00000000000039a4        0x0 /usr/lib/gcc/arm-none-eabi/5.1.0/../../../../arm-none-eabi/lib/armv6-m/libc_nano.a(lib_a-errno.o)
 .data          0x00000000000039a4        0x0 /usr/lib/gcc/arm-none-eabi/5.1.0/../../../../arm-none-eabi/lib/armv6-m/libc_nano.a(lib_a-impure.o)
 .data          0x00000000000039a4        0x0 /usr/lib/gcc/arm-none-eabi/5.1.0/../../../../arm-none-eabi/lib/armv6-m/libc_nano.a(lib_a-init.o)
 .data          0x00000000000039a4        0x0 /usr/lib/gcc/arm-none-eabi/5.1.0/../../../../arm-none-eabi/lib/armv6-m/libc_nano.a(lib_a-memcpy.o)
 .data          0x00000000000039a4        0x0 /usr/lib/gcc/arm-none-eabi/5.1.0/../../../../arm-none-eabi/lib/armv6-m/libc_nano.a(lib_a-memset.o)
 .data          0x00000000000039a4        0x0 /usr/lib/gcc/arm-none-eabi/5.1.0/../../../../arm-none-eabi/lib/armv6-m/libc_nano.a(lib_a-printf.o)
 .data          0x00000000000039a4        0x0 /usr/lib/gcc/arm-none-eabi/5.1.0/../../../../arm-none-eabi/lib/armv6-m/libc_nano.a(lib_a-puts.o)
 .data          0x00000000000039a4        0x0 /usr/lib/gcc/arm-none-eabi/5.1.0/../../../../arm-none-eabi/lib/armv6-m/libc_nano.a(lib_a-wbuf.o)
 .data          0x00000000000039a4        0x0 /usr/lib/gcc/arm-none-eabi/5.1.0/../../../../arm-none-eabi/lib/armv6-m/libc_nano.a(lib_a-wsetup.o)
 .data          0x00000000000039a4        0x0 /usr/lib/gcc/arm-none-eabi/5.1.0/../../../../arm-none-eabi/lib/armv6-m/libc_nano.a(lib_a-fflush.o)
 .data          0x00000000000039a4        0x0 /usr/lib/gcc/arm-none-eabi/5.1.0/../../../../arm-none-eabi/lib/armv6-m/libc_nano.a(lib_a-findfp.o)
 .data          0x00000000000039a4        0x0 /usr/lib/gcc/arm-none-eabi/5.1.0/../../../../arm-none-eabi/lib/armv6-m/libc_nano.a(lib_a-fwalk.o)
 .data          0x00000000000039a4        0x0 /usr/lib/gcc/arm-none-eabi/5.1.0/../../../../arm-none-eabi/lib/armv6-m/libc_nano.a(lib_a-makebuf.o)
 .data          0x00000000000039a4        0x0 /usr/lib/gcc/arm-none-eabi/5.1.0/../../../../arm-none-eabi/lib/armv6-m/libc_nano.a(lib_a-nano-freer.o)
 .data          0x00000000000039a4        0x0 /usr/lib/gcc/arm-none-eabi/5.1.0/../../../../arm-none-eabi/lib/armv6-m/libc_nano.a(lib_a-nano-mallocr.o)
 .data          0x00000000000039a4        0x0 /usr/lib/gcc/arm-none-eabi/5.1.0/../../../../arm-none-eabi/lib/armv6-m/libc_nano.a(lib_a-nano-vfprintf.o)
 .data          0x00000000000039a4        0x0 /usr/lib/gcc/arm-none-eabi/5.1.0/../../../../arm-none-eabi/lib/armv6-m/libc_nano.a(lib_a-nano-vfprintf_i.o)
 .data          0x00000000000039a4        0x0 /usr/lib/gcc/arm-none-eabi/5.1.0/../../../../arm-none-eabi/lib/armv6-m/libc_nano.a(lib_a-stdio.o)
 .data          0x00000000000039a4        0x0 /usr/lib/gcc/arm-none-eabi/5.1.0/../../../../arm-none-eabi/lib/armv6-m/libc_nano.a(lib_a-fvwrite.o)
 .data          0x00000000000039a4        0x0 /usr/lib/gcc/arm-none-eabi/5.1.0/../../../../arm-none-eabi/lib/armv6-m/libc_nano.a(lib_a-memchr.o)
 .data          0x00000000000039a4        0x0 /usr/lib/gcc/arm-none-eabi/5.1.0/../../../../arm-none-eabi/lib/armv6-m/libc_nano.a(lib_a-memmove.o)
 .data          0x00000000000039a4        0x0 /usr/lib/gcc/arm-none-eabi/5.1.0/../../../../arm-none-eabi/lib/armv6-m/libc_nano.a(lib_a-nano-reallocr.o)
 .data          0x00000000000039a4        0x0 /usr/lib/gcc/arm-none-eabi/5.1.0/../../../../arm-none-eabi/lib/armv6-m/libc_nano.a(lib_a-nano-msizer.o)
 .data          0x00000000000039a4        0x0 /usr/lib/gcc/arm-none-eabi/5.1.0/armv6-m/libgcc.a(_divsi3.o)

.data.rel.heap_top
                0x00000000000039a4        0x4
 .data.rel.heap_top
                0x00000000000039a4        0x4 /home/kushal/code/riot/RIOT/examples/led/bin/samr21-xpro/newlib/syscalls.o
                0x00000000000039a4                heap_top

.igot.plt       0x00000000000039a8        0x0
 .igot.plt      0x00000000000039a8        0x0 /home/kushal/code/riot/RIOT/examples/led/bin/samr21-xpro/newlib/syscalls.o

.got            0x00000000000039a8       0x74
 .got           0x00000000000039a8       0x74 /home/kushal/code/riot/RIOT/examples/led/bin/samr21-xpro/newlib/syscalls.o

.got.plt        0x0000000000003a1c        0xc
 .got.plt       0x0000000000003a1c        0xc /home/kushal/code/riot/RIOT/examples/led/bin/samr21-xpro/newlib/syscalls.o
                0x0000000000003a1c                _GLOBAL_OFFSET_TABLE_

.vectors        0x0000000000003a28       0xb0
 .vectors       0x0000000000003a28       0xb0 /home/kushal/code/riot/RIOT/examples/led/bin/samr21-xpro/cpu/startup.o
                0x0000000000003a28                interrupt_vector

.data.rel.local.idle_name
                0x0000000000003ad8        0x4
 .data.rel.local.idle_name
                0x0000000000003ad8        0x4 /home/kushal/code/riot/RIOT/examples/led/bin/samr21-xpro/core.a(kernel_init.o)
                0x0000000000003ad8                idle_name

.data.rel.local.main_name
                0x0000000000003adc        0x4
 .data.rel.local.main_name
                0x0000000000003adc        0x4 /home/kushal/code/riot/RIOT/examples/led/bin/samr21-xpro/core.a(kernel_init.o)
                0x0000000000003adc                main_name

.data.hwtimer_id
                0x0000000000003ae0        0x4
 .data.hwtimer_id
                0x0000000000003ae0        0x4 /home/kushal/code/riot/RIOT/examples/led/bin/samr21-xpro/vtimer.a(vtimer.o)

.data.impure_data
                0x0000000000003ae4       0x60
 .data.impure_data
                0x0000000000003ae4       0x60 /usr/lib/gcc/arm-none-eabi/5.1.0/../../../../arm-none-eabi/lib/armv6-m/libc_nano.a(lib_a-impure.o)

.data._impure_ptr
                0x0000000000003b44        0x4
 .data._impure_ptr
                0x0000000000003b44        0x4 /usr/lib/gcc/arm-none-eabi/5.1.0/../../../../arm-none-eabi/lib/armv6-m/libc_nano.a(lib_a-impure.o)
                0x0000000000003b44                _impure_ptr

.bss            0x0000000000003b48        0x0
 *(.bss)
 .bss           0x0000000000003b48        0x0 /home/kushal/code/riot/RIOT/examples/led/bin/samr21-xpro/newlib/syscalls.o
 .bss           0x0000000000003b48        0x0 /home/kushal/code/riot/RIOT/examples/led/bin/samr21-xpro/cpu/startup.o
 .bss           0x0000000000003b48        0x0 /home/kushal/code/riot/RIOT/examples/led/bin/samr21-xpro/core.a(sched.o)
 .bss           0x0000000000003b48        0x0 /home/kushal/code/riot/RIOT/examples/led/bin/samr21-xpro/core.a(clist.o)
 .bss           0x0000000000003b48        0x0 /home/kushal/code/riot/RIOT/examples/led/bin/samr21-xpro/core.a(kernel_init.o)
 .bss           0x0000000000003b48        0x0 /home/kushal/code/riot/RIOT/examples/led/bin/samr21-xpro/core.a(thread.o)
 .bss           0x0000000000003b48        0x0 /home/kushal/code/riot/RIOT/examples/led/bin/samr21-xpro/core.a(hwtimer.o)
 .bss           0x0000000000003b48        0x0 /home/kushal/code/riot/RIOT/examples/led/bin/samr21-xpro/core.a(bitarithm.o)
 .bss           0x0000000000003b48        0x0 /home/kushal/code/riot/RIOT/examples/led/bin/samr21-xpro/core.a(mutex.o)
 .bss           0x0000000000003b48        0x0 /home/kushal/code/riot/RIOT/examples/led/bin/samr21-xpro/core.a(atomic.o)
 .bss           0x0000000000003b48        0x0 /home/kushal/code/riot/RIOT/examples/led/bin/samr21-xpro/core.a(priority_queue.o)
 .bss           0x0000000000003b48        0x0 /home/kushal/code/riot/RIOT/examples/led/bin/samr21-xpro/core.a(lifo.o)
 .bss           0x0000000000003b48        0x0 /home/kushal/code/riot/RIOT/examples/led/bin/samr21-xpro/cortexm_common.a(irq_arch.o)
 .bss           0x0000000000003b48        0x0 /home/kushal/code/riot/RIOT/examples/led/bin/samr21-xpro/cortexm_common.a(thread_arch.o)
 .bss           0x0000000000003b48        0x0 /home/kushal/code/riot/RIOT/examples/led/bin/samr21-xpro/cpu.a(lpm_arch.o)
 .bss           0x0000000000003b48        0x0 /home/kushal/code/riot/RIOT/examples/led/bin/samr21-xpro/hwtimer_compat.a(hwtimer_arch.o)
 .bss           0x0000000000003b48        0x0 /home/kushal/code/riot/RIOT/examples/led/bin/samr21-xpro/periph.a(uart.o)
 .bss           0x0000000000003b48        0x0 /home/kushal/code/riot/RIOT/examples/led/bin/samr21-xpro/periph.a(timer.o)
 .bss           0x0000000000003b48        0x0 /home/kushal/code/riot/RIOT/examples/led/bin/samr21-xpro/uart0.a(uart0.o)
 .bss           0x0000000000003b48        0x0 /home/kushal/code/riot/RIOT/examples/led/bin/samr21-xpro/samr21-xpro_base.a(board.o)
 .bss           0x0000000000003b48        0x0 /home/kushal/code/riot/RIOT/examples/led/bin/samr21-xpro/led.a(main.o)
 .bss           0x0000000000003b48        0x0 /home/kushal/code/riot/RIOT/examples/led/bin/samr21-xpro/auto_init.a(auto_init.o)
 .bss           0x0000000000003b48        0x0 /home/kushal/code/riot/RIOT/examples/led/bin/samr21-xpro/core.a(msg.o)
 .bss           0x0000000000003b48        0x0 /home/kushal/code/riot/RIOT/examples/led/bin/samr21-xpro/core.a(ringbuffer.o)
 .bss           0x0000000000003b48        0x0 /home/kushal/code/riot/RIOT/examples/led/bin/samr21-xpro/cpu.a(cpu.o)
 .bss           0x0000000000003b48        0x0 /home/kushal/code/riot/RIOT/examples/led/bin/samr21-xpro/posix.a(posix_io.o)
 .bss           0x0000000000003b48        0x0 /home/kushal/code/riot/RIOT/examples/led/bin/samr21-xpro/posix.a(unistd.o)
 .bss           0x0000000000003b48        0x0 /home/kushal/code/riot/RIOT/examples/led/bin/samr21-xpro/posix.a(fd.o)
 .bss           0x0000000000003b48        0x0 /home/kushal/code/riot/RIOT/examples/led/bin/samr21-xpro/sys.a(chardev_thread.o)
 .bss           0x0000000000003b48        0x0 /home/kushal/code/riot/RIOT/examples/led/bin/samr21-xpro/timex.a(timex.o)
 .bss           0x0000000000003b48        0x0 /home/kushal/code/riot/RIOT/examples/led/bin/samr21-xpro/vtimer.a(vtimer.o)
 .bss           0x0000000000003b48        0x0 /home/kushal/code/riot/RIOT/examples/led/bin/samr21-xpro/cortexm_common.a(cortexm_init.o)
 .bss           0x0000000000003b48        0x0 /usr/lib/gcc/arm-none-eabi/5.1.0/armv6-m/libgcc.a(_udivsi3.o)
 .bss           0x0000000000003b48        0x0 /usr/lib/gcc/arm-none-eabi/5.1.0/armv6-m/libgcc.a(_dvmd_tls.o)
 .bss           0x0000000000003b48        0x0 /usr/lib/gcc/arm-none-eabi/5.1.0/../../../../arm-none-eabi/lib/armv6-m/libc_nano.a(lib_a-errno.o)
 .bss           0x0000000000003b48        0x0 /usr/lib/gcc/arm-none-eabi/5.1.0/../../../../arm-none-eabi/lib/armv6-m/libc_nano.a(lib_a-impure.o)
 .bss           0x0000000000003b48        0x0 /usr/lib/gcc/arm-none-eabi/5.1.0/../../../../arm-none-eabi/lib/armv6-m/libc_nano.a(lib_a-init.o)
 .bss           0x0000000000003b48        0x0 /usr/lib/gcc/arm-none-eabi/5.1.0/../../../../arm-none-eabi/lib/armv6-m/libc_nano.a(lib_a-memcpy.o)
 .bss           0x0000000000003b48        0x0 /usr/lib/gcc/arm-none-eabi/5.1.0/../../../../arm-none-eabi/lib/armv6-m/libc_nano.a(lib_a-memset.o)
 .bss           0x0000000000003b48        0x0 /usr/lib/gcc/arm-none-eabi/5.1.0/../../../../arm-none-eabi/lib/armv6-m/libc_nano.a(lib_a-printf.o)
 .bss           0x0000000000003b48        0x0 /usr/lib/gcc/arm-none-eabi/5.1.0/../../../../arm-none-eabi/lib/armv6-m/libc_nano.a(lib_a-puts.o)
 .bss           0x0000000000003b48        0x0 /usr/lib/gcc/arm-none-eabi/5.1.0/../../../../arm-none-eabi/lib/armv6-m/libc_nano.a(lib_a-wbuf.o)
 .bss           0x0000000000003b48        0x0 /usr/lib/gcc/arm-none-eabi/5.1.0/../../../../arm-none-eabi/lib/armv6-m/libc_nano.a(lib_a-wsetup.o)
 .bss           0x0000000000003b48        0x0 /usr/lib/gcc/arm-none-eabi/5.1.0/../../../../arm-none-eabi/lib/armv6-m/libc_nano.a(lib_a-fflush.o)
 .bss           0x0000000000003b48        0x0 /usr/lib/gcc/arm-none-eabi/5.1.0/../../../../arm-none-eabi/lib/armv6-m/libc_nano.a(lib_a-findfp.o)
 .bss           0x0000000000003b48        0x0 /usr/lib/gcc/arm-none-eabi/5.1.0/../../../../arm-none-eabi/lib/armv6-m/libc_nano.a(lib_a-fwalk.o)
 .bss           0x0000000000003b48        0x0 /usr/lib/gcc/arm-none-eabi/5.1.0/../../../../arm-none-eabi/lib/armv6-m/libc_nano.a(lib_a-makebuf.o)
 .bss           0x0000000000003b48        0x0 /usr/lib/gcc/arm-none-eabi/5.1.0/../../../../arm-none-eabi/lib/armv6-m/libc_nano.a(lib_a-nano-freer.o)
 .bss           0x0000000000003b48        0x0 /usr/lib/gcc/arm-none-eabi/5.1.0/../../../../arm-none-eabi/lib/armv6-m/libc_nano.a(lib_a-nano-mallocr.o)
 .bss           0x0000000000003b48        0x0 /usr/lib/gcc/arm-none-eabi/5.1.0/../../../../arm-none-eabi/lib/armv6-m/libc_nano.a(lib_a-nano-vfprintf.o)
 .bss           0x0000000000003b48        0x0 /usr/lib/gcc/arm-none-eabi/5.1.0/../../../../arm-none-eabi/lib/armv6-m/libc_nano.a(lib_a-nano-vfprintf_i.o)
 .bss           0x0000000000003b48        0x0 /usr/lib/gcc/arm-none-eabi/5.1.0/../../../../arm-none-eabi/lib/armv6-m/libc_nano.a(lib_a-stdio.o)