Archive member included to satisfy reference by file (symbol)

/home/kushal/code/riot/RIOT/examples/led/bin/samr21-xpro/core.a(sched.o)
                              /home/kushal/code/riot/RIOT/examples/led/bin/samr21-xpro/newlib/syscalls.o (sched_active_pid)
/home/kushal/code/riot/RIOT/examples/led/bin/samr21-xpro/core.a(clist.o)
                              /home/kushal/code/riot/RIOT/examples/led/bin/samr21-xpro/core.a(sched.o) (clist_add)
/home/kushal/code/riot/RIOT/examples/led/bin/samr21-xpro/core.a(kernel_init.o)
                              /home/kushal/code/riot/RIOT/examples/led/bin/samr21-xpro/cpu/startup.o (kernel_init)
/home/kushal/code/riot/RIOT/examples/led/bin/samr21-xpro/core.a(thread.o)
                              /home/kushal/code/riot/RIOT/examples/led/bin/samr21-xpro/core.a(kernel_init.o) (thread_create)
/home/kushal/code/riot/RIOT/examples/led/bin/samr21-xpro/core.a(hwtimer.o)
                              /home/kushal/code/riot/RIOT/examples/led/bin/samr21-xpro/core.a(kernel_init.o) (hwtimer_init)
/home/kushal/code/riot/RIOT/examples/led/bin/samr21-xpro/core.a(bitarithm.o)
                              /home/kushal/code/riot/RIOT/examples/led/bin/samr21-xpro/core.a(sched.o) (bitarithm_lsb)
/home/kushal/code/riot/RIOT/examples/led/bin/samr21-xpro/core.a(mutex.o)
                              /home/kushal/code/riot/RIOT/examples/led/bin/samr21-xpro/core.a(hwtimer.o) (mutex_lock)
/home/kushal/code/riot/RIOT/examples/led/bin/samr21-xpro/core.a(atomic.o)
                              /home/kushal/code/riot/RIOT/examples/led/bin/samr21-xpro/core.a(mutex.o) (atomic_cas)
/home/kushal/code/riot/RIOT/examples/led/bin/samr21-xpro/core.a(priority_queue.o)
                              /home/kushal/code/riot/RIOT/examples/led/bin/samr21-xpro/core.a(mutex.o) (priority_queue_remove_head)
/home/kushal/code/riot/RIOT/examples/led/bin/samr21-xpro/core.a(lifo.o)
                              /home/kushal/code/riot/RIOT/examples/led/bin/samr21-xpro/core.a(hwtimer.o) (lifo_empty)
/home/kushal/code/riot/RIOT/examples/led/bin/samr21-xpro/cortexm_common.a(irq_arch.o)
                              /home/kushal/code/riot/RIOT/examples/led/bin/samr21-xpro/newlib/syscalls.o (irq_arch_disable)
/home/kushal/code/riot/RIOT/examples/led/bin/samr21-xpro/cortexm_common.a(thread_arch.o)
                              /home/kushal/code/riot/RIOT/examples/led/bin/samr21-xpro/core.a(thread.o) (thread_arch_stack_init)
/home/kushal/code/riot/RIOT/examples/led/bin/samr21-xpro/cpu.a(lpm_arch.o)
                              /home/kushal/code/riot/RIOT/examples/led/bin/samr21-xpro/core.a(kernel_init.o) (lpm_arch_set)
/home/kushal/code/riot/RIOT/examples/led/bin/samr21-xpro/hwtimer_compat.a(hwtimer_arch.o)
                              /home/kushal/code/riot/RIOT/examples/led/bin/samr21-xpro/core.a(hwtimer.o) (hwtimer_arch_init)
/home/kushal/code/riot/RIOT/examples/led/bin/samr21-xpro/periph.a(uart.o)
                              /home/kushal/code/riot/RIOT/examples/led/bin/samr21-xpro/newlib/syscalls.o (uart_write_blocking)
/home/kushal/code/riot/RIOT/examples/led/bin/samr21-xpro/periph.a(timer.o)
                              /home/kushal/code/riot/RIOT/examples/led/bin/samr21-xpro/hwtimer_compat.a(hwtimer_arch.o) (timer_set_absolute)
/home/kushal/code/riot/RIOT/examples/led/bin/samr21-xpro/uart0.a(uart0.o)
                              /home/kushal/code/riot/RIOT/examples/led/bin/samr21-xpro/newlib/syscalls.o (uart0_handle_incoming)
/home/kushal/code/riot/RIOT/examples/led/bin/samr21-xpro/samr21-xpro_base.a(board.o)
                              /home/kushal/code/riot/RIOT/examples/led/bin/samr21-xpro/cpu/startup.o (board_init)
/home/kushal/code/riot/RIOT/examples/led/bin/samr21-xpro/led.a(main.o)
                              /home/kushal/code/riot/RIOT/examples/led/bin/samr21-xpro/core.a(kernel_init.o) (main)
/home/kushal/code/riot/RIOT/examples/led/bin/samr21-xpro/auto_init.a(auto_init.o)
                              /home/kushal/code/riot/RIOT/examples/led/bin/samr21-xpro/core.a(kernel_init.o) (auto_init)
/home/kushal/code/riot/RIOT/examples/led/bin/samr21-xpro/core.a(msg.o)
                              /home/kushal/code/riot/RIOT/examples/led/bin/samr21-xpro/uart0.a(uart0.o) (msg_send_int)
/home/kushal/code/riot/RIOT/examples/led/bin/samr21-xpro/core.a(ringbuffer.o)
                              /home/kushal/code/riot/RIOT/examples/led/bin/samr21-xpro/uart0.a(uart0.o) (ringbuffer_add_one)
/home/kushal/code/riot/RIOT/examples/led/bin/samr21-xpro/cpu.a(cpu.o)
                              /home/kushal/code/riot/RIOT/examples/led/bin/samr21-xpro/samr21-xpro_base.a(board.o) (cpu_init)
/home/kushal/code/riot/RIOT/examples/led/bin/samr21-xpro/posix.a(posix_io.o)
                              /home/kushal/code/riot/RIOT/examples/led/bin/samr21-xpro/uart0.a(uart0.o) (posix_read)
/home/kushal/code/riot/RIOT/examples/led/bin/samr21-xpro/posix.a(unistd.o)
[...]
Memory Configuration

Name             Origin             Length             Attributes
rom              0x0000000000000000 0x0000000000040000 xr
ram              0x0000000020000000 0x0000000000008000 xrw
*default*        0x0000000000000000 0xffffffffffffffff

Linker script and memory map

LOAD /home/kushal/code/riot/RIOT/examples/led/bin/samr21-xpro/newlib/syscalls.o
LOAD /home/kushal/code/riot/RIOT/examples/led/bin/samr21-xpro/cpu/startup.o
START GROUP
LOAD /home/kushal/code/riot/RIOT/examples/led/bin/samr21-xpro/at86rf231.a
LOAD /home/kushal/code/riot/RIOT/examples/led/bin/samr21-xpro/auto_init.a
LOAD /home/kushal/code/riot/RIOT/examples/led/bin/samr21-xpro/core.a
LOAD /home/kushal/code/riot/RIOT/examples/led/bin/samr21-xpro/cortexm_common.a
LOAD /home/kushal/code/riot/RIOT/examples/led/bin/samr21-xpro/cpu.a
LOAD /home/kushal/code/riot/RIOT/examples/led/bin/samr21-xpro/hwtimer_compat.a
LOAD /home/kushal/code/riot/RIOT/examples/led/bin/samr21-xpro/ieee802154.a
LOAD /home/kushal/code/riot/RIOT/examples/led/bin/samr21-xpro/netdev_802154.a
LOAD /home/kushal/code/riot/RIOT/examples/led/bin/samr21-xpro/netdev_base.a
LOAD /home/kushal/code/riot/RIOT/examples/led/bin/samr21-xpro/periph.a
LOAD /home/kushal/code/riot/RIOT/examples/led/bin/samr21-xpro/posix.a
LOAD /home/kushal/code/riot/RIOT/examples/led/bin/samr21-xpro/ps.a
LOAD /home/kushal/code/riot/RIOT/examples/led/bin/samr21-xpro/shell.a
LOAD /home/kushal/code/riot/RIOT/examples/led/bin/samr21-xpro/shell_commands.a
LOAD /home/kushal/code/riot/RIOT/examples/led/bin/samr21-xpro/sys.a
LOAD /home/kushal/code/riot/RIOT/examples/led/bin/samr21-xpro/timex.a
LOAD /home/kushal/code/riot/RIOT/examples/led/bin/samr21-xpro/transceiver.a
LOAD /home/kushal/code/riot/RIOT/examples/led/bin/samr21-xpro/uart0.a
LOAD /home/kushal/code/riot/RIOT/examples/led/bin/samr21-xpro/vtimer.a
LOAD /home/kushal/code/riot/RIOT/examples/led/bin/samr21-xpro/samr21-xpro_base.a
LOAD /home/kushal/code/riot/RIOT/examples/led/bin/samr21-xpro/led.a
LOAD /usr/lib/gcc/arm-none-eabi/5.1.0/../../../../arm-none-eabi/lib/armv6-m/libm.a
END GROUP
LOAD /usr/lib/gcc/arm-none-eabi/5.1.0/armv6-m/libgcc.a
LOAD /usr/lib/gcc/arm-none-eabi/5.1.0/../../../../arm-none-eabi/lib/armv6-m/libc_nano.a
LOAD /usr/lib/gcc/arm-none-eabi/5.1.0/../../../../arm-none-eabi/lib/armv6-m/libnosys.a
START GROUP
LOAD /usr/lib/gcc/arm-none-eabi/5.1.0/armv6-m/libgcc.a
LOAD /usr/lib/gcc/arm-none-eabi/5.1.0/../../../../arm-none-eabi/lib/armv6-m/libc_nano.a
END GROUP
START GROUP
LOAD /usr/lib/gcc/arm-none-eabi/5.1.0/armv6-m/libgcc.a
LOAD /usr/lib/gcc/arm-none-eabi/5.1.0/../../../../arm-none-eabi/lib/armv6-m/libc_nano.a
END GROUP
                0x0000000000000200                STACK_SIZE = DEFINED (STACK_SIZE)?STACK_SIZE:0x200

.text           0x0000000000000000     0x3700
                0x0000000000000000                . = ALIGN (0x4)
                0x0000000000000000                _sfixed = .
 *(.vectors .vectors.*)
 .vectors       0x0000000000000000       0xb0 /home/kushal/code/riot/RIOT/examples/led/bin/samr21-xpro/cpu/startup.o
                0x0000000000000000                interrupt_vector
 *(.text .text.* .gnu.linkonce.t.*)
 .text          0x00000000000000b0        0x0 /home/kushal/code/riot/RIOT/examples/led/bin/samr21-xpro/newlib/syscalls.o
 .text.rx_cb    0x00000000000000b0       0x1c /home/kushal/code/riot/RIOT/examples/led/bin/samr21-xpro/newlib/syscalls.o
                0x00000000000000b0                rx_cb
 .text._init    0x00000000000000cc       0x18 /home/kushal/code/riot/RIOT/examples/led/bin/samr21-xpro/newlib/syscalls.o
                0x00000000000000cc                _init
 .text._fini    0x00000000000000e4        0x2 /home/kushal/code/riot/RIOT/examples/led/bin/samr21-xpro/newlib/syscalls.o
                0x00000000000000e4                _fini
 *fill*         0x00000000000000e6        0x2 
 .text._exit    0x00000000000000e8       0x28 /home/kushal/code/riot/RIOT/examples/led/bin/samr21-xpro/newlib/syscalls.o
                0x00000000000000e8                _exit
 .text._sbrk_r  0x0000000000000110       0x50 /home/kushal/code/riot/RIOT/examples/led/bin/samr21-xpro/newlib/syscalls.o
                0x0000000000000110                _sbrk_r
 .text._getpid  0x0000000000000160        0xc /home/kushal/code/riot/RIOT/examples/led/bin/samr21-xpro/newlib/syscalls.o
                0x0000000000000160                _getpid
 .text._kill_r  0x000000000000016c        0xa /home/kushal/code/riot/RIOT/examples/led/bin/samr21-xpro/newlib/syscalls.o
                0x000000000000016c                _kill_r
 .text._open_r  0x0000000000000176        0xa /home/kushal/code/riot/RIOT/examples/led/bin/samr21-xpro/newlib/syscalls.o
                0x0000000000000176                _open_r
 .text._read_r  0x0000000000000180        0xe /home/kushal/code/riot/RIOT/examples/led/bin/samr21-xpro/newlib/syscalls.o
                0x0000000000000180                _read_r
 .text._write_r
                0x000000000000018e       0x1c /home/kushal/code/riot/RIOT/examples/led/bin/samr21-xpro/newlib/syscalls.o
                0x000000000000018e                _write_r
 .text._close_r
                0x00000000000001aa        0xa /home/kushal/code/riot/RIOT/examples/led/bin/samr21-xpro/newlib/syscalls.o
                0x00000000000001aa                _close_r
 .text._lseek_r
                0x00000000000001b4        0xa /home/kushal/code/riot/RIOT/examples/led/bin/samr21-xpro/newlib/syscalls.o
                0x00000000000001b4                _lseek_r
 .text._fstat_r
                0x00000000000001be        0xa /home/kushal/code/riot/RIOT/examples/led/bin/samr21-xpro/newlib/syscalls.o
                0x00000000000001be                _fstat_r
 .text._stat_r  0x00000000000001c8        0xa /home/kushal/code/riot/RIOT/examples/led/bin/samr21-xpro/newlib/syscalls.o
                0x00000000000001c8                _stat_r
 .text._isatty_r
                0x00000000000001d2        0xe /home/kushal/code/riot/RIOT/examples/led/bin/samr21-xpro/newlib/syscalls.o
                0x00000000000001d2                _isatty_r
 .text._unlink_r
                0x00000000000001e0        0xa /home/kushal/code/riot/RIOT/examples/led/bin/samr21-xpro/newlib/syscalls.o
                0x00000000000001e0                _unlink_r
 .text._kill    0x00000000000001ea       0x10 /home/kushal/code/riot/RIOT/examples/led/bin/samr21-xpro/newlib/syscalls.o
                0x00000000000001ea                _kill
 .text          0x00000000000001fa        0x0 /home/kushal/code/riot/RIOT/examples/led/bin/samr21-xpro/cpu/startup.o
 .text.isr_usage_fault
                0x00000000000001fa        0x4 /home/kushal/code/riot/RIOT/examples/led/bin/samr21-xpro/cpu/startup.o
                0x00000000000001fa                isr_usage_fault
 *fill*         0x00000000000001fe        0x2 
 .text.reset_handler
                0x0000000000000200       0x48 /home/kushal/code/riot/RIOT/examples/led/bin/samr21-xpro/cpu/startup.o
                0x0000000000000200                reset_handler
 .text.isr_bus_fault
                0x0000000000000248        0x4 /home/kushal/code/riot/RIOT/examples/led/bin/samr21-xpro/cpu/startup.o
                0x0000000000000248                isr_bus_fault
 .text.dummy_handler
                0x000000000000024c        0x4 /home/kushal/code/riot/RIOT/examples/led/bin/samr21-xpro/cpu/startup.o
                0x000000000000024c                isr_evsys
                0x000000000000024c                isr_dac
                0x000000000000024c                isr_tc6
                0x000000000000024c                isr_eic
                0x000000000000024c                isr_ptc
                0x000000000000024c                isr_dmac
                0x000000000000024c                isr_sercom5
                0x000000000000024c                isr_tc7
                0x000000000000024c                isr_sysctrl
                0x000000000000024c                isr_tcc0
                0x000000000000024c                isr_pm
                0x000000000000024c                isr_tc5
                0x000000000000024c                dummy_handler
                0x000000000000024c                isr_adc
                0x000000000000024c                isr_wdt
                0x000000000000024c                isr_sercom3
                0x000000000000024c                isr_ac
                0x000000000000024c                isr_tcc2
                0x000000000000024c                isr_i2c
                0x000000000000024c                isr_rtc
                0x000000000000024c                isr_usb
                0x000000000000024c                isr_sercom2
                0x000000000000024c                isr_sercom4
                0x000000000000024c                isr_nvmctrl
                0x000000000000024c                isr_tcc1
                0x000000000000024c                isr_sercom1
                0x000000000000024c                isr_systick
 .text.isr_nmi  0x0000000000000250        0x4 /home/kushal/code/riot/RIOT/examples/led/bin/samr21-xpro/cpu/startup.o
                0x0000000000000250                isr_nmi
 .text.isr_mem_manage
                0x0000000000000254        0x4 /home/kushal/code/riot/RIOT/examples/led/bin/samr21-xpro/cpu/startup.o
                0x0000000000000254                isr_mem_manage
 .text.isr_debug_mon
                0x0000000000000258        0x4 /home/kushal/code/riot/RIOT/examples/led/bin/samr21-xpro/cpu/startup.o
                0x0000000000000258                isr_debug_mon
 .text.isr_hard_fault
                0x000000000000025c        0x4 /home/kushal/code/riot/RIOT/examples/led/bin/samr21-xpro/cpu/startup.o
                0x000000000000025c                isr_hard_fault
 .text          0x0000000000000260        0x0 /home/kushal/code/riot/RIOT/examples/led/bin/samr21-xpro/core.a(sched.o)
 .text.sched_run
                0x0000000000000260       0x54 /home/kushal/code/riot/RIOT/examples/led/bin/samr21-xpro/core.a(sched.o)
                0x0000000000000260                sched_run
 .text.sched_set_status
                0x00000000000002b4       0x68 /home/kushal/code/riot/RIOT/examples/led/bin/samr21-xpro/core.a(sched.o)
                0x00000000000002b4                sched_set_status
 .text.sched_switch
                0x000000000000031c       0x30 /home/kushal/code/riot/RIOT/examples/led/bin/samr21-xpro/core.a(sched.o)
                0x000000000000031c                sched_switch
 .text.sched_task_exit
                0x000000000000034c       0x3c /home/kushal/code/riot/RIOT/examples/led/bin/samr21-xpro/core.a(sched.o)
                0x000000000000034c                sched_task_exit
 .text          0x0000000000000388        0x0 /home/kushal/code/riot/RIOT/examples/led/bin/samr21-xpro/core.a(clist.o)
 .text.clist_add
                0x0000000000000388       0x2c /home/kushal/code/riot/RIOT/examples/led/bin/samr21-xpro/core.a(clist.o)
                0x0000000000000388                clist_add
 .text.clist_remove
                0x00000000000003b4       0x1c /home/kushal/code/riot/RIOT/examples/led/bin/samr21-xpro/core.a(clist.o)
                0x00000000000003b4                clist_remove
 .text          0x00000000000003d0        0x0 /home/kushal/code/riot/RIOT/examples/led/bin/samr21-xpro/core.a(kernel_init.o)
 .text.main_trampoline
                0x00000000000003d0        0xe /home/kushal/code/riot/RIOT/examples/led/bin/samr21-xpro/core.a(kernel_init.o)
 *fill*         0x00000000000003de        0x2 
 .text.idle_thread
                0x00000000000003e0       0x14 /home/kushal/code/riot/RIOT/examples/led/bin/samr21-xpro/core.a(kernel_init.o)
 .text.kernel_init
                0x00000000000003f4       0x94 /home/kushal/code/riot/RIOT/examples/led/bin/samr21-xpro/core.a(kernel_init.o)
                0x00000000000003f4                kernel_init
 .text          0x0000000000000488        0x0 /home/kushal/code/riot/RIOT/examples/led/bin/samr21-xpro/core.a(thread.o)
 .text.thread_get
                0x0000000000000488       0x18 /home/kushal/code/riot/RIOT/examples/led/bin/samr21-xpro/core.a(thread.o)
                0x0000000000000488                thread_get
 .text.thread_getstatus
                0x00000000000004a0       0x16 /home/kushal/code/riot/RIOT/examples/led/bin/samr21-xpro/core.a(thread.o)
                0x00000000000004a0                thread_getstatus
 .text.thread_getname
                0x00000000000004b6        0xe /home/kushal/code/riot/RIOT/examples/led/bin/samr21-xpro/core.a(thread.o)
                0x00000000000004b6                thread_getname
 .text.thread_sleep
                0x00000000000004c4       0x2c /home/kushal/code/riot/RIOT/examples/led/bin/samr21-xpro/core.a(thread.o)
                0x00000000000004c4                thread_sleep
 .text.thread_wakeup
                0x00000000000004f0       0x44 /home/kushal/code/riot/RIOT/examples/led/bin/samr21-xpro/core.a(thread.o)
                0x00000000000004f0                thread_wakeup
 .text.thread_yield
                0x0000000000000534       0x30 /home/kushal/code/riot/RIOT/examples/led/bin/samr21-xpro/core.a(thread.o)
                0x0000000000000534                thread_yield
 .text.thread_measure_stack_free
                0x0000000000000564       0x10 /home/kushal/code/riot/RIOT/examples/led/bin/samr21-xpro/core.a(thread.o)
                0x0000000000000564                thread_measure_stack_free
 .text.thread_create
                0x0000000000000574       0xfc /home/kushal/code/riot/RIOT/examples/led/bin/samr21-xpro/core.a(thread.o)
                0x0000000000000574                thread_create
 .text          0x0000000000000670        0x0 /home/kushal/code/riot/RIOT/examples/led/bin/samr21-xpro/core.a(hwtimer.o)
 .text.multiplexer
                0x0000000000000670       0x30 /home/kushal/code/riot/RIOT/examples/led/bin/samr21-xpro/core.a(hwtimer.o)
 .text.hwtimer_releasemutex
                0x00000000000006a0        0x8 /home/kushal/code/riot/RIOT/examples/led/bin/samr21-xpro/core.a(hwtimer.o)
 .text._hwtimer_set
                0x00000000000006a8       0x6c /home/kushal/code/riot/RIOT/examples/led/bin/samr21-xpro/core.a(hwtimer.o)
 .text.hwtimer_spin
                0x0000000000000714       0x22 /home/kushal/code/riot/RIOT/examples/led/bin/samr21-xpro/core.a(hwtimer.o)
                0x0000000000000714                hwtimer_spin
 *fill*         0x0000000000000736        0x2 
 .text.hwtimer_init_comp
                0x0000000000000738       0x30 /home/kushal/code/riot/RIOT/examples/led/bin/samr21-xpro/core.a(hwtimer.o)
                0x0000000000000738                hwtimer_init_comp
 .text.hwtimer_init
                0x0000000000000768       0x10 /home/kushal/code/riot/RIOT/examples/led/bin/samr21-xpro/core.a(hwtimer.o)
                0x0000000000000768                hwtimer_init
 .text.hwtimer_active
                0x0000000000000778       0x14 /home/kushal/code/riot/RIOT/examples/led/bin/samr21-xpro/core.a(hwtimer.o)
                0x0000000000000778                hwtimer_active
 .text.hwtimer_now
                0x000000000000078c        0x8 /home/kushal/code/riot/RIOT/examples/led/bin/samr21-xpro/core.a(hwtimer.o)
                0x000000000000078c                hwtimer_now
 .text.hwtimer_set
                0x0000000000000794        0xa /home/kushal/code/riot/RIOT/examples/led/bin/samr21-xpro/core.a(hwtimer.o)
                0x0000000000000794                hwtimer_set
 *fill*         0x000000000000079e        0x2 
 .text.hwtimer_wait
                0x00000000000007a0       0x44 /home/kushal/code/riot/RIOT/examples/led/bin/samr21-xpro/core.a(hwtimer.o)
                0x00000000000007a0                hwtimer_wait
 .text.hwtimer_set_absolute
                0x00000000000007e4        0xa /home/kushal/code/riot/RIOT/examples/led/bin/samr21-xpro/core.a(hwtimer.o)
                0x00000000000007e4                hwtimer_set_absolute
 *fill*         0x00000000000007ee        0x2 
 .text.hwtimer_remove
                0x00000000000007f0       0x40 /home/kushal/code/riot/RIOT/examples/led/bin/samr21-xpro/core.a(hwtimer.o)
                0x00000000000007f0                hwtimer_remove
 .text          0x0000000000000830        0x0 /home/kushal/code/riot/RIOT/examples/led/bin/samr21-xpro/core.a(bitarithm.o)
 .text.bitarithm_msb
                0x0000000000000830        0xe /home/kushal/code/riot/RIOT/examples/led/bin/samr21-xpro/core.a(bitarithm.o)
                0x0000000000000830                bitarithm_msb
 .text.bitarithm_lsb
                0x000000000000083e       0x12 /home/kushal/code/riot/RIOT/examples/led/bin/samr21-xpro/core.a(bitarithm.o)
                0x000000000000083e                bitarithm_lsb
 .text.bitarithm_bits_set
                0x0000000000000850       0x12 /home/kushal/code/riot/RIOT/examples/led/bin/samr21-xpro/core.a(bitarithm.o)
                0x0000000000000850                bitarithm_bits_set
 .text          0x0000000000000862        0x0 /home/kushal/code/riot/RIOT/examples/led/bin/samr21-xpro/core.a(mutex.o)
 .text.atomic_set_to_one
                0x0000000000000862       0x1e /home/kushal/code/riot/RIOT/examples/led/bin/samr21-xpro/core.a(mutex.o)
 .text.mutex_trylock
                0x0000000000000880        0x8 /home/kushal/code/riot/RIOT/examples/led/bin/samr21-xpro/core.a(mutex.o)
                0x0000000000000880                mutex_trylock
 .text.mutex_lock
                0x0000000000000888       0x54 /home/kushal/code/riot/RIOT/examples/led/bin/samr21-xpro/core.a(mutex.o)
                0x0000000000000888                mutex_lock
 .text.mutex_unlock
                0x00000000000008dc       0x36 /home/kushal/code/riot/RIOT/examples/led/bin/samr21-xpro/core.a(mutex.o)
                0x00000000000008dc                mutex_unlock
 *fill*         0x0000000000000912        0x2 
 .text.mutex_unlock_and_sleep
                0x0000000000000914       0x40 /home/kushal/code/riot/RIOT/examples/led/bin/samr21-xpro/core.a(mutex.o)
                0x0000000000000914                mutex_unlock_and_sleep
 .text          0x0000000000000954        0x0 /home/kushal/code/riot/RIOT/examples/led/bin/samr21-xpro/core.a(atomic.o)
 .text.atomic_cas
                0x0000000000000954       0x24 /home/kushal/code/riot/RIOT/examples/led/bin/samr21-xpro/core.a(atomic.o)
                0x0000000000000954                atomic_cas
 .text          0x0000000000000978        0x0 /home/kushal/code/riot/RIOT/examples/led/bin/samr21-xpro/core.a(priority_queue.o)
 .text.priority_queue_remove
                0x0000000000000978       0x1a /home/kushal/code/riot/RIOT/examples/led/bin/samr21-xpro/core.a(priority_queue.o)
                0x0000000000000978                priority_queue_remove
 .text.priority_queue_remove_head
                0x0000000000000992        0xe /home/kushal/code/riot/RIOT/examples/led/bin/samr21-xpro/core.a(priority_queue.o)
                0x0000000000000992                priority_queue_remove_head
 .text.priority_queue_add
                0x00000000000009a0       0x20 /home/kushal/code/riot/RIOT/examples/led/bin/samr21-xpro/core.a(priority_queue.o)
                0x00000000000009a0                priority_queue_add
 .text          0x00000000000009c0        0x0 /home/kushal/code/riot/RIOT/examples/led/bin/samr21-xpro/core.a(lifo.o)
 .text.lifo_empty
                0x00000000000009c0        0xa /home/kushal/code/riot/RIOT/examples/led/bin/samr21-xpro/core.a(lifo.o)
                0x00000000000009c0                lifo_empty
 .text.lifo_init
                0x00000000000009ca       0x16 /home/kushal/code/riot/RIOT/examples/led/bin/samr21-xpro/core.a(lifo.o)
                0x00000000000009ca                lifo_init
 .text.lifo_insert
                0x00000000000009e0       0x2c /home/kushal/code/riot/RIOT/examples/led/bin/samr21-xpro/core.a(lifo.o)
                0x00000000000009e0                lifo_insert
 .text.lifo_get
                0x0000000000000a0c       0x1a /home/kushal/code/riot/RIOT/examples/led/bin/samr21-xpro/core.a(lifo.o)
                0x0000000000000a0c                lifo_get
 .text          0x0000000000000a26        0x0 /home/kushal/code/riot/RIOT/examples/led/bin/samr21-xpro/cortexm_common.a(irq_arch.o)
 .text.irq_arch_disable
                0x0000000000000a26        0x8 /home/kushal/code/riot/RIOT/examples/led/bin/samr21-xpro/cortexm_common.a(irq_arch.o)
                0x0000000000000a26                irq_arch_disable
 .text.irq_arch_enable
                0x0000000000000a2e        0x8 /home/kushal/code/riot/RIOT/examples/led/bin/samr21-xpro/cortexm_common.a(irq_arch.o)
                0x0000000000000a2e                irq_arch_enable
 .text.irq_arch_restore
                0x0000000000000a36        0x6 /home/kushal/code/riot/RIOT/examples/led/bin/samr21-xpro/cortexm_common.a(irq_arch.o)
                0x0000000000000a36                irq_arch_restore
 .text.irq_arch_in
                0x0000000000000a3c        0x8 /home/kushal/code/riot/RIOT/examples/led/bin/samr21-xpro/cortexm_common.a(irq_arch.o)
                0x0000000000000a3c                irq_arch_in
 .text          0x0000000000000a44        0x0 /home/kushal/code/riot/RIOT/examples/led/bin/samr21-xpro/cortexm_common.a(thread_arch.o)
 .text.thread_arch_stack_init
                0x0000000000000a44       0x90 /home/kushal/code/riot/RIOT/examples/led/bin/samr21-xpro/cortexm_common.a(thread_arch.o)
                0x0000000000000a44                thread_arch_stack_init
 .text.thread_arch_stack_print
                0x0000000000000ad4       0x58 /home/kushal/code/riot/RIOT/examples/led/bin/samr21-xpro/cortexm_common.a(thread_arch.o)
                0x0000000000000ad4                thread_arch_stack_print
 .text.thread_arch_start_threading
                0x0000000000000b2c        0x8 /home/kushal/code/riot/RIOT/examples/led/bin/samr21-xpro/cortexm_common.a(thread_arch.o)
                0x0000000000000b2c                thread_arch_start_threading
 .text.thread_arch_yield
                0x0000000000000b34       0x14 /home/kushal/code/riot/RIOT/examples/led/bin/samr21-xpro/cortexm_common.a(thread_arch.o)
                0x0000000000000b34                thread_arch_yield
 .text.arch_context_switch
                0x0000000000000b48       0x4c /home/kushal/code/riot/RIOT/examples/led/bin/samr21-xpro/cortexm_common.a(thread_arch.o)
                0x0000000000000b48                isr_pendsv
                0x0000000000000b48                arch_context_switch
                0x0000000000000b68                isr_svc
 .text          0x0000000000000b94        0x0 /home/kushal/code/riot/RIOT/examples/led/bin/samr21-xpro/cpu.a(lpm_arch.o)
 .text.lpm_arch_init
                0x0000000000000b94        0x2 /home/kushal/code/riot/RIOT/examples/led/bin/samr21-xpro/cpu.a(lpm_arch.o)
                0x0000000000000b94                lpm_arch_init
 .text.lpm_arch_set
                0x0000000000000b96        0x4 /home/kushal/code/riot/RIOT/examples/led/bin/samr21-xpro/cpu.a(lpm_arch.o)
                0x0000000000000b96                lpm_arch_set
 .text.lpm_arch_get
                0x0000000000000b9a        0x4 /home/kushal/code/riot/RIOT/examples/led/bin/samr21-xpro/cpu.a(lpm_arch.o)
                0x0000000000000b9a                lpm_arch_get
 .text.lpm_arch_awake
                0x0000000000000b9e        0x2 /home/kushal/code/riot/RIOT/examples/led/bin/samr21-xpro/cpu.a(lpm_arch.o)
                0x0000000000000b9e                lpm_arch_awake
 .text.lpm_arch_begin_awake
                0x0000000000000ba0        0x2 /home/kushal/code/riot/RIOT/examples/led/bin/samr21-xpro/cpu.a(lpm_arch.o)
                0x0000000000000ba0                lpm_arch_begin_awake
 .text.lpm_arch_end_awake
                0x0000000000000ba2        0x2 /home/kushal/code/riot/RIOT/examples/led/bin/samr21-xpro/cpu.a(lpm_arch.o)
                0x0000000000000ba2                lpm_arch_end_awake
 .text          0x0000000000000ba4        0x0 /home/kushal/code/riot/RIOT/examples/led/bin/samr21-xpro/hwtimer_compat.a(hwtimer_arch.o)
 .text.irq_handler
                0x0000000000000ba4       0x10 /home/kushal/code/riot/RIOT/examples/led/bin/samr21-xpro/hwtimer_compat.a(hwtimer_arch.o)
                0x0000000000000ba4                irq_handler
 .text.hwtimer_arch_init
                0x0000000000000bb4       0x1c /home/kushal/code/riot/RIOT/examples/led/bin/samr21-xpro/hwtimer_compat.a(hwtimer_arch.o)
                0x0000000000000bb4                hwtimer_arch_init
 .text.hwtimer_arch_enable_interrupt
                0x0000000000000bd0        0xa /home/kushal/code/riot/RIOT/examples/led/bin/samr21-xpro/hwtimer_compat.a(hwtimer_arch.o)
                0x0000000000000bd0                hwtimer_arch_enable_interrupt
 .text.hwtimer_arch_disable_interrupt
                0x0000000000000bda        0xa /home/kushal/code/riot/RIOT/examples/led/bin/samr21-xpro/hwtimer_compat.a(hwtimer_arch.o)
                0x0000000000000bda                hwtimer_arch_disable_interrupt
 .text.hwtimer_arch_set
                0x0000000000000be4        0xc /home/kushal/code/riot/RIOT/examples/led/bin/samr21-xpro/hwtimer_compat.a(hwtimer_arch.o)
                0x0000000000000be4                hwtimer_arch_set
 .text.hwtimer_arch_set_absolute
                0x0000000000000bf0        0xc /home/kushal/code/riot/RIOT/examples/led/bin/samr21-xpro/hwtimer_compat.a(hwtimer_arch.o)
                0x0000000000000bf0                hwtimer_arch_set_absolute
 .text.hwtimer_arch_unset
                0x0000000000000bfc        0xc /home/kushal/code/riot/RIOT/examples/led/bin/samr21-xpro/hwtimer_compat.a(hwtimer_arch.o)
                0x0000000000000bfc                hwtimer_arch_unset
 .text.hwtimer_arch_now
                0x0000000000000c08        0xa /home/kushal/code/riot/RIOT/examples/led/bin/samr21-xpro/hwtimer_compat.a(hwtimer_arch.o)
                0x0000000000000c08                hwtimer_arch_now
 .text          0x0000000000000c12        0x0 /home/kushal/code/riot/RIOT/examples/led/bin/samr21-xpro/periph.a(uart.o)
 .text.uart_tx_begin
                0x0000000000000c12        0x2 /home/kushal/code/riot/RIOT/examples/led/bin/samr21-xpro/periph.a(uart.o)
                0x0000000000000c12                uart_tx_begin
 .text.uart_tx_end
                0x0000000000000c14        0x2 /home/kushal/code/riot/RIOT/examples/led/bin/samr21-xpro/periph.a(uart.o)
                0x0000000000000c14                uart_tx_end
 *fill*         0x0000000000000c16        0x2 
 .text.uart_write
                0x0000000000000c18       0x14 /home/kushal/code/riot/RIOT/examples/led/bin/samr21-xpro/periph.a(uart.o)
                0x0000000000000c18                uart_write
 .text.uart_read_blocking
                0x0000000000000c2c       0x1c /home/kushal/code/riot/RIOT/examples/led/bin/samr21-xpro/periph.a(uart.o)
                0x0000000000000c2c                uart_read_blocking
 .text.uart_write_blocking
                0x0000000000000c48       0x1c /home/kushal/code/riot/RIOT/examples/led/bin/samr21-xpro/periph.a(uart.o)
                0x0000000000000c48                uart_write_blocking
 .text.uart_poweron
                0x0000000000000c64       0x18 /home/kushal/code/riot/RIOT/examples/led/bin/samr21-xpro/periph.a(uart.o)
                0x0000000000000c64                uart_poweron
 .text.uart_init_blocking
                0x0000000000000c7c       0xb4 /home/kushal/code/riot/RIOT/examples/led/bin/samr21-xpro/periph.a(uart.o)
                0x0000000000000c7c                uart_init_blocking
 .text.uart_init
                0x0000000000000d30       0x5c /home/kushal/code/riot/RIOT/examples/led/bin/samr21-xpro/periph.a(uart.o)
                0x0000000000000d30                uart_init
 .text.uart_poweroff
                0x0000000000000d8c       0x18 /home/kushal/code/riot/RIOT/examples/led/bin/samr21-xpro/periph.a(uart.o)
                0x0000000000000d8c                uart_poweroff
 .text.isr_sercom0
                0x0000000000000da4       0x60 /home/kushal/code/riot/RIOT/examples/led/bin/samr21-xpro/periph.a(uart.o)
                0x0000000000000da4                isr_sercom0
 .text          0x0000000000000e04        0x0 /home/kushal/code/riot/RIOT/examples/led/bin/samr21-xpro/periph.a(timer.o)
 .text.timer_set_absolute
                0x0000000000000e04       0x80 /home/kushal/code/riot/RIOT/examples/led/bin/samr21-xpro/periph.a(timer.o)
                0x0000000000000e04                timer_set_absolute
 .text.timer_clear
                0x0000000000000e84       0x6c /home/kushal/code/riot/RIOT/examples/led/bin/samr21-xpro/periph.a(timer.o)
                0x0000000000000e84                timer_clear
 .text.timer_read
                0x0000000000000ef0       0x40 /home/kushal/code/riot/RIOT/examples/led/bin/samr21-xpro/periph.a(timer.o)
                0x0000000000000ef0                timer_read
 .text.timer_set
                0x0000000000000f30       0x18 /home/kushal/code/riot/RIOT/examples/led/bin/samr21-xpro/periph.a(timer.o)
                0x0000000000000f30                timer_set
 .text.timer_stop
                0x0000000000000f48       0x20 /home/kushal/code/riot/RIOT/examples/led/bin/samr21-xpro/periph.a(timer.o)
                0x0000000000000f48                timer_stop
 .text.timer_start
                0x0000000000000f68       0x20 /home/kushal/code/riot/RIOT/examples/led/bin/samr21-xpro/periph.a(timer.o)
                0x0000000000000f68                timer_start
 .text.timer_irq_enable
                0x0000000000000f88       0x1c /home/kushal/code/riot/RIOT/examples/led/bin/samr21-xpro/periph.a(timer.o)
                0x0000000000000f88                timer_irq_enable
 .text.timer_init
                0x0000000000000fa4       0xd4 /home/kushal/code/riot/RIOT/examples/led/bin/samr21-xpro/periph.a(timer.o)
                0x0000000000000fa4                timer_init
 .text.timer_irq_disable
                0x0000000000001078       0x1c /home/kushal/code/riot/RIOT/examples/led/bin/samr21-xpro/periph.a(timer.o)
                0x0000000000001078                timer_irq_disable
 .text.timer_reset
                0x0000000000001094       0x28 /home/kushal/code/riot/RIOT/examples/led/bin/samr21-xpro/periph.a(timer.o)
                0x0000000000001094                timer_reset
 .text.isr_tc3  0x00000000000010bc       0x68 /home/kushal/code/riot/RIOT/examples/led/bin/samr21-xpro/periph.a(timer.o)
                0x00000000000010bc                isr_tc3
 .text.isr_tc4  0x0000000000001124       0x68 /home/kushal/code/riot/RIOT/examples/led/bin/samr21-xpro/periph.a(timer.o)
                0x0000000000001124                isr_tc4
 .text          0x000000000000118c        0x0 /home/kushal/code/riot/RIOT/examples/led/bin/samr21-xpro/uart0.a(uart0.o)
 .text.board_uart0_init
                0x000000000000118c       0x58 /home/kushal/code/riot/RIOT/examples/led/bin/samr21-xpro/uart0.a(uart0.o)
                0x000000000000118c                board_uart0_init
 .text.uart0_handle_incoming
                0x00000000000011e4       0x10 /home/kushal/code/riot/RIOT/examples/led/bin/samr21-xpro/uart0.a(uart0.o)
                0x00000000000011e4                uart0_handle_incoming
 .text.uart0_notify_thread
                0x00000000000011f4       0x1c /home/kushal/code/riot/RIOT/examples/led/bin/samr21-xpro/uart0.a(uart0.o)
                0x00000000000011f4                uart0_notify_thread
 .text.uart0_readc
                0x0000000000001210       0x20 /home/kushal/code/riot/RIOT/examples/led/bin/samr21-xpro/uart0.a(uart0.o)
                0x0000000000001210                uart0_readc
 .text.uart0_putc
                0x0000000000001230       0x44 /home/kushal/code/riot/RIOT/examples/led/bin/samr21-xpro/uart0.a(uart0.o)
                0x0000000000001230                uart0_putc
 .text          0x0000000000001274        0x0 /home/kushal/code/riot/RIOT/examples/led/bin/samr21-xpro/samr21-xpro_base.a(board.o)
 .text.board_init
                0x0000000000001274       0x20 /home/kushal/code/riot/RIOT/examples/led/bin/samr21-xpro/samr21-xpro_base.a(board.o)
                0x0000000000001274                board_init
 .text          0x0000000000001294        0x0 /home/kushal/code/riot/RIOT/examples/led/bin/samr21-xpro/led.a(main.o)
 .text.startup.main
                0x0000000000001294       0x28 /home/kushal/code/riot/RIOT/examples/led/bin/samr21-xpro/led.a(main.o)
                0x0000000000001294                main
 .text          0x00000000000012bc        0x0 /home/kushal/code/riot/RIOT/examples/led/bin/samr21-xpro/auto_init.a(auto_init.o)
 .text.auto_init
                0x00000000000012bc        0xc /home/kushal/code/riot/RIOT/examples/led/bin/samr21-xpro/auto_init.a(auto_init.o)
                0x00000000000012bc                auto_init
 .text          0x00000000000012c8        0x0 /home/kushal/code/riot/RIOT/examples/led/bin/samr21-xpro/core.a(msg.o)
 .text._msg_receive
                0x00000000000012c8       0xf0 /home/kushal/code/riot/RIOT/examples/led/bin/samr21-xpro/core.a(msg.o)
 .text.queue_msg
                0x00000000000013b8       0x28 /home/kushal/code/riot/RIOT/examples/led/bin/samr21-xpro/core.a(msg.o)
 .text._msg_send
                0x00000000000013e0       0xb4 /home/kushal/code/riot/RIOT/examples/led/bin/samr21-xpro/core.a(msg.o)
 .text.msg_send_to_self
                0x0000000000001494       0x30 /home/kushal/code/riot/RIOT/examples/led/bin/samr21-xpro/core.a(msg.o)
                0x0000000000001494                msg_send_to_self
 .text.msg_send_int
                0x00000000000014c4       0x44 /home/kushal/code/riot/RIOT/examples/led/bin/samr21-xpro/core.a(msg.o)
                0x00000000000014c4                msg_send_int
 .text.msg_send
                0x0000000000001508       0x40 /home/kushal/code/riot/RIOT/examples/led/bin/samr21-xpro/core.a(msg.o)
                0x0000000000001508                msg_send
 .text.msg_try_send
                0x0000000000001548       0x40 /home/kushal/code/riot/RIOT/examples/led/bin/samr21-xpro/core.a(msg.o)
                0x0000000000001548                msg_try_send
 .text.msg_send_receive
                0x0000000000001588       0x3c /home/kushal/code/riot/RIOT/examples/led/bin/samr21-xpro/core.a(msg.o)
                0x0000000000001588                msg_send_receive
 .text.msg_reply
                0x00000000000015c4       0x50 /home/kushal/code/riot/RIOT/examples/led/bin/samr21-xpro/core.a(msg.o)
                0x00000000000015c4                msg_reply
 .text.msg_reply_int
                0x0000000000001614       0x34 /home/kushal/code/riot/RIOT/examples/led/bin/samr21-xpro/core.a(msg.o)
                0x0000000000001614                msg_reply_int
 .text.msg_try_receive
                0x0000000000001648        0xa /home/kushal/code/riot/RIOT/examples/led/bin/samr21-xpro/core.a(msg.o)
                0x0000000000001648                msg_try_receive
 .text.msg_receive
                0x0000000000001652        0xa /home/kushal/code/riot/RIOT/examples/led/bin/samr21-xpro/core.a(msg.o)
                0x0000000000001652                msg_receive
 .text.msg_init_queue
                0x000000000000165c       0x24 /home/kushal/code/riot/RIOT/examples/led/bin/samr21-xpro/core.a(msg.o)
                0x000000000000165c                msg_init_queue
 .text          0x0000000000001680        0x0 /home/kushal/code/riot/RIOT/examples/led/bin/samr21-xpro/core.a(ringbuffer.o)
 .text.ringbuffer_add
                0x0000000000001680       0x2c /home/kushal/code/riot/RIOT/examples/led/bin/samr21-xpro/core.a(ringbuffer.o)
                0x0000000000001680                ringbuffer_add
 .text.ringbuffer_add_one
                0x00000000000016ac       0x46 /home/kushal/code/riot/RIOT/examples/led/bin/samr21-xpro/core.a(ringbuffer.o)
                0x00000000000016ac                ringbuffer_add_one
 .text.ringbuffer_get_one
                0x00000000000016f2       0x2e /home/kushal/code/riot/RIOT/examples/led/bin/samr21-xpro/core.a(ringbuffer.o)
                0x00000000000016f2                ringbuffer_get_one
 .text.ringbuffer_get
                0x0000000000001720       0x54 /home/kushal/code/riot/RIOT/examples/led/bin/samr21-xpro/core.a(ringbuffer.o)
                0x0000000000001720                ringbuffer_get
 .text.ringbuffer_remove
                0x0000000000001774       0x2a /home/kushal/code/riot/RIOT/examples/led/bin/samr21-xpro/core.a(ringbuffer.o)
                0x0000000000001774                ringbuffer_remove
 .text.ringbuffer_peek_one
                0x000000000000179e       0x1a /home/kushal/code/riot/RIOT/examples/led/bin/samr21-xpro/core.a(ringbuffer.o)
                0x000000000000179e                ringbuffer_peek_one
 .text.ringbuffer_peek
                0x00000000000017b8       0x1a /home/kushal/code/riot/RIOT/examples/led/bin/samr21-xpro/core.a(ringbuffer.o)
                0x00000000000017b8                ringbuffer_peek
 .text          0x00000000000017d2        0x0 /home/kushal/code/riot/RIOT/examples/led/bin/samr21-xpro/cpu.a(cpu.o)
 *fill*         0x00000000000017d2        0x2 
 .text.cpu_init
                0x00000000000017d4       0xd0 /home/kushal/code/riot/RIOT/examples/led/bin/samr21-xpro/cpu.a(cpu.o)
                0x00000000000017d4                cpu_init
 .text          0x00000000000018a4        0x0 /home/kushal/code/riot/RIOT/examples/led/bin/samr21-xpro/posix.a(posix_io.o)
 .text.posix_open
                0x00000000000018a4       0x18 /home/kushal/code/riot/RIOT/examples/led/bin/samr21-xpro/posix.a(posix_io.o)
                0x00000000000018a4                posix_open
 .text.posix_close
                0x00000000000018bc       0x1a /home/kushal/code/riot/RIOT/examples/led/bin/samr21-xpro/posix.a(posix_io.o)
                0x00000000000018bc                posix_close
 .text.posix_read
                0x00000000000018d6       0x20 /home/kushal/code/riot/RIOT/examples/led/bin/samr21-xpro/posix.a(posix_io.o)
                0x00000000000018d6                posix_read
 .text.posix_write
                0x00000000000018f6       0x20 /home/kushal/code/riot/RIOT/examples/led/bin/samr21-xpro/posix.a(posix_io.o)
                0x00000000000018f6                posix_write
 .text          0x0000000000001916        0x0 /home/kushal/code/riot/RIOT/examples/led/bin/samr21-xpro/posix.a(unistd.o)
 .text.close    0x0000000000001916       0x34 /home/kushal/code/riot/RIOT/examples/led/bin/samr21-xpro/posix.a(unistd.o)
                0x0000000000001916                close
 *fill*         0x000000000000194a        0x2 
 .text.usleep   0x000000000000194c       0x30 /home/kushal/code/riot/RIOT/examples/led/bin/samr21-xpro/posix.a(unistd.o)
                0x000000000000194c                usleep
 .text.sleep    0x000000000000197c       0x18 /home/kushal/code/riot/RIOT/examples/led/bin/samr21-xpro/posix.a(unistd.o)
                0x000000000000197c                sleep
 .text          0x0000000000001994        0x0 /home/kushal/code/riot/RIOT/examples/led/bin/samr21-xpro/posix.a(fd.o)
 .text.fd_init  0x0000000000001994       0x70 /home/kushal/code/riot/RIOT/examples/led/bin/samr21-xpro/posix.a(fd.o)
                0x0000000000001994                fd_init
 .text.fd_new   0x0000000000001a04       0x40 /home/kushal/code/riot/RIOT/examples/led/bin/samr21-xpro/posix.a(fd.o)
                0x0000000000001a04                fd_new
 .text.fd_get   0x0000000000001a44       0x18 /home/kushal/code/riot/RIOT/examples/led/bin/samr21-xpro/posix.a(fd.o)
                0x0000000000001a44                fd_get
 .text.fd_destroy
                0x0000000000001a5c       0x1c /home/kushal/code/riot/RIOT/examples/led/bin/samr21-xpro/posix.a(fd.o)
                0x0000000000001a5c                fd_destroy
 .text          0x0000000000001a78        0x0 /home/kushal/code/riot/RIOT/examples/led/bin/samr21-xpro/sys.a(chardev_thread.o)
 .text.chardev_loop
                0x0000000000001a78       0xbc /home/kushal/code/riot/RIOT/examples/led/bin/samr21-xpro/sys.a(chardev_thread.o)
                0x0000000000001a78                chardev_loop
 .text.chardev_thread_entry
                0x0000000000001b34        0x6 /home/kushal/code/riot/RIOT/examples/led/bin/samr21-xpro/sys.a(chardev_thread.o)
                0x0000000000001b34                chardev_thread_entry
 .text          0x0000000000001b3a        0x0 /home/kushal/code/riot/RIOT/examples/led/bin/samr21-xpro/timex.a(timex.o)
 *fill*         0x0000000000001b3a        0x2 
 .text.timex_add
                0x0000000000001b3c       0x2c /home/kushal/code/riot/RIOT/examples/led/bin/samr21-xpro/timex.a(timex.o)
                0x0000000000001b3c                timex_add
 .text.timex_set
                0x0000000000001b68        0x6 /home/kushal/code/riot/RIOT/examples/led/bin/samr21-xpro/timex.a(timex.o)
                0x0000000000001b68                timex_set
 *fill*         0x0000000000001b6e        0x2 
 .text.timex_sub
                0x0000000000001b70       0x2c /home/kushal/code/riot/RIOT/examples/led/bin/samr21-xpro/timex.a(timex.o)
                0x0000000000001b70                timex_sub
 .text.timex_cmp
                0x0000000000001b9c       0x20 /home/kushal/code/riot/RIOT/examples/led/bin/samr21-xpro/timex.a(timex.o)
                0x0000000000001b9c                timex_cmp
 .text          0x0000000000001bbc        0x0 /home/kushal/code/riot/RIOT/examples/led/bin/samr21-xpro/vtimer.a(vtimer.o)
 .text.set_shortterm
                0x0000000000001bbc       0x18 /home/kushal/code/riot/RIOT/examples/led/bin/samr21-xpro/vtimer.a(vtimer.o)
 .text.vtimer_callback_tick
                0x0000000000001bd4       0x4c /home/kushal/code/riot/RIOT/examples/led/bin/samr21-xpro/vtimer.a(vtimer.o)
 .text.vtimer_callback_wakeup
                0x0000000000001c20        0xc /home/kushal/code/riot/RIOT/examples/led/bin/samr21-xpro/vtimer.a(vtimer.o)
 .text.vtimer_callback_unlock
                0x0000000000001c2c        0xa /home/kushal/code/riot/RIOT/examples/led/bin/samr21-xpro/vtimer.a(vtimer.o)
 .text.vtimer_callback_msg
                0x0000000000001c36       0x18 /home/kushal/code/riot/RIOT/examples/led/bin/samr21-xpro/vtimer.a(vtimer.o)
 *fill*         0x0000000000001c4e        0x2 
 .text.update_shortterm
                0x0000000000001c50       0x68 /home/kushal/code/riot/RIOT/examples/led/bin/samr21-xpro/vtimer.a(vtimer.o)
 .text.vtimer_callback
                0x0000000000001cb8       0x38 /home/kushal/code/riot/RIOT/examples/led/bin/samr21-xpro/vtimer.a(vtimer.o)
 .text.normalize_to_tick
                0x0000000000001cf0       0x48 /home/kushal/code/riot/RIOT/examples/led/bin/samr21-xpro/vtimer.a(vtimer.o)
                0x0000000000001cf0                normalize_to_tick
 .text.vtimer_now
                0x0000000000001d38       0x38 /home/kushal/code/riot/RIOT/examples/led/bin/samr21-xpro/vtimer.a(vtimer.o)
                0x0000000000001d38                vtimer_now
 .text.vtimer_set
                0x0000000000001d70       0x90 /home/kushal/code/riot/RIOT/examples/led/bin/samr21-xpro/vtimer.a(vtimer.o)
 .text.vtimer_gettimeofday
                0x0000000000001e00       0x14 /home/kushal/code/riot/RIOT/examples/led/bin/samr21-xpro/vtimer.a(vtimer.o)
                0x0000000000001e00                vtimer_gettimeofday
                0x0000000000001e00                _gettimeofday
 .text.vtimer_get_localtime
                0x0000000000001e14       0x3a /home/kushal/code/riot/RIOT/examples/led/bin/samr21-xpro/vtimer.a(vtimer.o)
                0x0000000000001e14                vtimer_get_localtime
 *fill*         0x0000000000001e4e        0x2 
 .text.vtimer_init
                0x0000000000001e50       0x3c /home/kushal/code/riot/RIOT/examples/led/bin/samr21-xpro/vtimer.a(vtimer.o)
                0x0000000000001e50                vtimer_init
 .text.vtimer_set_wakeup
                0x0000000000001e8c       0x24 /home/kushal/code/riot/RIOT/examples/led/bin/samr21-xpro/vtimer.a(vtimer.o)
                0x0000000000001e8c                vtimer_set_wakeup
 .text.vtimer_sleep
                0x0000000000001eb0       0x4c /home/kushal/code/riot/RIOT/examples/led/bin/samr21-xpro/vtimer.a(vtimer.o)
                0x0000000000001eb0                vtimer_sleep
 .text.vtimer_usleep
                0x0000000000001efc       0x16 /home/kushal/code/riot/RIOT/examples/led/bin/samr21-xpro/vtimer.a(vtimer.o)
                0x0000000000001efc                vtimer_usleep
 *fill*         0x0000000000001f12        0x2 
 .text.vtimer_remove
                0x0000000000001f14       0x30 /home/kushal/code/riot/RIOT/examples/led/bin/samr21-xpro/vtimer.a(vtimer.o)
                0x0000000000001f14                vtimer_remove
 .text.vtimer_set_msg
                0x0000000000001f44       0x2c /home/kushal/code/riot/RIOT/examples/led/bin/samr21-xpro/vtimer.a(vtimer.o)
                0x0000000000001f44                vtimer_set_msg
 .text.vtimer_msg_receive_timeout
                0x0000000000001f70       0x60 /home/kushal/code/riot/RIOT/examples/led/bin/samr21-xpro/vtimer.a(vtimer.o)
                0x0000000000001f70                vtimer_msg_receive_timeout
 .text          0x0000000000001fd0        0x0 /home/kushal/code/riot/RIOT/examples/led/bin/samr21-xpro/cortexm_common.a(cortexm_init.o)
 .text.cortexm_init
                0x0000000000001fd0       0x60 /home/kushal/code/riot/RIOT/examples/led/bin/samr21-xpro/cortexm_common.a(cortexm_init.o)
                0x0000000000001fd0                cortexm_init
 .text          0x0000000000002030       0x9c /usr/lib/gcc/arm-none-eabi/5.1.0/armv6-m/libgcc.a(_udivsi3.o)
                0x0000000000002030                __udivsi3
                0x0000000000002030                __aeabi_uidiv
                0x00000000000020b8                __aeabi_uidivmod
 .text          0x00000000000020cc        0x4 /usr/lib/gcc/arm-none-eabi/5.1.0/armv6-m/libgcc.a(_dvmd_tls.o)
                0x00000000000020cc                __aeabi_ldiv0
                0x00000000000020cc                __aeabi_idiv0
 .text          0x00000000000020d0        0x0 /usr/lib/gcc/arm-none-eabi/5.1.0/../../../../arm-none-eabi/lib/armv6-m/libc_nano.a(lib_a-errno.o)
 .text.__errno  0x00000000000020d0        0xc /usr/lib/gcc/arm-none-eabi/5.1.0/../../../../arm-none-eabi/lib/armv6-m/libc_nano.a(lib_a-errno.o)
                0x00000000000020d0                __errno
 .text          0x00000000000020dc        0x0 /usr/lib/gcc/arm-none-eabi/5.1.0/../../../../arm-none-eabi/lib/armv6-m/libc_nano.a(lib_a-impure.o)
 .text          0x00000000000020dc        0x0 /usr/lib/gcc/arm-none-eabi/5.1.0/../../../../arm-none-eabi/lib/armv6-m/libc_nano.a(lib_a-init.o)
 .text.__libc_init_array
                0x00000000000020dc       0x4c /usr/lib/gcc/arm-none-eabi/5.1.0/../../../../arm-none-eabi/lib/armv6-m/libc_nano.a(lib_a-init.o)
                0x00000000000020dc                __libc_init_array
 .text          0x0000000000002128        0x0 /usr/lib/gcc/arm-none-eabi/5.1.0/../../../../arm-none-eabi/lib/armv6-m/libc_nano.a(lib_a-memcpy.o)
 .text.memcpy   0x0000000000002128       0x12 /usr/lib/gcc/arm-none-eabi/5.1.0/../../../../arm-none-eabi/lib/armv6-m/libc_nano.a(lib_a-memcpy.o)
                0x0000000000002128                memcpy
 .text          0x000000000000213a        0x0 /usr/lib/gcc/arm-none-eabi/5.1.0/../../../../arm-none-eabi/lib/armv6-m/libc_nano.a(lib_a-memset.o)
 .text.memset   0x000000000000213a       0x10 /usr/lib/gcc/arm-none-eabi/5.1.0/../../../../arm-none-eabi/lib/armv6-m/libc_nano.a(lib_a-memset.o)
                0x000000000000213a                memset
 .text          0x000000000000214a        0x0 /usr/lib/gcc/arm-none-eabi/5.1.0/../../../../arm-none-eabi/lib/armv6-m/libc_nano.a(lib_a-printf.o)
 .text._printf_r
                0x000000000000214a       0x28 /usr/lib/gcc/arm-none-eabi/5.1.0/../../../../arm-none-eabi/lib/armv6-m/libc_nano.a(lib_a-printf.o)
                0x000000000000214a                _printf_r
                0x000000000000214a                _iprintf_r
 *fill*         0x0000000000002172        0x2 
 .text.printf   0x0000000000002174       0x34 /usr/lib/gcc/arm-none-eabi/5.1.0/../../../../arm-none-eabi/lib/armv6-m/libc_nano.a(lib_a-printf.o)
                0x0000000000002174                printf
                0x0000000000002174                iprintf
 .text          0x00000000000021a8        0x0 /usr/lib/gcc/arm-none-eabi/5.1.0/../../../../arm-none-eabi/lib/armv6-m/libc_nano.a(lib_a-puts.o)
 .text._puts_r  0x00000000000021a8       0xc2 /usr/lib/gcc/arm-none-eabi/5.1.0/../../../../arm-none-eabi/lib/armv6-m/libc_nano.a(lib_a-puts.o)
                0x00000000000021a8                _puts_r
 *fill*         0x000000000000226a        0x2 
 .text.puts     0x000000000000226c       0x14 /usr/lib/gcc/arm-none-eabi/5.1.0/../../../../arm-none-eabi/lib/armv6-m/libc_nano.a(lib_a-puts.o)
                0x000000000000226c                puts
 .text          0x0000000000002280        0x0 /usr/lib/gcc/arm-none-eabi/5.1.0/../../../../arm-none-eabi/lib/armv6-m/libc_nano.a(lib_a-wbuf.o)
 .text.__swbuf_r
                0x0000000000002280       0xb0 /usr/lib/gcc/arm-none-eabi/5.1.0/../../../../arm-none-eabi/lib/armv6-m/libc_nano.a(lib_a-wbuf.o)
                0x0000000000002280                __swbuf_r
 .text.__swbuf  0x0000000000002330       0x14 /usr/lib/gcc/arm-none-eabi/5.1.0/../../../../arm-none-eabi/lib/armv6-m/libc_nano.a(lib_a-wbuf.o)
                0x0000000000002330                __swbuf
 .text          0x0000000000002344        0x0 /usr/lib/gcc/arm-none-eabi/5.1.0/../../../../arm-none-eabi/lib/armv6-m/libc_nano.a(lib_a-wsetup.o)
 .text.__swsetup_r
                0x0000000000002344       0xe8 /usr/lib/gcc/arm-none-eabi/5.1.0/../../../../arm-none-eabi/lib/armv6-m/libc_nano.a(lib_a-wsetup.o)
                0x0000000000002344                __swsetup_r
 .text          0x000000000000242c        0x0 /usr/lib/gcc/arm-none-eabi/5.1.0/../../../../arm-none-eabi/lib/armv6-m/libc_nano.a(lib_a-fflush.o)
 .text.__sflush_r
                0x000000000000242c      0x10c /usr/lib/gcc/arm-none-eabi/5.1.0/../../../../arm-none-eabi/lib/armv6-m/libc_nano.a(lib_a-fflush.o)
                0x000000000000242c                __sflush_r
 .text._fflush_r
                0x0000000000002538       0x58 /usr/lib/gcc/arm-none-eabi/5.1.0/../../../../arm-none-eabi/lib/armv6-m/libc_nano.a(lib_a-fflush.o)
                0x0000000000002538                _fflush_r
 .text.fflush   0x0000000000002590       0x28 /usr/lib/gcc/arm-none-eabi/5.1.0/../../../../arm-none-eabi/lib/armv6-m/libc_nano.a(lib_a-fflush.o)
                0x0000000000002590                fflush
 .text          0x00000000000025b8        0x0 /usr/lib/gcc/arm-none-eabi/5.1.0/../../../../arm-none-eabi/lib/armv6-m/libc_nano.a(lib_a-findfp.o)
 .text.__fp_unlock
                0x00000000000025b8        0x4 /usr/lib/gcc/arm-none-eabi/5.1.0/../../../../arm-none-eabi/lib/armv6-m/libc_nano.a(lib_a-findfp.o)
 .text._cleanup_r
                0x00000000000025bc       0x10 /usr/lib/gcc/arm-none-eabi/5.1.0/../../../../arm-none-eabi/lib/armv6-m/libc_nano.a(lib_a-findfp.o)
                0x00000000000025bc                _cleanup_r
 .text.std.isra.0
                0x00000000000025cc       0x48 /usr/lib/gcc/arm-none-eabi/5.1.0/../../../../arm-none-eabi/lib/armv6-m/libc_nano.a(lib_a-findfp.o)
 .text.__fp_lock
                0x0000000000002614        0x4 /usr/lib/gcc/arm-none-eabi/5.1.0/../../../../arm-none-eabi/lib/armv6-m/libc_nano.a(lib_a-findfp.o)
 .text.__sfmoreglue
                0x0000000000002618       0x2c /usr/lib/gcc/arm-none-eabi/5.1.0/../../../../arm-none-eabi/lib/armv6-m/libc_nano.a(lib_a-findfp.o)
                0x0000000000002618                __sfmoreglue
 .text._cleanup
                0x0000000000002644       0x10 /usr/lib/gcc/arm-none-eabi/5.1.0/../../../../arm-none-eabi/lib/armv6-m/libc_nano.a(lib_a-findfp.o)
                0x0000000000002644                _cleanup
 .text.__sinit  0x0000000000002654       0x68 /usr/lib/gcc/arm-none-eabi/5.1.0/../../../../arm-none-eabi/lib/armv6-m/libc_nano.a(lib_a-findfp.o)
                0x0000000000002654                __sinit
 .text.__sfp    0x00000000000026bc       0x7c /usr/lib/gcc/arm-none-eabi/5.1.0/../../../../arm-none-eabi/lib/armv6-m/libc_nano.a(lib_a-findfp.o)
                0x00000000000026bc                __sfp
 .text.__sfp_lock_acquire
                0x0000000000002738        0x2 /usr/lib/gcc/arm-none-eabi/5.1.0/../../../../arm-none-eabi/lib/armv6-m/libc_nano.a(lib_a-findfp.o)
                0x0000000000002738                __sfp_lock_acquire
 .text.__sfp_lock_release
                0x000000000000273a        0x2 /usr/lib/gcc/arm-none-eabi/5.1.0/../../../../arm-none-eabi/lib/armv6-m/libc_nano.a(lib_a-findfp.o)
                0x000000000000273a                __sfp_lock_release
 .text.__sinit_lock_acquire
                0x000000000000273c        0x2 /usr/lib/gcc/arm-none-eabi/5.1.0/../../../../arm-none-eabi/lib/armv6-m/libc_nano.a(lib_a-findfp.o)
                0x000000000000273c                __sinit_lock_acquire
 .text.__sinit_lock_release
                0x000000000000273e        0x2 /usr/lib/gcc/arm-none-eabi/5.1.0/../../../../arm-none-eabi/lib/armv6-m/libc_nano.a(lib_a-findfp.o)
                0x000000000000273e                __sinit_lock_release
 .text.__fp_lock_all
                0x0000000000002740       0x18 /usr/lib/gcc/arm-none-eabi/5.1.0/../../../../arm-none-eabi/lib/armv6-m/libc_nano.a(lib_a-findfp.o)
                0x0000000000002740                __fp_lock_all
 .text.__fp_unlock_all
                0x0000000000002758       0x18 /usr/lib/gcc/arm-none-eabi/5.1.0/../../../../arm-none-eabi/lib/armv6-m/libc_nano.a(lib_a-findfp.o)
                0x0000000000002758                __fp_unlock_all
 .text          0x0000000000002770        0x0 /usr/lib/gcc/arm-none-eabi/5.1.0/../../../../arm-none-eabi/lib/armv6-m/libc_nano.a(lib_a-fwalk.o)
 .text._fwalk   0x0000000000002770       0x38 /usr/lib/gcc/arm-none-eabi/5.1.0/../../../../arm-none-eabi/lib/armv6-m/libc_nano.a(lib_a-fwalk.o)
                0x0000000000002770                _fwalk
 .text._fwalk_reent
                0x00000000000027a8       0x42 /usr/lib/gcc/arm-none-eabi/5.1.0/../../../../arm-none-eabi/lib/armv6-m/libc_nano.a(lib_a-fwalk.o)
                0x00000000000027a8                _fwalk_reent
 .text          0x00000000000027ea        0x0 /usr/lib/gcc/arm-none-eabi/5.1.0/../../../../arm-none-eabi/lib/armv6-m/libc_nano.a(lib_a-makebuf.o)
 *fill*         0x00000000000027ea        0x2 
 .text.__smakebuf_r
                0x00000000000027ec       0xa4 /usr/lib/gcc/arm-none-eabi/5.1.0/../../../../arm-none-eabi/lib/armv6-m/libc_nano.a(lib_a-makebuf.o)
                0x00000000000027ec                __smakebuf_r
 .text          0x0000000000002890        0x0 /usr/lib/gcc/arm-none-eabi/5.1.0/../../../../arm-none-eabi/lib/armv6-m/libc_nano.a(lib_a-nano-freer.o)
 .text._free_r  0x0000000000002890       0x8c /usr/lib/gcc/arm-none-eabi/5.1.0/../../../../arm-none-eabi/lib/armv6-m/libc_nano.a(lib_a-nano-freer.o)
                0x0000000000002890                _free_r
 .text          0x000000000000291c        0x0 /usr/lib/gcc/arm-none-eabi/5.1.0/../../../../arm-none-eabi/lib/armv6-m/libc_nano.a(lib_a-nano-mallocr.o)
 .text._malloc_r
                0x000000000000291c       0xac /usr/lib/gcc/arm-none-eabi/5.1.0/../../../../arm-none-eabi/lib/armv6-m/libc_nano.a(lib_a-nano-mallocr.o)
                0x000000000000291c                _malloc_r
 .text          0x00000000000029c8        0x0 /usr/lib/gcc/arm-none-eabi/5.1.0/../../../../arm-none-eabi/lib/armv6-m/libc_nano.a(lib_a-nano-vfprintf.o)
 .text.__sfputc_r
                0x00000000000029c8       0x2a /usr/lib/gcc/arm-none-eabi/5.1.0/../../../../arm-none-eabi/lib/armv6-m/libc_nano.a(lib_a-nano-vfprintf.o)
 .text.__sfputs_r
                0x00000000000029f2       0x24 /usr/lib/gcc/arm-none-eabi/5.1.0/../../../../arm-none-eabi/lib/armv6-m/libc_nano.a(lib_a-nano-vfprintf.o)
                0x00000000000029f2                __sfputs_r
 .text.__sprint_r
                0x0000000000002a16       0x1c /usr/lib/gcc/arm-none-eabi/5.1.0/../../../../arm-none-eabi/lib/armv6-m/libc_nano.a(lib_a-nano-vfprintf.o)
                0x0000000000002a16                __sprint_r
 *fill*         0x0000000000002a32        0x2 
 .text._vfprintf_r
                0x0000000000002a34      0x238 /usr/lib/gcc/arm-none-eabi/5.1.0/../../../../arm-none-eabi/lib/armv6-m/libc_nano.a(lib_a-nano-vfprintf.o)
                0x0000000000002a34                _vfiprintf_r
                0x0000000000002a34                _vfprintf_r
 .text.vfprintf
                0x0000000000002c6c       0x18 /usr/lib/gcc/arm-none-eabi/5.1.0/../../../../arm-none-eabi/lib/armv6-m/libc_nano.a(lib_a-nano-vfprintf.o)
                0x0000000000002c6c                vfiprintf
                0x0000000000002c6c                vfprintf
 .text          0x0000000000002c84        0x0 /usr/lib/gcc/arm-none-eabi/5.1.0/../../../../arm-none-eabi/lib/armv6-m/libc_nano.a(lib_a-nano-vfprintf_i.o)
 .text._printf_common
                0x0000000000002c84       0xdc /usr/lib/gcc/arm-none-eabi/5.1.0/../../../../arm-none-eabi/lib/armv6-m/libc_nano.a(lib_a-nano-vfprintf_i.o)
                0x0000000000002c84                _printf_common
 .text._printf_i
                0x0000000000002d60      0x244 /usr/lib/gcc/arm-none-eabi/5.1.0/../../../../arm-none-eabi/lib/armv6-m/libc_nano.a(lib_a-nano-vfprintf_i.o)
                0x0000000000002d60                _printf_i
 .text          0x0000000000002fa4        0x0 /usr/lib/gcc/arm-none-eabi/5.1.0/../../../../arm-none-eabi/lib/armv6-m/libc_nano.a(lib_a-stdio.o)
 .text.__sread  0x0000000000002fa4       0x28 /usr/lib/gcc/arm-none-eabi/5.1.0/../../../../arm-none-eabi/lib/armv6-m/libc_nano.a(lib_a-stdio.o)
                0x0000000000002fa4                __sread
 .text.__seofread
                0x0000000000002fcc        0x4 /usr/lib/gcc/arm-none-eabi/5.1.0/../../../../arm-none-eabi/lib/armv6-m/libc_nano.a(lib_a-stdio.o)
                0x0000000000002fcc                __seofread
 .text.__swrite
                0x0000000000002fd0       0x38 /usr/lib/gcc/arm-none-eabi/5.1.0/../../../../arm-none-eabi/lib/armv6-m/libc_nano.a(lib_a-stdio.o)
                0x0000000000002fd0                __swrite
 .text.__sseek  0x0000000000003008       0x2c /usr/lib/gcc/arm-none-eabi/5.1.0/../../../../arm-none-eabi/lib/armv6-m/libc_nano.a(lib_a-stdio.o)
                0x0000000000003008                __sseek
 .text.__sclose
                0x0000000000003034        0xc /usr/lib/gcc/arm-none-eabi/5.1.0/../../../../arm-none-eabi/lib/armv6-m/libc_nano.a(lib_a-stdio.o)
                0x0000000000003034                __sclose
 .text          0x0000000000003040        0x0 /usr/lib/gcc/arm-none-eabi/5.1.0/../../../../arm-none-eabi/lib/armv6-m/libc_nano.a(lib_a-fvwrite.o)
 .text.__sfvwrite_r
                0x0000000000003040      0x2d0 /usr/lib/gcc/arm-none-eabi/5.1.0/../../../../arm-none-eabi/lib/armv6-m/libc_nano.a(lib_a-fvwrite.o)
                0x0000000000003040                __sfvwrite_r
 .text          0x0000000000003310        0x0 /usr/lib/gcc/arm-none-eabi/5.1.0/../../../../arm-none-eabi/lib/armv6-m/libc_nano.a(lib_a-memchr.o)
 .text.memchr   0x0000000000003310       0x16 /usr/lib/gcc/arm-none-eabi/5.1.0/../../../../arm-none-eabi/lib/armv6-m/libc_nano.a(lib_a-memchr.o)
                0x0000000000003310                memchr
 .text          0x0000000000003326        0x0 /usr/lib/gcc/arm-none-eabi/5.1.0/../../../../arm-none-eabi/lib/armv6-m/libc_nano.a(lib_a-memmove.o)
 .text.memmove  0x0000000000003326       0x2a /usr/lib/gcc/arm-none-eabi/5.1.0/../../../../arm-none-eabi/lib/armv6-m/libc_nano.a(lib_a-memmove.o)
                0x0000000000003326                memmove
 .text          0x0000000000003350        0x0 /usr/lib/gcc/arm-none-eabi/5.1.0/../../../../arm-none-eabi/lib/armv6-m/libc_nano.a(lib_a-nano-reallocr.o)
 .text._realloc_r
                0x0000000000003350       0x4c /usr/lib/gcc/arm-none-eabi/5.1.0/../../../../arm-none-eabi/lib/armv6-m/libc_nano.a(lib_a-nano-reallocr.o)
                0x0000000000003350                _realloc_r
 .text          0x000000000000339c        0x0 /usr/lib/gcc/arm-none-eabi/5.1.0/../../../../arm-none-eabi/lib/armv6-m/libc_nano.a(lib_a-nano-msizer.o)
 .text._malloc_usable_size_r
                0x000000000000339c       0x16 /usr/lib/gcc/arm-none-eabi/5.1.0/../../../../arm-none-eabi/lib/armv6-m/libc_nano.a(lib_a-nano-msizer.o)
                0x000000000000339c                _malloc_usable_size_r
 *fill*         0x00000000000033b2        0x2 
 .text          0x00000000000033b4       0xc0 /usr/lib/gcc/arm-none-eabi/5.1.0/armv6-m/libgcc.a(_divsi3.o)
                0x00000000000033b4                __aeabi_idiv
                0x00000000000033b4                __divsi3
                0x0000000000003460                __aeabi_idivmod
 *(.glue_7t)
 .glue_7t       0x0000000000003474        0x0 linker stubs
 *(.glue_7)
 .glue_7        0x0000000000003474        0x0 linker stubs
 *(.rodata .rodata* .gnu.linkonce.r.*)
 .rodata.str1.1
                0x0000000000003474       0x17 /home/kushal/code/riot/RIOT/examples/led/bin/samr21-xpro/newlib/syscalls.o
 .rodata.str1.1
                0x000000000000348b       0xda /home/kushal/code/riot/RIOT/examples/led/bin/samr21-xpro/core.a(kernel_init.o)
 .rodata.str1.1
                0x0000000000003565       0x11 /home/kushal/code/riot/RIOT/examples/led/bin/samr21-xpro/core.a(hwtimer.o)
 .rodata.str1.1
                0x0000000000003576       0x50 /home/kushal/code/riot/RIOT/examples/led/bin/samr21-xpro/core.a(lifo.o)
 .rodata.str1.1
                0x00000000000035c6       0x71 /home/kushal/code/riot/RIOT/examples/led/bin/samr21-xpro/cortexm_common.a(thread_arch.o)
 .rodata.str1.1
                0x0000000000003637       0x18 /home/kushal/code/riot/RIOT/examples/led/bin/samr21-xpro/uart0.a(uart0.o)
 .rodata.str1.1
                0x000000000000364f       0x16 /home/kushal/code/riot/RIOT/examples/led/bin/samr21-xpro/sys.a(chardev_thread.o)
 .rodata.str1.1
                0x0000000000003665        0x2 /usr/lib/gcc/arm-none-eabi/5.1.0/../../../../arm-none-eabi/lib/armv6-m/libc_nano.a(lib_a-impure.o)
 *fill*         0x0000000000003667        0x1 
 .rodata._global_impure_ptr
                0x0000000000003668        0x4 /usr/lib/gcc/arm-none-eabi/5.1.0/../../../../arm-none-eabi/lib/armv6-m/libc_nano.a(lib_a-impure.o)
                0x0000000000003668                _global_impure_ptr
 .rodata.__sf_fake_stdin
                0x000000000000366c       0x20 /usr/lib/gcc/arm-none-eabi/5.1.0/../../../../arm-none-eabi/lib/armv6-m/libc_nano.a(lib_a-findfp.o)
                0x000000000000366c                __sf_fake_stdin
 .rodata.__sf_fake_stdout
                0x000000000000368c       0x20 /usr/lib/gcc/arm-none-eabi/5.1.0/../../../../arm-none-eabi/lib/armv6-m/libc_nano.a(lib_a-findfp.o)
                0x000000000000368c                __sf_fake_stdout
 .rodata.__sf_fake_stderr
                0x00000000000036ac       0x20 /usr/lib/gcc/arm-none-eabi/5.1.0/../../../../arm-none-eabi/lib/armv6-m/libc_nano.a(lib_a-findfp.o)
                0x00000000000036ac                __sf_fake_stderr
 .rodata.str1.1
                0x00000000000036cc       0x11 /usr/lib/gcc/arm-none-eabi/5.1.0/../../../../arm-none-eabi/lib/armv6-m/libc_nano.a(lib_a-nano-vfprintf.o)
 .rodata.str1.1
                0x00000000000036dd       0x22 /usr/lib/gcc/arm-none-eabi/5.1.0/../../../../arm-none-eabi/lib/armv6-m/libc_nano.a(lib_a-nano-vfprintf_i.o)
 *(.ARM.extab* .gnu.linkonce.armextab.*)
                0x0000000000003700                . = ALIGN (0x4)
 *fill*         0x00000000000036ff        0x1 
 *(.init)
                0x0000000000003700                . = ALIGN (0x4)
                0x0000000000003700                __preinit_array_start = .
 *(.preinit_array)
                0x0000000000003700                __preinit_array_end = .
                0x0000000000003700                . = ALIGN (0x4)
                0x0000000000003700                __init_array_start = .
 *(SORT(.init_array.*))
 *(.init_array)
                0x0000000000003700                __init_array_end = .
                0x0000000000003700                . = ALIGN (0x4)
 *crtbegin.o(.ctors)
 *(EXCLUDE_FILE(*crtend.o) .ctors)
 *(SORT(.ctors.*))
 *crtend.o(.ctors)
                0x0000000000003700                . = ALIGN (0x4)
 *(.fini)
                0x0000000000003700                . = ALIGN (0x4)
                0x0000000000003700                __fini_array_start = .
 *(.fini_array)
 *(SORT(.fini_array.*))
                0x0000000000003700                __fini_array_end = .
 *crtbegin.o(.dtors)
 *(EXCLUDE_FILE(*crtend.o) .dtors)
 *(SORT(.dtors.*))
 *crtend.o(.dtors)
                0x0000000000003700                . = ALIGN (0x4)
                0x0000000000003700                _efixed = .
                [!provide]                        PROVIDE (__exidx_start, .)

.vfp11_veneer   0x0000000000003700        0x0
 .vfp11_veneer  0x0000000000003700        0x0 linker stubs

.v4_bx          0x0000000000003700        0x0
 .v4_bx         0x0000000000003700        0x0 linker stubs

.iplt           0x0000000000003700        0x0
 .iplt          0x0000000000003700        0x0 /home/kushal/code/riot/RIOT/examples/led/bin/samr21-xpro/newlib/syscalls.o

.igot.plt       0x0000000000003700        0x0
 .igot.plt      0x0000000000003700        0x0 /home/kushal/code/riot/RIOT/examples/led/bin/samr21-xpro/newlib/syscalls.o

.rel.dyn        0x0000000000003700        0x0
 .rel.iplt      0x0000000000003700        0x0 /home/kushal/code/riot/RIOT/examples/led/bin/samr21-xpro/newlib/syscalls.o

.ARM.exidx
 *(.ARM.exidx* .gnu.linkonce.armexidx.*)
                [!provide]                        PROVIDE (__exidx_end, .)
                0x0000000000003700                . = ALIGN (0x4)

.eh_frame
 *(.eh_frame)
                0x0000000000003700                . = ALIGN (0x4)
                0x0000000000003700                _etext = .

.relocate       0x0000000020000000       0x74 load address 0x0000000000003700
                0x0000000020000000                . = ALIGN (0x4)
                0x0000000020000000                _srelocate = .
 *(.ramfunc .ramfunc.*)
 *(.data .data.*)
 .data          0x0000000020000000        0x0 /home/kushal/code/riot/RIOT/examples/led/bin/samr21-xpro/newlib/syscalls.o
 .data.heap_top
                0x0000000020000000        0x4 /home/kushal/code/riot/RIOT/examples/led/bin/samr21-xpro/newlib/syscalls.o
                0x0000000020000000                heap_top
 .data          0x0000000020000004        0x0 /home/kushal/code/riot/RIOT/examples/led/bin/samr21-xpro/cpu/startup.o
 .data          0x0000000020000004        0x0 /home/kushal/code/riot/RIOT/examples/led/bin/samr21-xpro/core.a(sched.o)
 .data          0x0000000020000004        0x0 /home/kushal/code/riot/RIOT/examples/led/bin/samr21-xpro/core.a(clist.o)
 .data          0x0000000020000004        0x0 /home/kushal/code/riot/RIOT/examples/led/bin/samr21-xpro/core.a(kernel_init.o)
 .data.idle_name
                0x0000000020000004        0x4 /home/kushal/code/riot/RIOT/examples/led/bin/samr21-xpro/core.a(kernel_init.o)
                0x0000000020000004                idle_name
 .data.main_name
                0x0000000020000008        0x4 /home/kushal/code/riot/RIOT/examples/led/bin/samr21-xpro/core.a(kernel_init.o)
                0x0000000020000008                main_name
 .data          0x000000002000000c        0x0 /home/kushal/code/riot/RIOT/examples/led/bin/samr21-xpro/core.a(thread.o)
 .data          0x000000002000000c        0x0 /home/kushal/code/riot/RIOT/examples/led/bin/samr21-xpro/core.a(hwtimer.o)
 .data          0x000000002000000c        0x0 /home/kushal/code/riot/RIOT/examples/led/bin/samr21-xpro/core.a(bitarithm.o)
 .data          0x000000002000000c        0x0 /home/kushal/code/riot/RIOT/examples/led/bin/samr21-xpro/core.a(mutex.o)
 .data          0x000000002000000c        0x0 /home/kushal/code/riot/RIOT/examples/led/bin/samr21-xpro/core.a(atomic.o)
 .data          0x000000002000000c        0x0 /home/kushal/code/riot/RIOT/examples/led/bin/samr21-xpro/core.a(priority_queue.o)
 .data          0x000000002000000c        0x0 /home/kushal/code/riot/RIOT/examples/led/bin/samr21-xpro/core.a(lifo.o)
 .data          0x000000002000000c        0x0 /home/kushal/code/riot/RIOT/examples/led/bin/samr21-xpro/cortexm_common.a(irq_arch.o)
 .data          0x000000002000000c        0x0 /home/kushal/code/riot/RIOT/examples/led/bin/samr21-xpro/cortexm_common.a(thread_arch.o)
 .data          0x000000002000000c        0x0 /home/kushal/code/riot/RIOT/examples/led/bin/samr21-xpro/cpu.a(lpm_arch.o)
 .data          0x000000002000000c        0x0 /home/kushal/code/riot/RIOT/examples/led/bin/samr21-xpro/hwtimer_compat.a(hwtimer_arch.o)
 .data          0x000000002000000c        0x0 /home/kushal/code/riot/RIOT/examples/led/bin/samr21-xpro/periph.a(uart.o)
 .data          0x000000002000000c        0x0 /home/kushal/code/riot/RIOT/examples/led/bin/samr21-xpro/periph.a(timer.o)
 .data          0x000000002000000c        0x0 /home/kushal/code/riot/RIOT/examples/led/bin/samr21-xpro/uart0.a(uart0.o)
 .data          0x000000002000000c        0x0 /home/kushal/code/riot/RIOT/examples/led/bin/samr21-xpro/samr21-xpro_base.a(board.o)
 .data          0x000000002000000c        0x0 /home/kushal/code/riot/RIOT/examples/led/bin/samr21-xpro/led.a(main.o)
 .data          0x000000002000000c        0x0 /home/kushal/code/riot/RIOT/examples/led/bin/samr21-xpro/auto_init.a(auto_init.o)
 .data          0x000000002000000c        0x0 /home/kushal/code/riot/RIOT/examples/led/bin/samr21-xpro/core.a(msg.o)
 .data          0x000000002000000c        0x0 /home/kushal/code/riot/RIOT/examples/led/bin/samr21-xpro/core.a(ringbuffer.o)
 .data          0x000000002000000c        0x0 /home/kushal/code/riot/RIOT/examples/led/bin/samr21-xpro/cpu.a(cpu.o)
 .data          0x000000002000000c        0x0 /home/kushal/code/riot/RIOT/examples/led/bin/samr21-xpro/posix.a(posix_io.o)
 .data          0x000000002000000c        0x0 /home/kushal/code/riot/RIOT/examples/led/bin/samr21-xpro/posix.a(unistd.o)
 .data          0x000000002000000c        0x0 /home/kushal/code/riot/RIOT/examples/led/bin/samr21-xpro/posix.a(fd.o)
 .data          0x000000002000000c        0x0 /home/kushal/code/riot/RIOT/examples/led/bin/samr21-xpro/sys.a(chardev_thread.o)
 .data          0x000000002000000c        0x0 /home/kushal/code/riot/RIOT/examples/led/bin/samr21-xpro/timex.a(timex.o)
 .data          0x000000002000000c        0x0 /home/kushal/code/riot/RIOT/examples/led/bin/samr21-xpro/vtimer.a(vtimer.o)
 .data.hwtimer_id
                0x000000002000000c        0x4 /home/kushal/code/riot/RIOT/examples/led/bin/samr21-xpro/vtimer.a(vtimer.o)
 .data          0x0000000020000010        0x0 /home/kushal/code/riot/RIOT/examples/led/bin/samr21-xpro/cortexm_common.a(cortexm_init.o)
 .data          0x0000000020000010        0x0 /usr/lib/gcc/arm-none-eabi/5.1.0/armv6-m/libgcc.a(_udivsi3.o)
 .data          0x0000000020000010        0x0 /usr/lib/gcc/arm-none-eabi/5.1.0/armv6-m/libgcc.a(_dvmd_tls.o)
 .data          0x0000000020000010        0x0 /usr/lib/gcc/arm-none-eabi/5.1.0/../../../../arm-none-eabi/lib/armv6-m/libc_nano.a(lib_a-errno.o)
 .data          0x0000000020000010        0x0 /usr/lib/gcc/arm-none-eabi/5.1.0/../../../../arm-none-eabi/lib/armv6-m/libc_nano.a(lib_a-impure.o)
 .data.impure_data
                0x0000000020000010       0x60 /usr/lib/gcc/arm-none-eabi/5.1.0/../../../../arm-none-eabi/lib/armv6-m/libc_nano.a(lib_a-impure.o)
 .data._impure_ptr
                0x0000000020000070        0x4 /usr/lib/gcc/arm-none-eabi/5.1.0/../../../../arm-none-eabi/lib/armv6-m/libc_nano.a(lib_a-impure.o)
                0x0000000020000070                _impure_ptr
 .data          0x0000000020000074        0x0 /usr/lib/gcc/arm-none-eabi/5.1.0/../../../../arm-none-eabi/lib/armv6-m/libc_nano.a(lib_a-init.o)
 .data          0x0000000020000074        0x0 /usr/lib/gcc/arm-none-eabi/5.1.0/../../../../arm-none-eabi/lib/armv6-m/libc_nano.a(lib_a-memcpy.o)
 .data          0x0000000020000074        0x0 /usr/lib/gcc/arm-none-eabi/5.1.0/../../../../arm-none-eabi/lib/armv6-m/libc_nano.a(lib_a-memset.o)
 .data          0x0000000020000074        0x0 /usr/lib/gcc/arm-none-eabi/5.1.0/../../../../arm-none-eabi/lib/armv6-m/libc_nano.a(lib_a-printf.o)
 .data          0x0000000020000074        0x0 /usr/lib/gcc/arm-none-eabi/5.1.0/../../../../arm-none-eabi/lib/armv6-m/libc_nano.a(lib_a-puts.o)
 .data          0x0000000020000074        0x0 /usr/lib/gcc/arm-none-eabi/5.1.0/../../../../arm-none-eabi/lib/armv6-m/libc_nano.a(lib_a-wbuf.o)
 .data          0x0000000020000074        0x0 /usr/lib/gcc/arm-none-eabi/5.1.0/../../../../arm-none-eabi/lib/armv6-m/libc_nano.a(lib_a-wsetup.o)
 .data          0x0000000020000074        0x0 /usr/lib/gcc/arm-none-eabi/5.1.0/../../../../arm-none-eabi/lib/armv6-m/libc_nano.a(lib_a-fflush.o)
 .data          0x0000000020000074        0x0 /usr/lib/gcc/arm-none-eabi/5.1.0/../../../../arm-none-eabi/lib/armv6-m/libc_nano.a(lib_a-findfp.o)
 .data          0x0000000020000074        0x0 /usr/lib/gcc/arm-none-eabi/5.1.0/../../../../arm-none-eabi/lib/armv6-m/libc_nano.a(lib_a-fwalk.o)
 .data          0x0000000020000074        0x0 /usr/lib/gcc/arm-none-eabi/5.1.0/../../../../arm-none-eabi/lib/armv6-m/libc_nano.a(lib_a-makebuf.o)
 .data          0x0000000020000074        0x0 /usr/lib/gcc/arm-none-eabi/5.1.0/../../../../arm-none-eabi/lib/armv6-m/libc_nano.a(lib_a-nano-freer.o)
 .data          0x0000000020000074        0x0 /usr/lib/gcc/arm-none-eabi/5.1.0/../../../../arm-none-eabi/lib/armv6-m/libc_nano.a(lib_a-nano-mallocr.o)
 .data          0x0000000020000074        0x0 /usr/lib/gcc/arm-none-eabi/5.1.0/../../../../arm-none-eabi/lib/armv6-m/libc_nano.a(lib_a-nano-vfprintf.o)
 .data          0x0000000020000074        0x0 /usr/lib/gcc/arm-none-eabi/5.1.0/../../../../arm-none-eabi/lib/armv6-m/libc_nano.a(lib_a-nano-vfprintf_i.o)
 .data          0x0000000020000074        0x0 /usr/lib/gcc/arm-none-eabi/5.1.0/../../../../arm-none-eabi/lib/armv6-m/libc_nano.a(lib_a-stdio.o)
 .data          0x0000000020000074        0x0 /usr/lib/gcc/arm-none-eabi/5.1.0/../../../../arm-none-eabi/lib/armv6-m/libc_nano.a(lib_a-fvwrite.o)
 .data          0x0000000020000074        0x0 /usr/lib/gcc/arm-none-eabi/5.1.0/../../../../arm-none-eabi/lib/armv6-m/libc_nano.a(lib_a-memchr.o)
 .data          0x0000000020000074        0x0 /usr/lib/gcc/arm-none-eabi/5.1.0/../../../../arm-none-eabi/lib/armv6-m/libc_nano.a(lib_a-memmove.o)
 .data          0x0000000020000074        0x0 /usr/lib/gcc/arm-none-eabi/5.1.0/../../../../arm-none-eabi/lib/armv6-m/libc_nano.a(lib_a-nano-reallocr.o)
 .data          0x0000000020000074        0x0 /usr/lib/gcc/arm-none-eabi/5.1.0/../../../../arm-none-eabi/lib/armv6-m/libc_nano.a(lib_a-nano-msizer.o)
 .data          0x0000000020000074        0x0 /usr/lib/gcc/arm-none-eabi/5.1.0/armv6-m/libgcc.a(_divsi3.o)
                0x0000000020000074                . = ALIGN (0x4)
                0x0000000020000074                _erelocate = .

.bss            0x0000000020000074      0xe10 load address 0x0000000000003774
                0x0000000020000074                . = ALIGN (0x4)
                0x0000000020000074                _sbss = .
                0x0000000020000074                _szero = .
 *(.bss .bss.*)
 .bss           0x0000000020000074        0x0 /home/kushal/code/riot/RIOT/examples/led/bin/samr21-xpro/newlib/syscalls.o
 .bss           0x0000000020000074        0x0 /home/kushal/code/riot/RIOT/examples/led/bin/samr21-xpro/cpu/startup.o
 .bss           0x0000000020000074        0x0 /home/kushal/code/riot/RIOT/examples/led/bin/samr21-xpro/core.a(sched.o)
 .bss.sched_context_switch_request
                0x0000000020000074        0x4 /home/kushal/code/riot/RIOT/examples/led/bin/samr21-xpro/core.a(sched.o)
                0x0000000020000074                sched_context_switch_request
 .bss.sched_active_pid
                0x0000000020000078        0x2 /home/kushal/code/riot/RIOT/examples/led/bin/samr21-xpro/core.a(sched.o)
                0x0000000020000078                sched_active_pid
 *fill*         0x000000002000007a        0x2 
 .bss.sched_active_thread
                0x000000002000007c        0x4 /home/kushal/code/riot/RIOT/examples/led/bin/samr21-xpro/core.a(sched.o)
                0x000000002000007c                sched_active_thread
 .bss.sched_num_threads
                0x0000000020000080        0x4 /home/kushal/code/riot/RIOT/examples/led/bin/samr21-xpro/core.a(sched.o)
                0x0000000020000080                sched_num_threads
 .bss.sched_runqueues
                0x0000000020000084       0x40 /home/kushal/code/riot/RIOT/examples/led/bin/samr21-xpro/core.a(sched.o)
                0x0000000020000084                sched_runqueues
 .bss.sched_threads
                0x00000000200000c4       0x84 /home/kushal/code/riot/RIOT/examples/led/bin/samr21-xpro/core.a(sched.o)
                0x00000000200000c4                sched_threads
 .bss.runqueue_bitcache
                0x0000000020000148        0x4 /home/kushal/code/riot/RIOT/examples/led/bin/samr21-xpro/core.a(sched.o)
 .bss           0x000000002000014c        0x0 /home/kushal/code/riot/RIOT/examples/led/bin/samr21-xpro/core.a(clist.o)
 .bss           0x000000002000014c        0x0 /home/kushal/code/riot/RIOT/examples/led/bin/samr21-xpro/core.a(kernel_init.o)
 .bss.idle_stack
                0x000000002000014c      0x100 /home/kushal/code/riot/RIOT/examples/led/bin/samr21-xpro/core.a(kernel_init.o)
 .bss.main_stack
                0x000000002000024c      0x600 /home/kushal/code/riot/RIOT/examples/led/bin/samr21-xpro/core.a(kernel_init.o)
 .bss.lpm_prevent_sleep
                0x000000002000084c        0x4 /home/kushal/code/riot/RIOT/examples/led/bin/samr21-xpro/core.a(kernel_init.o)
                0x000000002000084c                lpm_prevent_sleep
 .bss           0x0000000020000850        0x0 /home/kushal/code/riot/RIOT/examples/led/bin/samr21-xpro/core.a(thread.o)
 .bss           0x0000000020000850        0x0 /home/kushal/code/riot/RIOT/examples/led/bin/samr21-xpro/core.a(hwtimer.o)
 .bss.lifo      0x0000000020000850        0xc /home/kushal/code/riot/RIOT/examples/led/bin/samr21-xpro/core.a(hwtimer.o)
 .bss.timer     0x000000002000085c       0x10 /home/kushal/code/riot/RIOT/examples/led/bin/samr21-xpro/core.a(hwtimer.o)
 .bss           0x000000002000086c        0x0 /home/kushal/code/riot/RIOT/examples/led/bin/samr21-xpro/core.a(bitarithm.o)
 .bss           0x000000002000086c        0x0 /home/kushal/code/riot/RIOT/examples/led/bin/samr21-xpro/core.a(mutex.o)
 .bss           0x000000002000086c        0x0 /home/kushal/code/riot/RIOT/examples/led/bin/samr21-xpro/core.a(atomic.o)
 .bss           0x000000002000086c        0x0 /home/kushal/code/riot/RIOT/examples/led/bin/samr21-xpro/core.a(priority_queue.o)
 .bss           0x000000002000086c        0x0 /home/kushal/code/riot/RIOT/examples/led/bin/samr21-xpro/core.a(lifo.o)
 .bss           0x000000002000086c        0x0 /home/kushal/code/riot/RIOT/examples/led/bin/samr21-xpro/cortexm_common.a(irq_arch.o)
 .bss           0x000000002000086c        0x0 /home/kushal/code/riot/RIOT/examples/led/bin/samr21-xpro/cortexm_common.a(thread_arch.o)
 .bss           0x000000002000086c        0x0 /home/kushal/code/riot/RIOT/examples/led/bin/samr21-xpro/cpu.a(lpm_arch.o)
 .bss           0x000000002000086c        0x0 /home/kushal/code/riot/RIOT/examples/led/bin/samr21-xpro/hwtimer_compat.a(hwtimer_arch.o)
 .bss.timeout_handler
                0x000000002000086c        0x4 /home/kushal/code/riot/RIOT/examples/led/bin/samr21-xpro/hwtimer_compat.a(hwtimer_arch.o)
                0x000000002000086c                timeout_handler
 .bss           0x0000000020000870        0x0 /home/kushal/code/riot/RIOT/examples/led/bin/samr21-xpro/periph.a(uart.o)
 .bss.uart_config
                0x0000000020000870        0xc /home/kushal/code/riot/RIOT/examples/led/bin/samr21-xpro/periph.a(uart.o)
 .bss           0x000000002000087c        0x0 /home/kushal/code/riot/RIOT/examples/led/bin/samr21-xpro/periph.a(timer.o)
 .bss.config    0x000000002000087c        0x8 /home/kushal/code/riot/RIOT/examples/led/bin/samr21-xpro/periph.a(timer.o)
                0x000000002000087c                config
 .bss           0x0000000020000884        0x0 /home/kushal/code/riot/RIOT/examples/led/bin/samr21-xpro/uart0.a(uart0.o)
 .bss.uart0_handler_pid
                0x0000000020000884        0x2 /home/kushal/code/riot/RIOT/examples/led/bin/samr21-xpro/uart0.a(uart0.o)
                0x0000000020000884                uart0_handler_pid
 .bss.buffer    0x0000000020000886       0x80 /home/kushal/code/riot/RIOT/examples/led/bin/samr21-xpro/uart0.a(uart0.o)
 *fill*         0x0000000020000906        0x2 
 .bss.uart0_ringbuffer
                0x0000000020000908       0x10 /home/kushal/code/riot/RIOT/examples/led/bin/samr21-xpro/uart0.a(uart0.o)
                0x0000000020000908                uart0_ringbuffer
 .bss.uart0_thread_stack
                0x0000000020000918      0x400 /home/kushal/code/riot/RIOT/examples/led/bin/samr21-xpro/uart0.a(uart0.o)
 .bss           0x0000000020000d18        0x0 /home/kushal/code/riot/RIOT/examples/led/bin/samr21-xpro/samr21-xpro_base.a(board.o)
 .bss           0x0000000020000d18        0x0 /home/kushal/code/riot/RIOT/examples/led/bin/samr21-xpro/led.a(main.o)
 .bss           0x0000000020000d18        0x0 /home/kushal/code/riot/RIOT/examples/led/bin/samr21-xpro/auto_init.a(auto_init.o)
 .bss           0x0000000020000d18        0x0 /home/kushal/code/riot/RIOT/examples/led/bin/samr21-xpro/core.a(msg.o)
 .bss           0x0000000020000d18        0x0 /home/kushal/code/riot/RIOT/examples/led/bin/samr21-xpro/core.a(ringbuffer.o)
 .bss           0x0000000020000d18        0x0 /home/kushal/code/riot/RIOT/examples/led/bin/samr21-xpro/cpu.a(cpu.o)
 .bss           0x0000000020000d18        0x0 /home/kushal/code/riot/RIOT/examples/led/bin/samr21-xpro/posix.a(posix_io.o)
 .bss           0x0000000020000d18        0x0 /home/kushal/code/riot/RIOT/examples/led/bin/samr21-xpro/posix.a(unistd.o)
 .bss           0x0000000020000d18        0x0 /home/kushal/code/riot/RIOT/examples/led/bin/samr21-xpro/posix.a(fd.o)
 .bss.fd_table  0x0000000020000d18      0x12c /home/kushal/code/riot/RIOT/examples/led/bin/samr21-xpro/posix.a(fd.o)
 .bss           0x0000000020000e44        0x0 /home/kushal/code/riot/RIOT/examples/led/bin/samr21-xpro/sys.a(chardev_thread.o)
 .bss           0x0000000020000e44        0x0 /home/kushal/code/riot/RIOT/examples/led/bin/samr21-xpro/timex.a(timex.o)
 .bss           0x0000000020000e44        0x0 /home/kushal/code/riot/RIOT/examples/led/bin/samr21-xpro/vtimer.a(vtimer.o)
 .bss.in_callback
                0x0000000020000e44        0x4 /home/kushal/code/riot/RIOT/examples/led/bin/samr21-xpro/vtimer.a(vtimer.o)
 .bss.shortterm_priority_queue_root
                0x0000000020000e48        0x4 /home/kushal/code/riot/RIOT/examples/led/bin/samr21-xpro/vtimer.a(vtimer.o)
 .bss.longterm_tick_start
                0x0000000020000e4c        0x4 /home/kushal/code/riot/RIOT/examples/led/bin/samr21-xpro/vtimer.a(vtimer.o)
 .bss.longterm_priority_queue_root
                0x0000000020000e50        0x4 /home/kushal/code/riot/RIOT/examples/led/bin/samr21-xpro/vtimer.a(vtimer.o)
 .bss.hwtimer_next_absolute
                0x0000000020000e54        0x4 /home/kushal/code/riot/RIOT/examples/led/bin/samr21-xpro/vtimer.a(vtimer.o)
 .bss.longterm_tick_timer
                0x0000000020000e58       0x24 /home/kushal/code/riot/RIOT/examples/led/bin/samr21-xpro/vtimer.a(vtimer.o)
 .bss           0x0000000020000e7c        0x0 /home/kushal/code/riot/RIOT/examples/led/bin/samr21-xpro/cortexm_common.a(cortexm_init.o)
 .bss           0x0000000020000e7c        0x0 /usr/lib/gcc/arm-none-eabi/5.1.0/armv6-m/libgcc.a(_udivsi3.o)
 .bss           0x0000000020000e7c        0x0 /usr/lib/gcc/arm-none-eabi/5.1.0/armv6-m/libgcc.a(_dvmd_tls.o)
 .bss           0x0000000020000e7c        0x0 /usr/lib/gcc/arm-none-eabi/5.1.0/../../../../arm-none-eabi/lib/armv6-m/libc_nano.a(lib_a-errno.o)
 .bss           0x0000000020000e7c        0x0 /usr/lib/gcc/arm-none-eabi/5.1.0/../../../../arm-none-eabi/lib/armv6-m/libc_nano.a(lib_a-impure.o)
 .bss           0x0000000020000e7c        0x0 /usr/lib/gcc/arm-none-eabi/5.1.0/../../../../arm-none-eabi/lib/armv6-m/libc_nano.a(lib_a-init.o)
 .bss           0x0000000020000e7c        0x0 /usr/lib/gcc/arm-none-eabi/5.1.0/../../../../arm-none-eabi/lib/armv6-m/libc_nano.a(lib_a-memcpy.o)
 .bss           0x0000000020000e7c        0x0 /usr/lib/gcc/arm-none-eabi/5.1.0/../../../../arm-none-eabi/lib/armv6-m/libc_nano.a(lib_a-memset.o)
 .bss           0x0000000020000e7c        0x0 /usr/lib/gcc/arm-none-eabi/5.1.0/../../../../arm-none-eabi/lib/armv6-m/libc_nano.a(lib_a-printf.o)
 .bss           0x0000000020000e7c        0x0 /usr/lib/gcc/arm-none-eabi/5.1.0/../../../../arm-none-eabi/lib/armv6-m/libc_nano.a(lib_a-puts.o)
 .bss           0x0000000020000e7c        0x0 /usr/lib/gcc/arm-none-eabi/5.1.0/../../../../arm-none-eabi/lib/armv6-m/libc_nano.a(lib_a-wbuf.o)
 .bss           0x0000000020000e7c        0x0 /usr/lib/gcc/arm-none-eabi/5.1.0/../../../../arm-none-eabi/lib/armv6-m/libc_nano.a(lib_a-wsetup.o)
 .bss           0x0000000020000e7c        0x0 /usr/lib/gcc/arm-none-eabi/5.1.0/../../../../arm-none-eabi/lib/armv6-m/libc_nano.a(lib_a-fflush.o)
 .bss           0x0000000020000e7c        0x0 /usr/lib/gcc/arm-none-eabi/5.1.0/../../../../arm-none-eabi/lib/armv6-m/libc_nano.a(lib_a-findfp.o)
 .bss           0x0000000020000e7c        0x0 /usr/lib/gcc/arm-none-eabi/5.1.0/../../../../arm-none-eabi/lib/armv6-m/libc_nano.a(lib_a-fwalk.o)
 .bss           0x0000000020000e7c        0x0 /usr/lib/gcc/arm-none-eabi/5.1.0/../../../../arm-none-eabi/lib/armv6-m/libc_nano.a(lib_a-makebuf.o)
 .bss           0x0000000020000e7c        0x0 /usr/lib/gcc/arm-none-eabi/5.1.0/../../../../arm-none-eabi/lib/armv6-m/libc_nano.a(lib_a-nano-freer.o)
 .bss           0x0000000020000e7c        0x0 /usr/lib/gcc/arm-none-eabi/5.1.0/../../../../arm-none-eabi/lib/armv6-m/libc_nano.a(lib_a-nano-mallocr.o)
 .bss.__malloc_sbrk_start
                0x0000000020000e7c        0x4 /usr/lib/gcc/arm-none-eabi/5.1.0/../../../../arm-none-eabi/lib/armv6-m/libc_nano.a(lib_a-nano-mallocr.o)
                0x0000000020000e7c                __malloc_sbrk_start
 .bss.__malloc_free_list
                0x0000000020000e80        0x4 /usr/lib/gcc/arm-none-eabi/5.1.0/../../../../arm-none-eabi/lib/armv6-m/libc_nano.a(lib_a-nano-mallocr.o)
                0x0000000020000e80                __malloc_free_list
 .bss           0x0000000020000e84        0x0 /usr/lib/gcc/arm-none-eabi/5.1.0/../../../../arm-none-eabi/lib/armv6-m/libc_nano.a(lib_a-nano-vfprintf.o)
 .bss           0x0000000020000e84        0x0 /usr/lib/gcc/arm-none-eabi/5.1.0/../../../../arm-none-eabi/lib/armv6-m/libc_nano.a(lib_a-nano-vfprintf_i.o)
 .bss           0x0000000020000e84        0x0 /usr/lib/gcc/arm-none-eabi/5.1.0/../../../../arm-none-eabi/lib/armv6-m/libc_nano.a(lib_a-stdio.o)
 .bss           0x0000000020000e84        0x0 /usr/lib/gcc/arm-none-eabi/5.1.0/../../../../arm-none-eabi/lib/armv6-m/libc_nano.a(lib_a-fvwrite.o)
 .bss           0x0000000020000e84        0x0 /usr/lib/gcc/arm-none-eabi/5.1.0/../../../../arm-none-eabi/lib/armv6-m/libc_nano.a(lib_a-memchr.o)
 .bss           0x0000000020000e84        0x0 /usr/lib/gcc/arm-none-eabi/5.1.0/../../../../arm-none-eabi/lib/armv6-m/libc_nano.a(lib_a-memmove.o)
 .bss           0x0000000020000e84        0x0 /usr/lib/gcc/arm-none-eabi/5.1.0/../../../../arm-none-eabi/lib/armv6-m/libc_nano.a(lib_a-nano-reallocr.o)
 .bss           0x0000000020000e84        0x0 /usr/lib/gcc/arm-none-eabi/5.1.0/../../../../arm-none-eabi/lib/armv6-m/libc_nano.a(lib_a-nano-msizer.o)
 .bss           0x0000000020000e84        0x0 /usr/lib/gcc/arm-none-eabi/5.1.0/armv6-m/libgcc.a(_divsi3.o)
 *(COMMON)
                0x0000000020000e84                . = ALIGN (0x4)
                0x0000000020000e84                _ebss = .
                0x0000000020000e84                _ezero = .

.stack          0x0000000020000e84      0x204 load address 0x0000000000004584
                0x0000000020000e88                . = ALIGN (0x8)
 *fill*         0x0000000020000e84        0x4 
                0x0000000020000e88                _sstack = .
                0x0000000020001088                . = (. + STACK_SIZE)
 *fill*         0x0000000020000e88      0x200 
                0x0000000020001088                . = ALIGN (0x8)
                0x0000000020001088                _estack = .
                0x0000000020001088                . = ALIGN (0x4)
                0x0000000020001088                _sheap = .
                0x0000000020008000                _eheap = (ORIGIN (ram) + 0x8000)
OUTPUT(/home/kushal/code/riot/RIOT/examples/led/bin/samr21-xpro/led.elf elf32-littlearm)

.debug_info     0x0000000000000000    0x3b454
 .debug_info    0x0000000000000000     0x30d4 /home/kushal/code/riot/RIOT/examples/led/bin/samr21-xpro/newlib/syscalls.o
 .debug_info    0x00000000000030d4      0x170 /home/kushal/code/riot/RIOT/examples/led/bin/samr21-xpro/cpu/startup.o
 .debug_info    0x0000000000003244     0x2523 /home/kushal/code/riot/RIOT/examples/led/bin/samr21-xpro/core.a(sched.o)
 .debug_info    0x0000000000005767      0x11c /home/kushal/code/riot/RIOT/examples/led/bin/samr21-xpro/core.a(clist.o)
 .debug_info    0x0000000000005883     0x23c7 /home/kushal/code/riot/RIOT/examples/led/bin/samr21-xpro/core.a(kernel_init.o)
 .debug_info    0x0000000000007c4a     0x2874 /home/kushal/code/riot/RIOT/examples/led/bin/samr21-xpro/core.a(thread.o)
 .debug_info    0x000000000000a4be     0x2854 /home/kushal/code/riot/RIOT/examples/led/bin/samr21-xpro/core.a(hwtimer.o)
 .debug_info    0x000000000000cd12      0x116 /home/kushal/code/riot/RIOT/examples/led/bin/samr21-xpro/core.a(bitarithm.o)
 .debug_info    0x000000000000ce28     0x26b8 /home/kushal/code/riot/RIOT/examples/led/bin/samr21-xpro/core.a(mutex.o)
 .debug_info    0x000000000000f4e0      0x12b /home/kushal/code/riot/RIOT/examples/led/bin/samr21-xpro/core.a(atomic.o)
 .debug_info    0x000000000000f60b     0x21d6 /home/kushal/code/riot/RIOT/examples/led/bin/samr21-xpro/core.a(priority_queue.o)
 .debug_info    0x00000000000117e1     0x2203 /home/kushal/code/riot/RIOT/examples/led/bin/samr21-xpro/core.a(lifo.o)
 .debug_info    0x00000000000139e4      0x205 /home/kushal/code/riot/RIOT/examples/led/bin/samr21-xpro/cortexm_common.a(irq_arch.o)
 .debug_info    0x0000000000013be9     0x2554 /home/kushal/code/riot/RIOT/examples/led/bin/samr21-xpro/cortexm_common.a(thread_arch.o)
 .debug_info    0x000000000001613d       0xb7 /home/kushal/code/riot/RIOT/examples/led/bin/samr21-xpro/cpu.a(lpm_arch.o)
 .debug_info    0x00000000000161f4     0x2364 /home/kushal/code/riot/RIOT/examples/led/bin/samr21-xpro/hwtimer_compat.a(hwtimer_arch.o)
 .debug_info    0x0000000000018558     0x4cd0 /home/kushal/code/riot/RIOT/examples/led/bin/samr21-xpro/periph.a(uart.o)
 .debug_info    0x000000000001d228     0x3c7a /home/kushal/code/riot/RIOT/examples/led/bin/samr21-xpro/periph.a(timer.o)
 .debug_info    0x0000000000020ea2     0x2c6c /home/kushal/code/riot/RIOT/examples/led/bin/samr21-xpro/uart0.a(uart0.o)
 .debug_info    0x0000000000023b0e     0x20ce /home/kushal/code/riot/RIOT/examples/led/bin/samr21-xpro/samr21-xpro_base.a(board.o)
 .debug_info    0x0000000000025bdc     0x2145 /home/kushal/code/riot/RIOT/examples/led/bin/samr21-xpro/led.a(main.o)
 .debug_info    0x0000000000027d21     0x20e2 /home/kushal/code/riot/RIOT/examples/led/bin/samr21-xpro/auto_init.a(auto_init.o)
 .debug_info    0x0000000000029e03     0x2ce2 /home/kushal/code/riot/RIOT/examples/led/bin/samr21-xpro/core.a(msg.o)
 .debug_info    0x000000000002cae5      0x4f5 /home/kushal/code/riot/RIOT/examples/led/bin/samr21-xpro/core.a(ringbuffer.o)
 .debug_info    0x000000000002cfda     0x4120 /home/kushal/code/riot/RIOT/examples/led/bin/samr21-xpro/cpu.a(cpu.o)
 .debug_info    0x00000000000310fa     0x243d /home/kushal/code/riot/RIOT/examples/led/bin/samr21-xpro/posix.a(posix_io.o)
 .debug_info    0x0000000000033537      0x352 /home/kushal/code/riot/RIOT/examples/led/bin/samr21-xpro/posix.a(unistd.o)
 .debug_info    0x0000000000033889      0x448 /home/kushal/code/riot/RIOT/examples/led/bin/samr21-xpro/posix.a(fd.o)
 .debug_info    0x0000000000033cd1     0x23c6 /home/kushal/code/riot/RIOT/examples/led/bin/samr21-xpro/sys.a(chardev_thread.o)
 .debug_info    0x0000000000036097     0x21db /home/kushal/code/riot/RIOT/examples/led/bin/samr21-xpro/timex.a(timex.o)
 .debug_info    0x0000000000038272     0x2de7 /home/kushal/code/riot/RIOT/examples/led/bin/samr21-xpro/vtimer.a(vtimer.o)
 .debug_info    0x000000000003b059      0x3fb /home/kushal/code/riot/RIOT/examples/led/bin/samr21-xpro/cortexm_common.a(cortexm_init.o)

.debug_abbrev   0x0000000000000000     0x4ac0
 .debug_abbrev  0x0000000000000000      0x429 /home/kushal/code/riot/RIOT/examples/led/bin/samr21-xpro/newlib/syscalls.o
 .debug_abbrev  0x0000000000000429       0xf0 /home/kushal/code/riot/RIOT/examples/led/bin/samr21-xpro/cpu/startup.o
 .debug_abbrev  0x0000000000000519      0x2cc /home/kushal/code/riot/RIOT/examples/led/bin/samr21-xpro/core.a(sched.o)
 .debug_abbrev  0x00000000000007e5       0xa2 /home/kushal/code/riot/RIOT/examples/led/bin/samr21-xpro/core.a(clist.o)
 .debug_abbrev  0x0000000000000887      0x2da /home/kushal/code/riot/RIOT/examples/led/bin/samr21-xpro/core.a(kernel_init.o)
 .debug_abbrev  0x0000000000000b61      0x37b /home/kushal/code/riot/RIOT/examples/led/bin/samr21-xpro/core.a(thread.o)
 .debug_abbrev  0x0000000000000edc      0x316 /home/kushal/code/riot/RIOT/examples/led/bin/samr21-xpro/core.a(hwtimer.o)
 .debug_abbrev  0x00000000000011f2       0x81 /home/kushal/code/riot/RIOT/examples/led/bin/samr21-xpro/core.a(bitarithm.o)
 .debug_abbrev  0x0000000000001273      0x337 /home/kushal/code/riot/RIOT/examples/led/bin/samr21-xpro/core.a(mutex.o)
 .debug_abbrev  0x00000000000015aa       0xd6 /home/kushal/code/riot/RIOT/examples/led/bin/samr21-xpro/core.a(atomic.o)
 .debug_abbrev  0x0000000000001680      0x1fc /home/kushal/code/riot/RIOT/examples/led/bin/samr21-xpro/core.a(priority_queue.o)
 .debug_abbrev  0x000000000000187c      0x278 /home/kushal/code/riot/RIOT/examples/led/bin/samr21-xpro/core.a(lifo.o)
 .debug_abbrev  0x0000000000001af4      0x14b /home/kushal/code/riot/RIOT/examples/led/bin/samr21-xpro/cortexm_common.a(irq_arch.o)