Archive member included to satisfy reference by file (symbol)

/home/kushal/kaspar/RIOT/examples/bss_and_data/bin/samr21-xpro/core.a(sched.o)
                              /home/kushal/kaspar/RIOT/examples/bss_and_data/bin/samr21-xpro/newlib/syscalls.o (sched_active_pid)
/home/kushal/kaspar/RIOT/examples/bss_and_data/bin/samr21-xpro/core.a(clist.o)
                              /home/kushal/kaspar/RIOT/examples/bss_and_data/bin/samr21-xpro/core.a(sched.o) (clist_add)
/home/kushal/kaspar/RIOT/examples/bss_and_data/bin/samr21-xpro/core.a(reboot.o)
                              /home/kushal/kaspar/RIOT/examples/bss_and_data/bin/samr21-xpro/newlib/syscalls.o (reboot)
/home/kushal/kaspar/RIOT/examples/bss_and_data/bin/samr21-xpro/core.a(bitarithm.o)
                              /home/kushal/kaspar/RIOT/examples/bss_and_data/bin/samr21-xpro/core.a(sched.o) (bitarithm_lsb)
/home/kushal/kaspar/RIOT/examples/bss_and_data/bin/samr21-xpro/cortexm_common.a(reboot_arch.o)
                              /home/kushal/kaspar/RIOT/examples/bss_and_data/bin/samr21-xpro/core.a(reboot.o) (reboot_arch)
/home/kushal/kaspar/RIOT/examples/bss_and_data/bin/samr21-xpro/cortexm_common.a(irq_arch.o)
                              /home/kushal/kaspar/RIOT/examples/bss_and_data/bin/samr21-xpro/newlib/syscalls.o (irq_arch_disable)
/home/kushal/kaspar/RIOT/examples/bss_and_data/bin/samr21-xpro/cortexm_common.a(thread_arch.o)
                              /home/kushal/kaspar/RIOT/examples/bss_and_data/bin/samr21-xpro/core.a(sched.o) (thread_arch_start_threading)
/home/kushal/kaspar/RIOT/examples/bss_and_data/bin/samr21-xpro/cortexm_common.a(vectors_cortexm.o)
                              /home/kushal/kaspar/RIOT/examples/bss_and_data/bin/samr21-xpro/cpu/vectors.o (reset_handler_default)
/home/kushal/kaspar/RIOT/examples/bss_and_data/bin/samr21-xpro/uart_stdio.a(uart_stdio.o)
                              /home/kushal/kaspar/RIOT/examples/bss_and_data/bin/samr21-xpro/newlib/syscalls.o (uart_stdio_init)
/home/kushal/kaspar/RIOT/examples/bss_and_data/bin/samr21-xpro/samr21-xpro_base.a(board.o)
                              /home/kushal/kaspar/RIOT/examples/bss_and_data/bin/samr21-xpro/cortexm_common.a(vectors_cortexm.o) (board_init)
/home/kushal/kaspar/RIOT/examples/bss_and_data/bin/samr21-xpro/core.a(panic.o)
                              /home/kushal/kaspar/RIOT/examples/bss_and_data/bin/samr21-xpro/cortexm_common.a(vectors_cortexm.o) (core_panic)
/home/kushal/kaspar/RIOT/examples/bss_and_data/bin/samr21-xpro/core.a(hwtimer.o)
                              /home/kushal/kaspar/RIOT/examples/bss_and_data/bin/samr21-xpro/cortexm_common.a(reboot_arch.o) (hwtimer_wait)
/home/kushal/kaspar/RIOT/examples/bss_and_data/bin/samr21-xpro/core.a(mutex.o)
                              /home/kushal/kaspar/RIOT/examples/bss_and_data/bin/samr21-xpro/uart_stdio.a(uart_stdio.o) (mutex_lock)
/home/kushal/kaspar/RIOT/examples/bss_and_data/bin/samr21-xpro/core.a(atomic.o)
                              /home/kushal/kaspar/RIOT/examples/bss_and_data/bin/samr21-xpro/core.a(mutex.o) (atomic_cas)
/home/kushal/kaspar/RIOT/examples/bss_and_data/bin/samr21-xpro/core.a(ringbuffer.o)
                              /home/kushal/kaspar/RIOT/examples/bss_and_data/bin/samr21-xpro/uart_stdio.a(uart_stdio.o) (ringbuffer_add_one)
/home/kushal/kaspar/RIOT/examples/bss_and_data/bin/samr21-xpro/core.a(priority_queue.o)
                              /home/kushal/kaspar/RIOT/examples/bss_and_data/bin/samr21-xpro/core.a(mutex.o) (priority_queue_remove_head)
/home/kushal/kaspar/RIOT/examples/bss_and_data/bin/samr21-xpro/core.a(kernel_init.o)
                              /home/kushal/kaspar/RIOT/examples/bss_and_data/bin/samr21-xpro/cortexm_common.a(vectors_cortexm.o) (kernel_init)
/home/kushal/kaspar/RIOT/examples/bss_and_data/bin/samr21-xpro/core.a(lifo.o)
                              /home/kushal/kaspar/RIOT/examples/bss_and_data/bin/samr21-xpro/core.a(hwtimer.o) (lifo_empty)
/home/kushal/kaspar/RIOT/examples/bss_and_data/bin/samr21-xpro/core.a(thread.o)
                              /home/kushal/kaspar/RIOT/examples/bss_and_data/bin/samr21-xpro/core.a(kernel_init.o) (thread_create)
/home/kushal/kaspar/RIOT/examples/bss_and_data/bin/samr21-xpro/cortexm_common.a(panic.o)
                              /home/kushal/kaspar/RIOT/examples/bss_and_data/bin/samr21-xpro/core.a(panic.o) (panic_arch)
/home/kushal/kaspar/RIOT/examples/bss_and_data/bin/samr21-xpro/cpu.a(cpu.o)
                              /home/kushal/kaspar/RIOT/examples/bss_and_data/bin/samr21-xpro/samr21-xpro_base.a(board.o) (cpu_init)
/home/kushal/kaspar/RIOT/examples/bss_and_data/bin/samr21-xpro/cpu.a(lpm_arch.o)
                              /home/kushal/kaspar/RIOT/examples/bss_and_data/bin/samr21-xpro/core.a(kernel_init.o) (lpm_arch_set)
/home/kushal/kaspar/RIOT/examples/bss_and_data/bin/samr21-xpro/hwtimer_compat.a(hwtimer_arch.o)
[...]
Memory Configuration

Name             Origin             Length             Attributes
rom              0x0000000000000000 0x0000000000040000 xr
ram              0x0000000020000000 0x0000000000008000 xrw
*default*        0x0000000000000000 0xffffffffffffffff

Linker script and memory map

LOAD /home/kushal/kaspar/RIOT/examples/bss_and_data/bin/samr21-xpro/newlib/syscalls.o
LOAD /home/kushal/kaspar/RIOT/examples/bss_and_data/bin/samr21-xpro/cpu/vectors.o
START GROUP
LOAD /home/kushal/kaspar/RIOT/examples/bss_and_data/bin/samr21-xpro/auto_init.a
LOAD /home/kushal/kaspar/RIOT/examples/bss_and_data/bin/samr21-xpro/core.a
LOAD /home/kushal/kaspar/RIOT/examples/bss_and_data/bin/samr21-xpro/cortexm_common.a
LOAD /home/kushal/kaspar/RIOT/examples/bss_and_data/bin/samr21-xpro/cpu.a
LOAD /home/kushal/kaspar/RIOT/examples/bss_and_data/bin/samr21-xpro/hwtimer_compat.a
LOAD /home/kushal/kaspar/RIOT/examples/bss_and_data/bin/samr21-xpro/periph.a
LOAD /home/kushal/kaspar/RIOT/examples/bss_and_data/bin/samr21-xpro/sys.a
LOAD /home/kushal/kaspar/RIOT/examples/bss_and_data/bin/samr21-xpro/uart_stdio.a
LOAD /home/kushal/kaspar/RIOT/examples/bss_and_data/bin/samr21-xpro/samr21-xpro_base.a
LOAD /home/kushal/kaspar/RIOT/examples/bss_and_data/bin/samr21-xpro/app-test.a
LOAD /usr/lib/gcc/arm-none-eabi/5.2.0/../../../../arm-none-eabi/lib/armv6-m/libm.a
END GROUP
LOAD /usr/lib/gcc/arm-none-eabi/5.2.0/armv6-m/libgcc.a
LOAD /usr/lib/gcc/arm-none-eabi/5.2.0/../../../../arm-none-eabi/lib/armv6-m/libc_nano.a
LOAD /usr/lib/gcc/arm-none-eabi/5.2.0/../../../../arm-none-eabi/lib/armv6-m/libnosys.a
START GROUP
LOAD /usr/lib/gcc/arm-none-eabi/5.2.0/armv6-m/libgcc.a
LOAD /usr/lib/gcc/arm-none-eabi/5.2.0/../../../../arm-none-eabi/lib/armv6-m/libc_nano.a
END GROUP
START GROUP
LOAD /usr/lib/gcc/arm-none-eabi/5.2.0/armv6-m/libgcc.a
LOAD /usr/lib/gcc/arm-none-eabi/5.2.0/../../../../arm-none-eabi/lib/armv6-m/libc_nano.a
END GROUP
                0x0000000000000200                STACK_SIZE = DEFINED (STACK_SIZE)?STACK_SIZE:0x200

.text           0x0000000000000000     0x2b8c
                0x0000000000000000                . = ALIGN (0x4)
                0x0000000000000000                _sfixed = .
 *(.vectors .vectors.*)
 .vectors       0x0000000000000000       0xb0 /home/kushal/kaspar/RIOT/examples/bss_and_data/bin/samr21-xpro/cpu/vectors.o
                0x0000000000000000                interrupt_vector
 *(.text .text.* .gnu.linkonce.t.*)
 .text._init    0x00000000000000b0        0x8 /home/kushal/kaspar/RIOT/examples/bss_and_data/bin/samr21-xpro/newlib/syscalls.o
                0x00000000000000b0                _init
 .text._sbrk_r  0x00000000000000b8       0x50 /home/kushal/kaspar/RIOT/examples/bss_and_data/bin/samr21-xpro/newlib/syscalls.o
                0x00000000000000b8                _sbrk_r
 .text._open_r  0x0000000000000108        0xa /home/kushal/kaspar/RIOT/examples/bss_and_data/bin/samr21-xpro/newlib/syscalls.o
                0x0000000000000108                _open_r
 .text._read_r  0x0000000000000112        0xc /home/kushal/kaspar/RIOT/examples/bss_and_data/bin/samr21-xpro/newlib/syscalls.o
                0x0000000000000112                _read_r
 .text._write_r
                0x000000000000011e        0xc /home/kushal/kaspar/RIOT/examples/bss_and_data/bin/samr21-xpro/newlib/syscalls.o
                0x000000000000011e                _write_r
 .text._close_r
                0x000000000000012a        0xa /home/kushal/kaspar/RIOT/examples/bss_and_data/bin/samr21-xpro/newlib/syscalls.o
                0x000000000000012a                _close_r
 .text._lseek_r
                0x0000000000000134        0xa /home/kushal/kaspar/RIOT/examples/bss_and_data/bin/samr21-xpro/newlib/syscalls.o
                0x0000000000000134                _lseek_r
 .text._fstat_r
                0x000000000000013e        0xa /home/kushal/kaspar/RIOT/examples/bss_and_data/bin/samr21-xpro/newlib/syscalls.o
                0x000000000000013e                _fstat_r
 .text._isatty_r
                0x0000000000000148        0xe /home/kushal/kaspar/RIOT/examples/bss_and_data/bin/samr21-xpro/newlib/syscalls.o
                0x0000000000000148                _isatty_r
 .text.dummy_handler
                0x0000000000000156        0x8 /home/kushal/kaspar/RIOT/examples/bss_and_data/bin/samr21-xpro/cpu/vectors.o
                0x0000000000000156                isr_evsys
                0x0000000000000156                isr_dac
                0x0000000000000156                isr_tc6
                0x0000000000000156                isr_eic
                0x0000000000000156                isr_ptc
                0x0000000000000156                isr_dmac
                0x0000000000000156                isr_sercom5
                0x0000000000000156                isr_tc7
                0x0000000000000156                isr_sysctrl
                0x0000000000000156                isr_tcc0
                0x0000000000000156                isr_pm
                0x0000000000000156                isr_tc5
                0x0000000000000156                dummy_handler
                0x0000000000000156                isr_adc
                0x0000000000000156                isr_wdt
                0x0000000000000156                isr_sercom3
                0x0000000000000156                isr_ac
                0x0000000000000156                isr_tcc2
                0x0000000000000156                isr_i2c
                0x0000000000000156                isr_rtc
                0x0000000000000156                isr_usb
                0x0000000000000156                isr_sercom2
                0x0000000000000156                isr_sercom4
                0x0000000000000156                isr_nvmctrl
                0x0000000000000156                isr_tcc1
                0x0000000000000156                isr_sercom1
                0x0000000000000156                isr_systick
 *fill*         0x000000000000015e        0x2 
 .text.sched_run
                0x0000000000000160       0x54 /home/kushal/kaspar/RIOT/examples/bss_and_data/bin/samr21-xpro/core.a(sched.o)
                0x0000000000000160                sched_run
 .text.sched_set_status
                0x00000000000001b4       0x68 /home/kushal/kaspar/RIOT/examples/bss_and_data/bin/samr21-xpro/core.a(sched.o)
                0x00000000000001b4                sched_set_status
 .text.sched_switch
                0x000000000000021c       0x30 /home/kushal/kaspar/RIOT/examples/bss_and_data/bin/samr21-xpro/core.a(sched.o)
                0x000000000000021c                sched_switch
 .text.sched_task_exit
                0x000000000000024c       0x3c /home/kushal/kaspar/RIOT/examples/bss_and_data/bin/samr21-xpro/core.a(sched.o)
                0x000000000000024c                sched_task_exit
 .text.clist_add
                0x0000000000000288       0x2c /home/kushal/kaspar/RIOT/examples/bss_and_data/bin/samr21-xpro/core.a(clist.o)
                0x0000000000000288                clist_add
 .text.clist_remove
                0x00000000000002b4       0x1c /home/kushal/kaspar/RIOT/examples/bss_and_data/bin/samr21-xpro/core.a(clist.o)
                0x00000000000002b4                clist_remove
 .text.bitarithm_lsb
                0x00000000000002d0       0x12 /home/kushal/kaspar/RIOT/examples/bss_and_data/bin/samr21-xpro/core.a(bitarithm.o)
                0x00000000000002d0                bitarithm_lsb
 .text.irq_arch_disable
                0x00000000000002e2        0x8 /home/kushal/kaspar/RIOT/examples/bss_and_data/bin/samr21-xpro/cortexm_common.a(irq_arch.o)
                0x00000000000002e2                irq_arch_disable
 .text.irq_arch_enable
                0x00000000000002ea        0x8 /home/kushal/kaspar/RIOT/examples/bss_and_data/bin/samr21-xpro/cortexm_common.a(irq_arch.o)
                0x00000000000002ea                irq_arch_enable
 .text.irq_arch_restore
                0x00000000000002f2        0x6 /home/kushal/kaspar/RIOT/examples/bss_and_data/bin/samr21-xpro/cortexm_common.a(irq_arch.o)
                0x00000000000002f2                irq_arch_restore
 .text.irq_arch_in
                0x00000000000002f8        0x8 /home/kushal/kaspar/RIOT/examples/bss_and_data/bin/samr21-xpro/cortexm_common.a(irq_arch.o)
                0x00000000000002f8                irq_arch_in
 .text.thread_arch_stack_init
                0x0000000000000300       0x90 /home/kushal/kaspar/RIOT/examples/bss_and_data/bin/samr21-xpro/cortexm_common.a(thread_arch.o)
                0x0000000000000300                thread_arch_stack_init
 .text.thread_arch_start_threading
                0x0000000000000390        0x8 /home/kushal/kaspar/RIOT/examples/bss_and_data/bin/samr21-xpro/cortexm_common.a(thread_arch.o)
                0x0000000000000390                thread_arch_start_threading
 .text.thread_arch_yield
                0x0000000000000398       0x14 /home/kushal/kaspar/RIOT/examples/bss_and_data/bin/samr21-xpro/cortexm_common.a(thread_arch.o)
                0x0000000000000398                thread_arch_yield
 .text.arch_context_switch
                0x00000000000003ac       0x4c /home/kushal/kaspar/RIOT/examples/bss_and_data/bin/samr21-xpro/cortexm_common.a(thread_arch.o)
                0x00000000000003ac                isr_pendsv
                0x00000000000003ac                arch_context_switch
                0x00000000000003cc                isr_svc
 .text.pre_startup
                0x00000000000003f8        0x2 /home/kushal/kaspar/RIOT/examples/bss_and_data/bin/samr21-xpro/cortexm_common.a(vectors_cortexm.o)
                0x00000000000003f8                pre_startup
 .text.post_startup
                0x00000000000003fa        0x2 /home/kushal/kaspar/RIOT/examples/bss_and_data/bin/samr21-xpro/cortexm_common.a(vectors_cortexm.o)
                0x00000000000003fa                post_startup
 .text.reset_handler_default
                0x00000000000003fc       0x68 /home/kushal/kaspar/RIOT/examples/bss_and_data/bin/samr21-xpro/cortexm_common.a(vectors_cortexm.o)
                0x00000000000003fc                reset_handler_default
 .text.nmi_default
                0x0000000000000464       0x10 /home/kushal/kaspar/RIOT/examples/bss_and_data/bin/samr21-xpro/cortexm_common.a(vectors_cortexm.o)
                0x0000000000000464                nmi_default
 .text.hard_fault_default
                0x0000000000000474       0x10 /home/kushal/kaspar/RIOT/examples/bss_and_data/bin/samr21-xpro/cortexm_common.a(vectors_cortexm.o)
                0x0000000000000474                hard_fault_default
 .text.dummy_handler_default
                0x0000000000000484       0x10 /home/kushal/kaspar/RIOT/examples/bss_and_data/bin/samr21-xpro/cortexm_common.a(vectors_cortexm.o)
                0x0000000000000484                dummy_handler_default
 .text.uart_stdio_rx_cb
                0x0000000000000494       0x18 /home/kushal/kaspar/RIOT/examples/bss_and_data/bin/samr21-xpro/uart_stdio.a(uart_stdio.o)
                0x0000000000000494                uart_stdio_rx_cb
 .text.uart_stdio_init
                0x00000000000004ac       0x38 /home/kushal/kaspar/RIOT/examples/bss_and_data/bin/samr21-xpro/uart_stdio.a(uart_stdio.o)
                0x00000000000004ac                uart_stdio_init
 .text.uart_stdio_read
                0x00000000000004e4       0x38 /home/kushal/kaspar/RIOT/examples/bss_and_data/bin/samr21-xpro/uart_stdio.a(uart_stdio.o)
                0x00000000000004e4                uart_stdio_read
 .text.uart_stdio_write
                0x000000000000051c       0x1c /home/kushal/kaspar/RIOT/examples/bss_and_data/bin/samr21-xpro/uart_stdio.a(uart_stdio.o)
                0x000000000000051c                uart_stdio_write
 .text.board_init
                0x0000000000000538       0x20 /home/kushal/kaspar/RIOT/examples/bss_and_data/bin/samr21-xpro/samr21-xpro_base.a(board.o)
                0x0000000000000538                board_init
 .text.core_panic
                0x0000000000000558       0x38 /home/kushal/kaspar/RIOT/examples/bss_and_data/bin/samr21-xpro/core.a(panic.o)
                0x0000000000000558                core_panic
 .text.multiplexer
                0x0000000000000590       0x30 /home/kushal/kaspar/RIOT/examples/bss_and_data/bin/samr21-xpro/core.a(hwtimer.o)
 .text.hwtimer_init_comp
                0x00000000000005c0       0x30 /home/kushal/kaspar/RIOT/examples/bss_and_data/bin/samr21-xpro/core.a(hwtimer.o)
                0x00000000000005c0                hwtimer_init_comp
 .text.hwtimer_init
                0x00000000000005f0       0x10 /home/kushal/kaspar/RIOT/examples/bss_and_data/bin/samr21-xpro/core.a(hwtimer.o)
                0x00000000000005f0                hwtimer_init
 .text.atomic_set_to_one
                0x0000000000000600       0x1e /home/kushal/kaspar/RIOT/examples/bss_and_data/bin/samr21-xpro/core.a(mutex.o)
 *fill*         0x000000000000061e        0x2 
 .text.mutex_lock
                0x0000000000000620       0x54 /home/kushal/kaspar/RIOT/examples/bss_and_data/bin/samr21-xpro/core.a(mutex.o)
                0x0000000000000620                mutex_lock
 .text.mutex_unlock
                0x0000000000000674       0x36 /home/kushal/kaspar/RIOT/examples/bss_and_data/bin/samr21-xpro/core.a(mutex.o)
                0x0000000000000674                mutex_unlock
 .text.atomic_cas
                0x00000000000006aa       0x24 /home/kushal/kaspar/RIOT/examples/bss_and_data/bin/samr21-xpro/core.a(atomic.o)
                0x00000000000006aa                atomic_cas
 .text.ringbuffer_add_one
                0x00000000000006ce       0x46 /home/kushal/kaspar/RIOT/examples/bss_and_data/bin/samr21-xpro/core.a(ringbuffer.o)
                0x00000000000006ce                ringbuffer_add_one
 .text.ringbuffer_get
                0x0000000000000714       0x54 /home/kushal/kaspar/RIOT/examples/bss_and_data/bin/samr21-xpro/core.a(ringbuffer.o)
                0x0000000000000714                ringbuffer_get
 .text.priority_queue_remove_head
                0x0000000000000768        0xe /home/kushal/kaspar/RIOT/examples/bss_and_data/bin/samr21-xpro/core.a(priority_queue.o)
                0x0000000000000768                priority_queue_remove_head
 .text.priority_queue_add
                0x0000000000000776       0x20 /home/kushal/kaspar/RIOT/examples/bss_and_data/bin/samr21-xpro/core.a(priority_queue.o)
                0x0000000000000776                priority_queue_add
 .text.main_trampoline
                0x0000000000000796        0xe /home/kushal/kaspar/RIOT/examples/bss_and_data/bin/samr21-xpro/core.a(kernel_init.o)
 .text.idle_thread
                0x00000000000007a4       0x14 /home/kushal/kaspar/RIOT/examples/bss_and_data/bin/samr21-xpro/core.a(kernel_init.o)
 .text.kernel_init
                0x00000000000007b8       0x94 /home/kushal/kaspar/RIOT/examples/bss_and_data/bin/samr21-xpro/core.a(kernel_init.o)
                0x00000000000007b8                kernel_init
 .text.lifo_init
                0x000000000000084c       0x16 /home/kushal/kaspar/RIOT/examples/bss_and_data/bin/samr21-xpro/core.a(lifo.o)
                0x000000000000084c                lifo_init
 *fill*         0x0000000000000862        0x2 
 .text.lifo_insert
                0x0000000000000864       0x2c /home/kushal/kaspar/RIOT/examples/bss_and_data/bin/samr21-xpro/core.a(lifo.o)
                0x0000000000000864                lifo_insert
 .text.thread_yield
                0x0000000000000890       0x30 /home/kushal/kaspar/RIOT/examples/bss_and_data/bin/samr21-xpro/core.a(thread.o)
                0x0000000000000890                thread_yield
 .text.thread_create
                0x00000000000008c0       0xfc /home/kushal/kaspar/RIOT/examples/bss_and_data/bin/samr21-xpro/core.a(thread.o)
                0x00000000000008c0                thread_create
 .text.panic_arch
                0x00000000000009bc        0xc /home/kushal/kaspar/RIOT/examples/bss_and_data/bin/samr21-xpro/cortexm_common.a(panic.o)
                0x00000000000009bc                panic_arch
 .text.cpu_init
                0x00000000000009c8       0xd4 /home/kushal/kaspar/RIOT/examples/bss_and_data/bin/samr21-xpro/cpu.a(cpu.o)
                0x00000000000009c8                cpu_init
 .text.lpm_arch_set
                0x0000000000000a9c        0x4 /home/kushal/kaspar/RIOT/examples/bss_and_data/bin/samr21-xpro/cpu.a(lpm_arch.o)
                0x0000000000000a9c                lpm_arch_set
 .text.irq_handler
                0x0000000000000aa0       0x10 /home/kushal/kaspar/RIOT/examples/bss_and_data/bin/samr21-xpro/hwtimer_compat.a(hwtimer_arch.o)
                0x0000000000000aa0                irq_handler
 .text.hwtimer_arch_init
                0x0000000000000ab0       0x1c /home/kushal/kaspar/RIOT/examples/bss_and_data/bin/samr21-xpro/hwtimer_compat.a(hwtimer_arch.o)
                0x0000000000000ab0                hwtimer_arch_init
 .text.uart_write_blocking
                0x0000000000000acc       0x1c /home/kushal/kaspar/RIOT/examples/bss_and_data/bin/samr21-xpro/periph.a(uart.o)
                0x0000000000000acc                uart_write_blocking
 .text.uart_poweron
                0x0000000000000ae8       0x18 /home/kushal/kaspar/RIOT/examples/bss_and_data/bin/samr21-xpro/periph.a(uart.o)
                0x0000000000000ae8                uart_poweron
 .text.uart_init_blocking
                0x0000000000000b00       0xb4 /home/kushal/kaspar/RIOT/examples/bss_and_data/bin/samr21-xpro/periph.a(uart.o)
                0x0000000000000b00                uart_init_blocking
 .text.uart_init
                0x0000000000000bb4       0x5c /home/kushal/kaspar/RIOT/examples/bss_and_data/bin/samr21-xpro/periph.a(uart.o)
                0x0000000000000bb4                uart_init
 .text.isr_sercom0
                0x0000000000000c10       0x60 /home/kushal/kaspar/RIOT/examples/bss_and_data/bin/samr21-xpro/periph.a(uart.o)
                0x0000000000000c10                isr_sercom0
 .text.timer_start
                0x0000000000000c70       0x20 /home/kushal/kaspar/RIOT/examples/bss_and_data/bin/samr21-xpro/periph.a(timer.o)
                0x0000000000000c70                timer_start
 .text.timer_irq_enable
                0x0000000000000c90       0x1c /home/kushal/kaspar/RIOT/examples/bss_and_data/bin/samr21-xpro/periph.a(timer.o)
                0x0000000000000c90                timer_irq_enable
 .text.timer_init
                0x0000000000000cac       0xd4 /home/kushal/kaspar/RIOT/examples/bss_and_data/bin/samr21-xpro/periph.a(timer.o)
                0x0000000000000cac                timer_init
 .text.isr_tc3  0x0000000000000d80       0x68 /home/kushal/kaspar/RIOT/examples/bss_and_data/bin/samr21-xpro/periph.a(timer.o)
                0x0000000000000d80                isr_tc3
 .text.isr_tc4  0x0000000000000de8       0x68 /home/kushal/kaspar/RIOT/examples/bss_and_data/bin/samr21-xpro/periph.a(timer.o)
                0x0000000000000de8                isr_tc4
 .text.print_symbol_info
                0x0000000000000e50       0x50 /home/kushal/kaspar/RIOT/examples/bss_and_data/bin/samr21-xpro/app-test.a(basic.o)
                0x0000000000000e50                print_symbol_info
 .text.print_break
                0x0000000000000ea0       0x10 /home/kushal/kaspar/RIOT/examples/bss_and_data/bin/samr21-xpro/app-test.a(basic.o)
                0x0000000000000ea0                print_break
 .text.locate_file
                0x0000000000000eb0      0x118 /home/kushal/kaspar/RIOT/examples/bss_and_data/bin/samr21-xpro/app-test.a(basic.o)
                0x0000000000000eb0                locate_file
 .text.haha     0x0000000000000fc8       0xcc /home/kushal/kaspar/RIOT/examples/bss_and_data/bin/samr21-xpro/app-test.a(basic.o)
                0x0000000000000fc8                haha
 .text.startup.main
                0x0000000000001094       0x2c /home/kushal/kaspar/RIOT/examples/bss_and_data/bin/samr21-xpro/app-test.a(basic.o)
                0x0000000000001094                main
 .text.auto_init
                0x00000000000010c0        0x2 /home/kushal/kaspar/RIOT/examples/bss_and_data/bin/samr21-xpro/auto_init.a(auto_init.o)
                0x00000000000010c0                auto_init
 *fill*         0x00000000000010c2        0x2 
 .text.cortexm_init
                0x00000000000010c4       0x60 /home/kushal/kaspar/RIOT/examples/bss_and_data/bin/samr21-xpro/cortexm_common.a(cortexm_init.o)
                0x00000000000010c4                cortexm_init
 .text          0x0000000000001124       0x9c /usr/lib/gcc/arm-none-eabi/5.2.0/armv6-m/libgcc.a(_udivsi3.o)
                0x0000000000001124                __udivsi3
                0x0000000000001124                __aeabi_uidiv
                0x00000000000011ac                __aeabi_uidivmod
 .text          0x00000000000011c0        0x4 /usr/lib/gcc/arm-none-eabi/5.2.0/armv6-m/libgcc.a(_dvmd_tls.o)
                0x00000000000011c0                __aeabi_ldiv0
                0x00000000000011c0                __aeabi_idiv0
 .text._fclose_r
                0x00000000000011c4       0xb0 /usr/lib/gcc/arm-none-eabi/5.2.0/../../../../arm-none-eabi/lib/armv6-m/libc_nano.a(lib_a-fclose.o)
                0x00000000000011c4                _fclose_r
 .text.fclose   0x0000000000001274       0x14 /usr/lib/gcc/arm-none-eabi/5.2.0/../../../../arm-none-eabi/lib/armv6-m/libc_nano.a(lib_a-fclose.o)
                0x0000000000001274                fclose
 .text.__sflush_r
                0x0000000000001288      0x10c /usr/lib/gcc/arm-none-eabi/5.2.0/../../../../arm-none-eabi/lib/armv6-m/libc_nano.a(lib_a-fflush.o)
                0x0000000000001288                __sflush_r
 .text._fflush_r
                0x0000000000001394       0x58 /usr/lib/gcc/arm-none-eabi/5.2.0/../../../../arm-none-eabi/lib/armv6-m/libc_nano.a(lib_a-fflush.o)
                0x0000000000001394                _fflush_r
 .text.fflush   0x00000000000013ec       0x28 /usr/lib/gcc/arm-none-eabi/5.2.0/../../../../arm-none-eabi/lib/armv6-m/libc_nano.a(lib_a-fflush.o)
                0x00000000000013ec                fflush
 .text._cleanup_r
                0x0000000000001414       0x10 /usr/lib/gcc/arm-none-eabi/5.2.0/../../../../arm-none-eabi/lib/armv6-m/libc_nano.a(lib_a-findfp.o)
                0x0000000000001414                _cleanup_r
 .text.std.isra.0
                0x0000000000001424       0x48 /usr/lib/gcc/arm-none-eabi/5.2.0/../../../../arm-none-eabi/lib/armv6-m/libc_nano.a(lib_a-findfp.o)
 .text.__sfmoreglue
                0x000000000000146c       0x2c /usr/lib/gcc/arm-none-eabi/5.2.0/../../../../arm-none-eabi/lib/armv6-m/libc_nano.a(lib_a-findfp.o)
                0x000000000000146c                __sfmoreglue
 .text.__sinit  0x0000000000001498       0x68 /usr/lib/gcc/arm-none-eabi/5.2.0/../../../../arm-none-eabi/lib/armv6-m/libc_nano.a(lib_a-findfp.o)
                0x0000000000001498                __sinit
 .text.__sfp    0x0000000000001500       0x7c /usr/lib/gcc/arm-none-eabi/5.2.0/../../../../arm-none-eabi/lib/armv6-m/libc_nano.a(lib_a-findfp.o)
                0x0000000000001500                __sfp
 .text.__sfp_lock_acquire
                0x000000000000157c        0x2 /usr/lib/gcc/arm-none-eabi/5.2.0/../../../../arm-none-eabi/lib/armv6-m/libc_nano.a(lib_a-findfp.o)
                0x000000000000157c                __sfp_lock_acquire
 .text.__sfp_lock_release
                0x000000000000157e        0x2 /usr/lib/gcc/arm-none-eabi/5.2.0/../../../../arm-none-eabi/lib/armv6-m/libc_nano.a(lib_a-findfp.o)
                0x000000000000157e                __sfp_lock_release
 .text._fopen_r
                0x0000000000001580       0x7c /usr/lib/gcc/arm-none-eabi/5.2.0/../../../../arm-none-eabi/lib/armv6-m/libc_nano.a(lib_a-fopen.o)
                0x0000000000001580                _fopen_r
 .text.fopen    0x00000000000015fc       0x14 /usr/lib/gcc/arm-none-eabi/5.2.0/../../../../arm-none-eabi/lib/armv6-m/libc_nano.a(lib_a-fopen.o)
                0x00000000000015fc                fopen
 .text._fread_r
                0x0000000000001610       0xb4 /usr/lib/gcc/arm-none-eabi/5.2.0/../../../../arm-none-eabi/lib/armv6-m/libc_nano.a(lib_a-fread.o)
                0x0000000000001610                _fread_r
 .text.fread    0x00000000000016c4       0x18 /usr/lib/gcc/arm-none-eabi/5.2.0/../../../../arm-none-eabi/lib/armv6-m/libc_nano.a(lib_a-fread.o)
                0x00000000000016c4                fread
 .text._fseek_r
                0x00000000000016dc        0x8 /usr/lib/gcc/arm-none-eabi/5.2.0/../../../../arm-none-eabi/lib/armv6-m/libc_nano.a(lib_a-fseek.o)
                0x00000000000016dc                _fseek_r
 .text.fseek    0x00000000000016e4       0x18 /usr/lib/gcc/arm-none-eabi/5.2.0/../../../../arm-none-eabi/lib/armv6-m/libc_nano.a(lib_a-fseek.o)
                0x00000000000016e4                fseek
 .text._fseeko_r
                0x00000000000016fc      0x130 /usr/lib/gcc/arm-none-eabi/5.2.0/../../../../arm-none-eabi/lib/armv6-m/libc_nano.a(lib_a-fseeko.o)
                0x00000000000016fc                _fseeko_r
 .text._fwalk   0x000000000000182c       0x38 /usr/lib/gcc/arm-none-eabi/5.2.0/../../../../arm-none-eabi/lib/armv6-m/libc_nano.a(lib_a-fwalk.o)
                0x000000000000182c                _fwalk
 .text._fwalk_reent
                0x0000000000001864       0x42 /usr/lib/gcc/arm-none-eabi/5.2.0/../../../../arm-none-eabi/lib/armv6-m/libc_nano.a(lib_a-fwalk.o)
                0x0000000000001864                _fwalk_reent
 *fill*         0x00000000000018a6        0x2 
 .text.__libc_init_array
                0x00000000000018a8       0x4c /usr/lib/gcc/arm-none-eabi/5.2.0/../../../../arm-none-eabi/lib/armv6-m/libc_nano.a(lib_a-init.o)
                0x00000000000018a8                __libc_init_array
 .text.__smakebuf_r
                0x00000000000018f4       0xa4 /usr/lib/gcc/arm-none-eabi/5.2.0/../../../../arm-none-eabi/lib/armv6-m/libc_nano.a(lib_a-makebuf.o)
                0x00000000000018f4                __smakebuf_r
 .text.malloc   0x0000000000001998       0x14 /usr/lib/gcc/arm-none-eabi/5.2.0/../../../../arm-none-eabi/lib/armv6-m/libc_nano.a(lib_a-malloc.o)
                0x0000000000001998                malloc
 .text.free     0x00000000000019ac       0x14 /usr/lib/gcc/arm-none-eabi/5.2.0/../../../../arm-none-eabi/lib/armv6-m/libc_nano.a(lib_a-malloc.o)
                0x00000000000019ac                free
 .text.memcpy   0x00000000000019c0       0x12 /usr/lib/gcc/arm-none-eabi/5.2.0/../../../../arm-none-eabi/lib/armv6-m/libc_nano.a(lib_a-memcpy.o)
                0x00000000000019c0                memcpy
 .text.memset   0x00000000000019d2       0x10 /usr/lib/gcc/arm-none-eabi/5.2.0/../../../../arm-none-eabi/lib/armv6-m/libc_nano.a(lib_a-memset.o)
                0x00000000000019d2                memset
 *fill*         0x00000000000019e2        0x2 
 .text._free_r  0x00000000000019e4       0x8c /usr/lib/gcc/arm-none-eabi/5.2.0/../../../../arm-none-eabi/lib/armv6-m/libc_nano.a(lib_a-nano-freer.o)
                0x00000000000019e4                _free_r
 .text._malloc_r
                0x0000000000001a70       0xac /usr/lib/gcc/arm-none-eabi/5.2.0/../../../../arm-none-eabi/lib/armv6-m/libc_nano.a(lib_a-nano-mallocr.o)
                0x0000000000001a70                _malloc_r
 .text.printf   0x0000000000001b1c       0x34 /usr/lib/gcc/arm-none-eabi/5.2.0/../../../../arm-none-eabi/lib/armv6-m/libc_nano.a(lib_a-printf.o)
                0x0000000000001b1c                printf
                0x0000000000001b1c                iprintf
 .text._puts_r  0x0000000000001b50       0xc2 /usr/lib/gcc/arm-none-eabi/5.2.0/../../../../arm-none-eabi/lib/armv6-m/libc_nano.a(lib_a-puts.o)
                0x0000000000001b50                _puts_r
 *fill*         0x0000000000001c12        0x2 
 .text.puts     0x0000000000001c14       0x14 /usr/lib/gcc/arm-none-eabi/5.2.0/../../../../arm-none-eabi/lib/armv6-m/libc_nano.a(lib_a-puts.o)
                0x0000000000001c14                puts
 .text.lflush   0x0000000000001c28       0x18 /usr/lib/gcc/arm-none-eabi/5.2.0/../../../../arm-none-eabi/lib/armv6-m/libc_nano.a(lib_a-refill.o)
 .text.__srefill_r
                0x0000000000001c40      0x120 /usr/lib/gcc/arm-none-eabi/5.2.0/../../../../arm-none-eabi/lib/armv6-m/libc_nano.a(lib_a-refill.o)
                0x0000000000001c40                __srefill_r
 .text.__sread  0x0000000000001d60       0x28 /usr/lib/gcc/arm-none-eabi/5.2.0/../../../../arm-none-eabi/lib/armv6-m/libc_nano.a(lib_a-stdio.o)
                0x0000000000001d60                __sread
 .text.__swrite
                0x0000000000001d88       0x38 /usr/lib/gcc/arm-none-eabi/5.2.0/../../../../arm-none-eabi/lib/armv6-m/libc_nano.a(lib_a-stdio.o)
                0x0000000000001d88                __swrite
 .text.__sseek  0x0000000000001dc0       0x2c /usr/lib/gcc/arm-none-eabi/5.2.0/../../../../arm-none-eabi/lib/armv6-m/libc_nano.a(lib_a-stdio.o)
                0x0000000000001dc0                __sseek
 .text.__sclose
                0x0000000000001dec        0xc /usr/lib/gcc/arm-none-eabi/5.2.0/../../../../arm-none-eabi/lib/armv6-m/libc_nano.a(lib_a-stdio.o)
                0x0000000000001dec                __sclose
 .text          0x0000000000001df8       0x14 /usr/lib/gcc/arm-none-eabi/5.2.0/../../../../arm-none-eabi/lib/armv6-m/libc_nano.a(lib_a-strcmp.o)
                0x0000000000001df8                strcmp
 .text.__swbuf_r
                0x0000000000001e0c       0xb0 /usr/lib/gcc/arm-none-eabi/5.2.0/../../../../arm-none-eabi/lib/armv6-m/libc_nano.a(lib_a-wbuf.o)
                0x0000000000001e0c                __swbuf_r
 .text.__swsetup_r
                0x0000000000001ebc       0xe8 /usr/lib/gcc/arm-none-eabi/5.2.0/../../../../arm-none-eabi/lib/armv6-m/libc_nano.a(lib_a-wsetup.o)
                0x0000000000001ebc                __swsetup_r
 .text.__sflags
                0x0000000000001fa4       0x74 /usr/lib/gcc/arm-none-eabi/5.2.0/../../../../arm-none-eabi/lib/armv6-m/libc_nano.a(lib_a-flags.o)
                0x0000000000001fa4                __sflags
 .text.__sfputc_r
                0x0000000000002018       0x2a /usr/lib/gcc/arm-none-eabi/5.2.0/../../../../arm-none-eabi/lib/armv6-m/libc_nano.a(lib_a-nano-vfprintf.o)
 .text.__sfputs_r
                0x0000000000002042       0x24 /usr/lib/gcc/arm-none-eabi/5.2.0/../../../../arm-none-eabi/lib/armv6-m/libc_nano.a(lib_a-nano-vfprintf.o)
                0x0000000000002042                __sfputs_r
 *fill*         0x0000000000002066        0x2 
 .text._vfprintf_r
                0x0000000000002068      0x238 /usr/lib/gcc/arm-none-eabi/5.2.0/../../../../arm-none-eabi/lib/armv6-m/libc_nano.a(lib_a-nano-vfprintf.o)
                0x0000000000002068                _vfiprintf_r
                0x0000000000002068                _vfprintf_r
 .text._printf_common
                0x00000000000022a0       0xdc /usr/lib/gcc/arm-none-eabi/5.2.0/../../../../arm-none-eabi/lib/armv6-m/libc_nano.a(lib_a-nano-vfprintf_i.o)
                0x00000000000022a0                _printf_common
 .text._printf_i
                0x000000000000237c      0x244 /usr/lib/gcc/arm-none-eabi/5.2.0/../../../../arm-none-eabi/lib/armv6-m/libc_nano.a(lib_a-nano-vfprintf_i.o)
                0x000000000000237c                _printf_i
 .text.memchr   0x00000000000025c0       0x16 /usr/lib/gcc/arm-none-eabi/5.2.0/../../../../arm-none-eabi/lib/armv6-m/libc_nano.a(lib_a-memchr.o)
                0x00000000000025c0                memchr
 *(.glue_7t)
 .glue_7t       0x00000000000025d6        0x0 linker stubs
 *(.glue_7)
 .glue_7        0x00000000000025d6        0x0 linker stubs
 *(.rodata .rodata* .gnu.linkonce.r.*)
 .rodata.str1.1
                0x00000000000025d6       0x2d /home/kushal/kaspar/RIOT/examples/bss_and_data/bin/samr21-xpro/cortexm_common.a(vectors_cortexm.o)
 .rodata.str1.1
                0x0000000000002603       0x23 /home/kushal/kaspar/RIOT/examples/bss_and_data/bin/samr21-xpro/core.a(panic.o)
 .rodata.str1.1
                0x0000000000002626       0xe2 /home/kushal/kaspar/RIOT/examples/bss_and_data/bin/samr21-xpro/core.a(kernel_init.o)
 .rodata.str1.1
                0x0000000000002708       0x50 /home/kushal/kaspar/RIOT/examples/bss_and_data/bin/samr21-xpro/core.a(lifo.o)
 .rodata.str1.1
                0x0000000000002758      0x398 /home/kushal/kaspar/RIOT/examples/bss_and_data/bin/samr21-xpro/app-test.a(basic.o)
                                        0x39a (size before relaxing)
 .rodata.__sf_fake_stdin
                0x0000000000002af0       0x20 /usr/lib/gcc/arm-none-eabi/5.2.0/../../../../arm-none-eabi/lib/armv6-m/libc_nano.a(lib_a-findfp.o)
                0x0000000000002af0                __sf_fake_stdin
 .rodata.__sf_fake_stdout
                0x0000000000002b10       0x20 /usr/lib/gcc/arm-none-eabi/5.2.0/../../../../arm-none-eabi/lib/armv6-m/libc_nano.a(lib_a-findfp.o)
                0x0000000000002b10                __sf_fake_stdout
 .rodata.__sf_fake_stderr
                0x0000000000002b30       0x20 /usr/lib/gcc/arm-none-eabi/5.2.0/../../../../arm-none-eabi/lib/armv6-m/libc_nano.a(lib_a-findfp.o)
                0x0000000000002b30                __sf_fake_stderr
 .rodata.str1.1
                0x0000000000002b50        0x2 /usr/lib/gcc/arm-none-eabi/5.2.0/../../../../arm-none-eabi/lib/armv6-m/libc_nano.a(lib_a-impure.o)
 *fill*         0x0000000000002b52        0x2 
 .rodata._global_impure_ptr
                0x0000000000002b54        0x4 /usr/lib/gcc/arm-none-eabi/5.2.0/../../../../arm-none-eabi/lib/armv6-m/libc_nano.a(lib_a-impure.o)
                0x0000000000002b54                _global_impure_ptr
 .rodata.str1.1
                0x0000000000002b58       0x11 /usr/lib/gcc/arm-none-eabi/5.2.0/../../../../arm-none-eabi/lib/armv6-m/libc_nano.a(lib_a-nano-vfprintf.o)
 .rodata.str1.1
                0x0000000000002b69       0x22 /usr/lib/gcc/arm-none-eabi/5.2.0/../../../../arm-none-eabi/lib/armv6-m/libc_nano.a(lib_a-nano-vfprintf_i.o)
 *(.ARM.extab* .gnu.linkonce.armextab.*)
                0x0000000000002b8c                . = ALIGN (0x4)
 *fill*         0x0000000000002b8b        0x1 
 *(.init)
                0x0000000000002b8c                . = ALIGN (0x4)
                0x0000000000002b8c                __preinit_array_start = .
 *(.preinit_array)
                0x0000000000002b8c                __preinit_array_end = .
                0x0000000000002b8c                . = ALIGN (0x4)
                0x0000000000002b8c                __init_array_start = .
 *(SORT(.init_array.*))
 *(.init_array)
                0x0000000000002b8c                __init_array_end = .
                0x0000000000002b8c                . = ALIGN (0x4)
 *crtbegin.o(.ctors)
 *(EXCLUDE_FILE(*crtend.o) .ctors)
 *(SORT(.ctors.*))
 *crtend.o(.ctors)
                0x0000000000002b8c                . = ALIGN (0x4)
 *(.fini)
                0x0000000000002b8c                . = ALIGN (0x4)
                0x0000000000002b8c                __fini_array_start = .
 *(.fini_array)
 *(SORT(.fini_array.*))
                0x0000000000002b8c                __fini_array_end = .
 *crtbegin.o(.dtors)
 *(EXCLUDE_FILE(*crtend.o) .dtors)
 *(SORT(.dtors.*))
 *crtend.o(.dtors)
                0x0000000000002b8c                . = ALIGN (0x4)
                0x0000000000002b8c                _efixed = .
                [!provide]                        PROVIDE (__exidx_start, .)

.vfp11_veneer   0x0000000000002b8c        0x0
 .vfp11_veneer  0x0000000000002b8c        0x0 linker stubs

.v4_bx          0x0000000000002b8c        0x0
 .v4_bx         0x0000000000002b8c        0x0 linker stubs

.iplt           0x0000000000002b8c        0x0
 .iplt          0x0000000000002b8c        0x0 /home/kushal/kaspar/RIOT/examples/bss_and_data/bin/samr21-xpro/newlib/syscalls.o

.igot.plt       0x0000000000002b8c        0x0
 .igot.plt      0x0000000000002b8c        0x0 /home/kushal/kaspar/RIOT/examples/bss_and_data/bin/samr21-xpro/newlib/syscalls.o

.ARM.exidx
 *(.ARM.exidx* .gnu.linkonce.armexidx.*)
                [!provide]                        PROVIDE (__exidx_end, .)
                0x0000000000002b8c                . = ALIGN (0x4)

.eh_frame       0x0000000000002b8c       0x28
 *(.eh_frame)
 .eh_frame      0x0000000000002b8c       0x28 /usr/lib/gcc/arm-none-eabi/5.2.0/../../../../arm-none-eabi/lib/armv6-m/libc_nano.a(lib_a-strcmp.o)

.rel.dyn        0x0000000000002bb4        0x0
 .rel.iplt      0x0000000000002bb4        0x0 /home/kushal/kaspar/RIOT/examples/bss_and_data/bin/samr21-xpro/newlib/syscalls.o
                0x0000000000002bb4                . = ALIGN (0x4)
                0x0000000000002bb4                _etext = .

.relocate       0x0000000020000000      0x3a4 load address 0x0000000000002bb4
                0x0000000020000000                . = ALIGN (0x4)
                0x0000000020000000                _srelocate = .
 *(.ramfunc .ramfunc.*)
 *(.data .data.*)
 .data.heap_top
                0x0000000020000000        0x4 /home/kushal/kaspar/RIOT/examples/bss_and_data/bin/samr21-xpro/newlib/syscalls.o
                0x0000000020000000                heap_top
 .data.idle_name
                0x0000000020000004        0x4 /home/kushal/kaspar/RIOT/examples/bss_and_data/bin/samr21-xpro/core.a(kernel_init.o)
                0x0000000020000004                idle_name
 .data.main_name
                0x0000000020000008        0x4 /home/kushal/kaspar/RIOT/examples/bss_and_data/bin/samr21-xpro/core.a(kernel_init.o)
                0x0000000020000008                main_name
 .data.test_elf
                0x000000002000000c      0x330 /home/kushal/kaspar/RIOT/examples/bss_and_data/bin/samr21-xpro/app-test.a(basic.o)
                0x000000002000000c                test_elf
 .data.ptr      0x000000002000033c        0x4 /home/kushal/kaspar/RIOT/examples/bss_and_data/bin/samr21-xpro/app-test.a(basic.o)
                0x000000002000033c                ptr
 .data.impure_data
                0x0000000020000340       0x60 /usr/lib/gcc/arm-none-eabi/5.2.0/../../../../arm-none-eabi/lib/armv6-m/libc_nano.a(lib_a-impure.o)
 .data._impure_ptr
                0x00000000200003a0        0x4 /usr/lib/gcc/arm-none-eabi/5.2.0/../../../../arm-none-eabi/lib/armv6-m/libc_nano.a(lib_a-impure.o)
                0x00000000200003a0                _impure_ptr
                0x00000000200003a4                . = ALIGN (0x4)
                0x00000000200003a4                _erelocate = .

.bss            0x00000000200003a4      0x87c load address 0x0000000000002f58
                0x00000000200003a4                . = ALIGN (0x4)
                0x00000000200003a4                _sbss = .
                0x00000000200003a4                _szero = .
 *(.bss .bss.*)
 .bss.sched_context_switch_request
                0x00000000200003a4        0x4 /home/kushal/kaspar/RIOT/examples/bss_and_data/bin/samr21-xpro/core.a(sched.o)
                0x00000000200003a4                sched_context_switch_request
 .bss.sched_active_pid
                0x00000000200003a8        0x2 /home/kushal/kaspar/RIOT/examples/bss_and_data/bin/samr21-xpro/core.a(sched.o)
                0x00000000200003a8                sched_active_pid
 *fill*         0x00000000200003aa        0x2 
 .bss.sched_active_thread
                0x00000000200003ac        0x4 /home/kushal/kaspar/RIOT/examples/bss_and_data/bin/samr21-xpro/core.a(sched.o)
                0x00000000200003ac                sched_active_thread
 .bss.sched_num_threads
                0x00000000200003b0        0x4 /home/kushal/kaspar/RIOT/examples/bss_and_data/bin/samr21-xpro/core.a(sched.o)
                0x00000000200003b0                sched_num_threads
 .bss.sched_runqueues
                0x00000000200003b4       0x40 /home/kushal/kaspar/RIOT/examples/bss_and_data/bin/samr21-xpro/core.a(sched.o)
                0x00000000200003b4                sched_runqueues
 .bss.sched_threads
                0x00000000200003f4       0x84 /home/kushal/kaspar/RIOT/examples/bss_and_data/bin/samr21-xpro/core.a(sched.o)
                0x00000000200003f4                sched_threads
 .bss.runqueue_bitcache
                0x0000000020000478        0x4 /home/kushal/kaspar/RIOT/examples/bss_and_data/bin/samr21-xpro/core.a(sched.o)
 .bss._rx_buf_mem
                0x000000002000047c       0x40 /home/kushal/kaspar/RIOT/examples/bss_and_data/bin/samr21-xpro/uart_stdio.a(uart_stdio.o)
 .bss._rx_mutex
                0x00000000200004bc        0x8 /home/kushal/kaspar/RIOT/examples/bss_and_data/bin/samr21-xpro/uart_stdio.a(uart_stdio.o)
 .bss._rx_buf   0x00000000200004c4       0x10 /home/kushal/kaspar/RIOT/examples/bss_and_data/bin/samr21-xpro/uart_stdio.a(uart_stdio.o)
 .bss.crashed   0x00000000200004d4        0x4 /home/kushal/kaspar/RIOT/examples/bss_and_data/bin/samr21-xpro/core.a(panic.o)
 .bss.lifo      0x00000000200004d8        0xc /home/kushal/kaspar/RIOT/examples/bss_and_data/bin/samr21-xpro/core.a(hwtimer.o)
 .bss.timer     0x00000000200004e4       0x10 /home/kushal/kaspar/RIOT/examples/bss_and_data/bin/samr21-xpro/core.a(hwtimer.o)
 .bss.idle_stack
                0x00000000200004f4      0x100 /home/kushal/kaspar/RIOT/examples/bss_and_data/bin/samr21-xpro/core.a(kernel_init.o)
 .bss.main_stack
                0x00000000200005f4      0x600 /home/kushal/kaspar/RIOT/examples/bss_and_data/bin/samr21-xpro/core.a(kernel_init.o)
 .bss.lpm_prevent_sleep
                0x0000000020000bf4        0x4 /home/kushal/kaspar/RIOT/examples/bss_and_data/bin/samr21-xpro/core.a(kernel_init.o)
                0x0000000020000bf4                lpm_prevent_sleep
 .bss.timeout_handler
                0x0000000020000bf8        0x4 /home/kushal/kaspar/RIOT/examples/bss_and_data/bin/samr21-xpro/hwtimer_compat.a(hwtimer_arch.o)
                0x0000000020000bf8                timeout_handler
 .bss.uart_config
                0x0000000020000bfc        0xc /home/kushal/kaspar/RIOT/examples/bss_and_data/bin/samr21-xpro/periph.a(uart.o)
 .bss.config    0x0000000020000c08        0x8 /home/kushal/kaspar/RIOT/examples/bss_and_data/bin/samr21-xpro/periph.a(timer.o)
                0x0000000020000c08                config
 .bss.section_name
                0x0000000020000c10        0x4 /home/kushal/kaspar/RIOT/examples/bss_and_data/bin/samr21-xpro/app-test.a(basic.o)
                0x0000000020000c10                section_name
 .bss.count     0x0000000020000c14        0x4 /home/kushal/kaspar/RIOT/examples/bss_and_data/bin/samr21-xpro/app-test.a(basic.o)
                0x0000000020000c14                count
 .bss.__malloc_sbrk_start
                0x0000000020000c18        0x4 /usr/lib/gcc/arm-none-eabi/5.2.0/../../../../arm-none-eabi/lib/armv6-m/libc_nano.a(lib_a-nano-mallocr.o)
                0x0000000020000c18                __malloc_sbrk_start
 .bss.__malloc_free_list
                0x0000000020000c1c        0x4 /usr/lib/gcc/arm-none-eabi/5.2.0/../../../../arm-none-eabi/lib/armv6-m/libc_nano.a(lib_a-nano-mallocr.o)
                0x0000000020000c1c                __malloc_free_list
 *(COMMON)
                0x0000000020000c20                . = ALIGN (0x4)
                0x0000000020000c20                _ebss = .
                0x0000000020000c20                _ezero = .

.stack          0x0000000020000c20      0x200 load address 0x00000000000037d4
                0x0000000020000c20                . = ALIGN (0x8)
                0x0000000020000c20                _sstack = .
                0x0000000020000e20                . = (. + STACK_SIZE)
 *fill*         0x0000000020000c20      0x200 
                0x0000000020000e20                . = ALIGN (0x8)
                0x0000000020000e20                _estack = .
                0x0000000020000e20                . = ALIGN (0x4)
                0x0000000020000e20                _sheap = .
                0x0000000020008000                _eheap = (ORIGIN (ram) + 0x8000)
OUTPUT(/home/kushal/kaspar/RIOT/examples/bss_and_data/bin/samr21-xpro/app-test.elf elf32-littlearm)

.debug_info     0x0000000000000000    0x2379e
 .debug_info    0x0000000000000000     0x2e9a /home/kushal/kaspar/RIOT/examples/bss_and_data/bin/samr21-xpro/newlib/syscalls.o
 .debug_info    0x0000000000002e9a       0xe6 /home/kushal/kaspar/RIOT/examples/bss_and_data/bin/samr21-xpro/cpu/vectors.o
 .debug_info    0x0000000000002f80      0x534 /home/kushal/kaspar/RIOT/examples/bss_and_data/bin/samr21-xpro/core.a(sched.o)
 .debug_info    0x00000000000034b4      0x11c /home/kushal/kaspar/RIOT/examples/bss_and_data/bin/samr21-xpro/core.a(clist.o)
 .debug_info    0x00000000000035d0      0x116 /home/kushal/kaspar/RIOT/examples/bss_and_data/bin/samr21-xpro/core.a(bitarithm.o)
 .debug_info    0x00000000000036e6      0x205 /home/kushal/kaspar/RIOT/examples/bss_and_data/bin/samr21-xpro/cortexm_common.a(irq_arch.o)
 .debug_info    0x00000000000038eb      0x573 /home/kushal/kaspar/RIOT/examples/bss_and_data/bin/samr21-xpro/cortexm_common.a(thread_arch.o)
 .debug_info    0x0000000000003e5e     0x2226 /home/kushal/kaspar/RIOT/examples/bss_and_data/bin/samr21-xpro/cortexm_common.a(vectors_cortexm.o)
 .debug_info    0x0000000000006084     0x2481 /home/kushal/kaspar/RIOT/examples/bss_and_data/bin/samr21-xpro/uart_stdio.a(uart_stdio.o)
 .debug_info    0x0000000000008505     0x20d2 /home/kushal/kaspar/RIOT/examples/bss_and_data/bin/samr21-xpro/samr21-xpro_base.a(board.o)
 .debug_info    0x000000000000a5d7      0x143 /home/kushal/kaspar/RIOT/examples/bss_and_data/bin/samr21-xpro/core.a(panic.o)
 .debug_info    0x000000000000a71a     0x27bd /home/kushal/kaspar/RIOT/examples/bss_and_data/bin/samr21-xpro/core.a(hwtimer.o)
 .debug_info    0x000000000000ced7      0x6a9 /home/kushal/kaspar/RIOT/examples/bss_and_data/bin/samr21-xpro/core.a(mutex.o)
 .debug_info    0x000000000000d580      0x129 /home/kushal/kaspar/RIOT/examples/bss_and_data/bin/samr21-xpro/core.a(atomic.o)
 .debug_info    0x000000000000d6a9      0x4c3 /home/kushal/kaspar/RIOT/examples/bss_and_data/bin/samr21-xpro/core.a(ringbuffer.o)
 .debug_info    0x000000000000db6c      0x1ef /home/kushal/kaspar/RIOT/examples/bss_and_data/bin/samr21-xpro/core.a(priority_queue.o)
 .debug_info    0x000000000000dd5b     0x2364 /home/kushal/kaspar/RIOT/examples/bss_and_data/bin/samr21-xpro/core.a(kernel_init.o)
 .debug_info    0x00000000000100bf      0x1eb /home/kushal/kaspar/RIOT/examples/bss_and_data/bin/samr21-xpro/core.a(lifo.o)
 .debug_info    0x00000000000102aa     0x2845 /home/kushal/kaspar/RIOT/examples/bss_and_data/bin/samr21-xpro/core.a(thread.o)
 .debug_info    0x0000000000012aef       0xd8 /home/kushal/kaspar/RIOT/examples/bss_and_data/bin/samr21-xpro/cortexm_common.a(panic.o)
 .debug_info    0x0000000000012bc7     0x4124 /home/kushal/kaspar/RIOT/examples/bss_and_data/bin/samr21-xpro/cpu.a(cpu.o)
 .debug_info    0x0000000000016ceb       0xb7 /home/kushal/kaspar/RIOT/examples/bss_and_data/bin/samr21-xpro/cpu.a(lpm_arch.o)
 .debug_info    0x0000000000016da2     0x22f1 /home/kushal/kaspar/RIOT/examples/bss_and_data/bin/samr21-xpro/hwtimer_compat.a(hwtimer_arch.o)
 .debug_info    0x0000000000019093     0x4cc9 /home/kushal/kaspar/RIOT/examples/bss_and_data/bin/samr21-xpro/periph.a(uart.o)
 .debug_info    0x000000000001dd5c     0x3c77 /home/kushal/kaspar/RIOT/examples/bss_and_data/bin/samr21-xpro/periph.a(timer.o)
 .debug_info    0x00000000000219d3     0x1910 /home/kushal/kaspar/RIOT/examples/bss_and_data/bin/samr21-xpro/app-test.a(basic.o)
 .debug_info    0x00000000000232e3       0xc0 /home/kushal/kaspar/RIOT/examples/bss_and_data/bin/samr21-xpro/auto_init.a(auto_init.o)
 .debug_info    0x00000000000233a3      0x3fb /home/kushal/kaspar/RIOT/examples/bss_and_data/bin/samr21-xpro/cortexm_common.a(cortexm_init.o)

.debug_abbrev   0x0000000000000000     0x32e7
 .debug_abbrev  0x0000000000000000      0x396 /home/kushal/kaspar/RIOT/examples/bss_and_data/bin/samr21-xpro/newlib/syscalls.o
 .debug_abbrev  0x0000000000000396       0xb0 /home/kushal/kaspar/RIOT/examples/bss_and_data/bin/samr21-xpro/cpu/vectors.o
 .debug_abbrev  0x0000000000000446      0x1b4 /home/kushal/kaspar/RIOT/examples/bss_and_data/bin/samr21-xpro/core.a(sched.o)
 .debug_abbrev  0x00000000000005fa       0xa2 /home/kushal/kaspar/RIOT/examples/bss_and_data/bin/samr21-xpro/core.a(clist.o)
 .debug_abbrev  0x000000000000069c       0x81 /home/kushal/kaspar/RIOT/examples/bss_and_data/bin/samr21-xpro/core.a(bitarithm.o)
 .debug_abbrev  0x000000000000071d      0x14b /home/kushal/kaspar/RIOT/examples/bss_and_data/bin/samr21-xpro/cortexm_common.a(irq_arch.o)
 .debug_abbrev  0x0000000000000868      0x243 /home/kushal/kaspar/RIOT/examples/bss_and_data/bin/samr21-xpro/cortexm_common.a(thread_arch.o)
 .debug_abbrev  0x0000000000000aab      0x26a /home/kushal/kaspar/RIOT/examples/bss_and_data/bin/samr21-xpro/cortexm_common.a(vectors_cortexm.o)
 .debug_abbrev  0x0000000000000d15      0x2bf /home/kushal/kaspar/RIOT/examples/bss_and_data/bin/samr21-xpro/uart_stdio.a(uart_stdio.o)
 .debug_abbrev  0x0000000000000fd4      0x1ad /home/kushal/kaspar/RIOT/examples/bss_and_data/bin/samr21-xpro/samr21-xpro_base.a(board.o)
 .debug_abbrev  0x0000000000001181       0xad /home/kushal/kaspar/RIOT/examples/bss_and_data/bin/samr21-xpro/core.a(panic.o)
 .debug_abbrev  0x000000000000122e      0x2cf /home/kushal/kaspar/RIOT/examples/bss_and_data/bin/samr21-xpro/core.a(hwtimer.o)
 .debug_abbrev  0x00000000000014fd      0x20e /home/kushal/kaspar/RIOT/examples/bss_and_data/bin/samr21-xpro/core.a(mutex.o)
 .debug_abbrev  0x000000000000170b       0xbc /home/kushal/kaspar/RIOT/examples/bss_and_data/bin/samr21-xpro/core.a(atomic.o)
 .debug_abbrev  0x00000000000017c7      0x1c6 /home/kushal/kaspar/RIOT/examples/bss_and_data/bin/samr21-xpro/core.a(ringbuffer.o)
 .debug_abbrev  0x000000000000198d       0xeb /home/kushal/kaspar/RIOT/examples/bss_and_data/bin/samr21-xpro/core.a(priority_queue.o)
 .debug_abbrev  0x0000000000001a78      0x280 /home/kushal/kaspar/RIOT/examples/bss_and_data/bin/samr21-xpro/core.a(kernel_init.o)
 .debug_abbrev  0x0000000000001cf8      0x141 /home/kushal/kaspar/RIOT/examples/bss_and_data/bin/samr21-xpro/core.a(lifo.o)
 .debug_abbrev  0x0000000000001e39      0x342 /home/kushal/kaspar/RIOT/examples/bss_and_data/bin/samr21-xpro/core.a(thread.o)
 .debug_abbrev  0x000000000000217b       0x93 /home/kushal/kaspar/RIOT/examples/bss_and_data/bin/samr21-xpro/cortexm_common.a(panic.o)
 .debug_abbrev  0x000000000000220e      0x1bc /home/kushal/kaspar/RIOT/examples/bss_and_data/bin/samr21-xpro/cpu.a(cpu.o)
 .debug_abbrev  0x00000000000023ca       0xa9 /home/kushal/kaspar/RIOT/examples/bss_and_data/bin/samr21-xpro/cpu.a(lpm_arch.o)
 .debug_abbrev  0x0000000000002473      0x228 /home/kushal/kaspar/RIOT/examples/bss_and_data/bin/samr21-xpro/hwtimer_compat.a(hwtimer_arch.o)
 .debug_abbrev  0x000000000000269b      0x3e7 /home/kushal/kaspar/RIOT/examples/bss_and_data/bin/samr21-xpro/periph.a(uart.o)
 .debug_abbrev  0x0000000000002a82      0x363 /home/kushal/kaspar/RIOT/examples/bss_and_data/bin/samr21-xpro/periph.a(timer.o)
 .debug_abbrev  0x0000000000002de5      0x333 /home/kushal/kaspar/RIOT/examples/bss_and_data/bin/samr21-xpro/app-test.a(basic.o)
 .debug_abbrev  0x0000000000003118       0x6a /home/kushal/kaspar/RIOT/examples/bss_and_data/bin/samr21-xpro/auto_init.a(auto_init.o)
 .debug_abbrev  0x0000000000003182      0x165 /home/kushal/kaspar/RIOT/examples/bss_and_data/bin/samr21-xpro/cortexm_common.a(cortexm_init.o)

.debug_loc      0x0000000000000000     0x2616
 .debug_loc     0x0000000000000000      0x34c /home/kushal/kaspar/RIOT/examples/bss_and_data/bin/samr21-xpro/newlib/syscalls.o
 .debug_loc     0x000000000000034c      0x174 /home/kushal/kaspar/RIOT/examples/bss_and_data/bin/samr21-xpro/core.a(sched.o)
 .debug_loc     0x00000000000004c0       0xb7 /home/kushal/kaspar/RIOT/examples/bss_and_data/bin/samr21-xpro/core.a(bitarithm.o)
 .debug_loc     0x0000000000000577       0x13 /home/kushal/kaspar/RIOT/examples/bss_and_data/bin/samr21-xpro/cortexm_common.a(irq_arch.o)
 .debug_loc     0x000000000000058a      0x2c6 /home/kushal/kaspar/RIOT/examples/bss_and_data/bin/samr21-xpro/cortexm_common.a(thread_arch.o)
 .debug_loc     0x0000000000000850       0x61 /home/kushal/kaspar/RIOT/examples/bss_and_data/bin/samr21-xpro/cortexm_common.a(vectors_cortexm.o)
 .debug_loc     0x00000000000008b1      0x1a7 /home/kushal/kaspar/RIOT/examples/bss_and_data/bin/samr21-xpro/uart_stdio.a(uart_stdio.o)
 .debug_loc     0x0000000000000a58       0x3f /home/kushal/kaspar/RIOT/examples/bss_and_data/bin/samr21-xpro/core.a(panic.o)
 .debug_loc     0x0000000000000a97      0x399 /home/kushal/kaspar/RIOT/examples/bss_and_data/bin/samr21-xpro/core.a(hwtimer.o)
 .debug_loc     0x0000000000000e30      0x1c5 /home/kushal/kaspar/RIOT/examples/bss_and_data/bin/samr21-xpro/core.a(mutex.o)
 .debug_loc     0x0000000000000ff5       0xa2 /home/kushal/kaspar/RIOT/examples/bss_and_data/bin/samr21-xpro/core.a(atomic.o)
 .debug_loc     0x0000000000001097      0x38a /home/kushal/kaspar/RIOT/examples/bss_and_data/bin/samr21-xpro/core.a(ringbuffer.o)
 .debug_loc     0x0000000000001421       0x9f /home/kushal/kaspar/RIOT/examples/bss_and_data/bin/samr21-xpro/core.a(priority_queue.o)
 .debug_loc     0x00000000000014c0       0x42 /home/kushal/kaspar/RIOT/examples/bss_and_data/bin/samr21-xpro/core.a(kernel_init.o)
 .debug_loc     0x0000000000001502       0xe6 /home/kushal/kaspar/RIOT/examples/bss_and_data/bin/samr21-xpro/core.a(lifo.o)
 .debug_loc     0x00000000000015e8      0x3f7 /home/kushal/kaspar/RIOT/examples/bss_and_data/bin/samr21-xpro/core.a(thread.o)
 .debug_loc     0x00000000000019df       0x21 /home/kushal/kaspar/RIOT/examples/bss_and_data/bin/samr21-xpro/cpu.a(lpm_arch.o)
 .debug_loc     0x0000000000001a00      0x12d /home/kushal/kaspar/RIOT/examples/bss_and_data/bin/samr21-xpro/hwtimer_compat.a(hwtimer_arch.o)
 .debug_loc     0x0000000000001b2d      0x20b /home/kushal/kaspar/RIOT/examples/bss_and_data/bin/samr21-xpro/periph.a(uart.o)
 .debug_loc     0x0000000000001d38      0x44b /home/kushal/kaspar/RIOT/examples/bss_and_data/bin/samr21-xpro/periph.a(timer.o)
 .debug_loc     0x0000000000002183      0x461 /home/kushal/kaspar/RIOT/examples/bss_and_data/bin/samr21-xpro/app-test.a(basic.o)
 .debug_loc     0x00000000000025e4       0x32 /home/kushal/kaspar/RIOT/examples/bss_and_data/bin/samr21-xpro/cortexm_common.a(cortexm_init.o)

.debug_aranges  0x0000000000000000      0x6e8
 .debug_aranges
                0x0000000000000000       0x98 /home/kushal/kaspar/RIOT/examples/bss_and_data/bin/samr21-xpro/newlib/syscalls.o
 .debug_aranges
                0x0000000000000098       0x20 /home/kushal/kaspar/RIOT/examples/bss_and_data/bin/samr21-xpro/cpu/vectors.o
 .debug_aranges
                0x00000000000000b8       0x38 /home/kushal/kaspar/RIOT/examples/bss_and_data/bin/samr21-xpro/core.a(sched.o)
 .debug_aranges
                0x00000000000000f0       0x28 /home/kushal/kaspar/RIOT/examples/bss_and_data/bin/samr21-xpro/core.a(clist.o)
 .debug_aranges
                0x0000000000000118       0x30 /home/kushal/kaspar/RIOT/examples/bss_and_data/bin/samr21-xpro/core.a(bitarithm.o)
 .debug_aranges
                0x0000000000000148       0x38 /home/kushal/kaspar/RIOT/examples/bss_and_data/bin/samr21-xpro/cortexm_common.a(irq_arch.o)
 .debug_aranges
                0x0000000000000180       0x40 /home/kushal/kaspar/RIOT/examples/bss_and_data/bin/samr21-xpro/cortexm_common.a(thread_arch.o)
 .debug_aranges
                0x00000000000001c0       0x40 /home/kushal/kaspar/RIOT/examples/bss_and_data/bin/samr21-xpro/cortexm_common.a(vectors_cortexm.o)
 .debug_aranges
                0x0000000000000200       0x38 /home/kushal/kaspar/RIOT/examples/bss_and_data/bin/samr21-xpro/uart_stdio.a(uart_stdio.o)
 .debug_aranges
                0x0000000000000238       0x20 /home/kushal/kaspar/RIOT/examples/bss_and_data/bin/samr21-xpro/samr21-xpro_base.a(board.o)
 .debug_aranges
                0x0000000000000258       0x20 /home/kushal/kaspar/RIOT/examples/bss_and_data/bin/samr21-xpro/core.a(panic.o)
 .debug_aranges
                0x0000000000000278       0x78 /home/kushal/kaspar/RIOT/examples/bss_and_data/bin/samr21-xpro/core.a(hwtimer.o)
 .debug_aranges
                0x00000000000002f0       0x40 /home/kushal/kaspar/RIOT/examples/bss_and_data/bin/samr21-xpro/core.a(mutex.o)
 .debug_aranges
                0x0000000000000330       0x20 /home/kushal/kaspar/RIOT/examples/bss_and_data/bin/samr21-xpro/core.a(atomic.o)
 .debug_aranges
                0x0000000000000350       0x50 /home/kushal/kaspar/RIOT/examples/bss_and_data/bin/samr21-xpro/core.a(ringbuffer.o)
 .debug_aranges
                0x00000000000003a0       0x30 /home/kushal/kaspar/RIOT/examples/bss_and_data/bin/samr21-xpro/core.a(priority_queue.o)
 .debug_aranges
                0x00000000000003d0       0x30 /home/kushal/kaspar/RIOT/examples/bss_and_data/bin/samr21-xpro/core.a(kernel_init.o)
 .debug_aranges
                0x0000000000000400       0x38 /home/kushal/kaspar/RIOT/examples/bss_and_data/bin/samr21-xpro/core.a(lifo.o)
 .debug_aranges
                0x0000000000000438       0x58 /home/kushal/kaspar/RIOT/examples/bss_and_data/bin/samr21-xpro/core.a(thread.o)
 .debug_aranges
                0x0000000000000490       0x20 /home/kushal/kaspar/RIOT/examples/bss_and_data/bin/samr21-xpro/cortexm_common.a(panic.o)
 .debug_aranges
                0x00000000000004b0       0x20 /home/kushal/kaspar/RIOT/examples/bss_and_data/bin/samr21-xpro/cpu.a(cpu.o)
 .debug_aranges
                0x00000000000004d0       0x30 /home/kushal/kaspar/RIOT/examples/bss_and_data/bin/samr21-xpro/cpu.a(lpm_arch.o)
 .debug_aranges
                0x0000000000000500       0x58 /home/kushal/kaspar/RIOT/examples/bss_and_data/bin/samr21-xpro/hwtimer_compat.a(hwtimer_arch.o)
 .debug_aranges
                0x0000000000000558       0x60 /home/kushal/kaspar/RIOT/examples/bss_and_data/bin/samr21-xpro/periph.a(uart.o)
 .debug_aranges
                0x00000000000005b8       0x78 /home/kushal/kaspar/RIOT/examples/bss_and_data/bin/samr21-xpro/periph.a(timer.o)
 .debug_aranges
                0x0000000000000630       0x78 /home/kushal/kaspar/RIOT/examples/bss_and_data/bin/samr21-xpro/app-test.a(basic.o)
 .debug_aranges
                0x00000000000006a8       0x20 /home/kushal/kaspar/RIOT/examples/bss_and_data/bin/samr21-xpro/auto_init.a(auto_init.o)
 .debug_aranges
                0x00000000000006c8       0x20 /home/kushal/kaspar/RIOT/examples/bss_and_data/bin/samr21-xpro/cortexm_common.a(cortexm_init.o)

.debug_ranges   0x0000000000000000      0x6f8
 .debug_ranges  0x0000000000000000       0x88 /home/kushal/kaspar/RIOT/examples/bss_and_data/bin/samr21-xpro/newlib/syscalls.o
 .debug_ranges  0x0000000000000088       0x10 /home/kushal/kaspar/RIOT/examples/bss_and_data/bin/samr21-xpro/cpu/vectors.o
 .debug_ranges  0x0000000000000098       0x40 /home/kushal/kaspar/RIOT/examples/bss_and_data/bin/samr21-xpro/core.a(sched.o)
 .debug_ranges  0x00000000000000d8       0x18 /home/kushal/kaspar/RIOT/examples/bss_and_data/bin/samr21-xpro/core.a(clist.o)
 .debug_ranges  0x00000000000000f0       0x20 /home/kushal/kaspar/RIOT/examples/bss_and_data/bin/samr21-xpro/core.a(bitarithm.o)
 .debug_ranges  0x0000000000000110       0x28 /home/kushal/kaspar/RIOT/examples/bss_and_data/bin/samr21-xpro/cortexm_common.a(irq_arch.o)
 .debug_ranges  0x0000000000000138       0x48 /home/kushal/kaspar/RIOT/examples/bss_and_data/bin/samr21-xpro/cortexm_common.a(thread_arch.o)
 .debug_ranges  0x0000000000000180       0x30 /home/kushal/kaspar/RIOT/examples/bss_and_data/bin/samr21-xpro/cortexm_common.a(vectors_cortexm.o)
 .debug_ranges  0x00000000000001b0       0x40 /home/kushal/kaspar/RIOT/examples/bss_and_data/bin/samr21-xpro/uart_stdio.a(uart_stdio.o)
 .debug_ranges  0x00000000000001f0       0x10 /home/kushal/kaspar/RIOT/examples/bss_and_data/bin/samr21-xpro/samr21-xpro_base.a(board.o)
 .debug_ranges  0x0000000000000200       0x10 /home/kushal/kaspar/RIOT/examples/bss_and_data/bin/samr21-xpro/core.a(panic.o)
 .debug_ranges  0x0000000000000210       0x68 /home/kushal/kaspar/RIOT/examples/bss_and_data/bin/samr21-xpro/core.a(hwtimer.o)
 .debug_ranges  0x0000000000000278       0x30 /home/kushal/kaspar/RIOT/examples/bss_and_data/bin/samr21-xpro/core.a(mutex.o)
 .debug_ranges  0x00000000000002a8       0x10 /home/kushal/kaspar/RIOT/examples/bss_and_data/bin/samr21-xpro/core.a(atomic.o)
 .debug_ranges  0x00000000000002b8       0x78 /home/kushal/kaspar/RIOT/examples/bss_and_data/bin/samr21-xpro/core.a(ringbuffer.o)
 .debug_ranges  0x0000000000000330       0x20 /home/kushal/kaspar/RIOT/examples/bss_and_data/bin/samr21-xpro/core.a(priority_queue.o)
 .debug_ranges  0x0000000000000350       0x20 /home/kushal/kaspar/RIOT/examples/bss_and_data/bin/samr21-xpro/core.a(kernel_init.o)
 .debug_ranges  0x0000000000000370       0x40 /home/kushal/kaspar/RIOT/examples/bss_and_data/bin/samr21-xpro/core.a(lifo.o)
 .debug_ranges  0x00000000000003b0       0x68 /home/kushal/kaspar/RIOT/examples/bss_and_data/bin/samr21-xpro/core.a(thread.o)
 .debug_ranges  0x0000000000000418       0x10 /home/kushal/kaspar/RIOT/examples/bss_and_data/bin/samr21-xpro/cortexm_common.a(panic.o)
 .debug_ranges  0x0000000000000428       0x10 /home/kushal/kaspar/RIOT/examples/bss_and_data/bin/samr21-xpro/cpu.a(cpu.o)
 .debug_ranges  0x0000000000000438       0x20 /home/kushal/kaspar/RIOT/examples/bss_and_data/bin/samr21-xpro/cpu.a(lpm_arch.o)
 .debug_ranges  0x0000000000000458       0x48 /home/kushal/kaspar/RIOT/examples/bss_and_data/bin/samr21-xpro/hwtimer_compat.a(hwtimer_arch.o)
 .debug_ranges  0x00000000000004a0       0x68 /home/kushal/kaspar/RIOT/examples/bss_and_data/bin/samr21-xpro/periph.a(uart.o)
 .debug_ranges  0x0000000000000508       0x98 /home/kushal/kaspar/RIOT/examples/bss_and_data/bin/samr21-xpro/periph.a(timer.o)
 .debug_ranges  0x00000000000005a0       0xb0 /home/kushal/kaspar/RIOT/examples/bss_and_data/bin/samr21-xpro/app-test.a(basic.o)
 .debug_ranges  0x0000000000000650       0x10 /home/kushal/kaspar/RIOT/examples/bss_and_data/bin/samr21-xpro/auto_init.a(auto_init.o)
 .debug_ranges  0x0000000000000660       0x98 /home/kushal/kaspar/RIOT/examples/bss_and_data/bin/samr21-xpro/cortexm_common.a(cortexm_init.o)

.debug_macro    0x0000000000000000    0x2ad99
 .debug_macro   0x0000000000000000      0x5d0 /home/kushal/kaspar/RIOT/examples/bss_and_data/bin/samr21-xpro/newlib/syscalls.o
 .debug_macro   0x00000000000005d0      0x8aa /home/kushal/kaspar/RIOT/examples/bss_and_data/bin/samr21-xpro/newlib/syscalls.o
 .debug_macro   0x0000000000000e7a       0x10 /home/kushal/kaspar/RIOT/examples/bss_and_data/bin/samr21-xpro/newlib/syscalls.o
 .debug_macro   0x0000000000000e8a       0x58 /home/kushal/kaspar/RIOT/examples/bss_and_data/bin/samr21-xpro/newlib/syscalls.o
 .debug_macro   0x0000000000000ee2       0x22 /home/kushal/kaspar/RIOT/examples/bss_and_data/bin/samr21-xpro/newlib/syscalls.o
 .debug_macro   0x0000000000000f04       0x74 /home/kushal/kaspar/RIOT/examples/bss_and_data/bin/samr21-xpro/newlib/syscalls.o
 .debug_macro   0x0000000000000f78       0x9c /home/kushal/kaspar/RIOT/examples/bss_and_data/bin/samr21-xpro/newlib/syscalls.o
 .debug_macro   0x0000000000001014      0x16d /home/kushal/kaspar/RIOT/examples/bss_and_data/bin/samr21-xpro/newlib/syscalls.o
 .debug_macro   0x0000000000001181       0x4a /home/kushal/kaspar/RIOT/examples/bss_and_data/bin/samr21-xpro/newlib/syscalls.o
 .debug_macro   0x00000000000011cb       0x52 /home/kushal/kaspar/RIOT/examples/bss_and_data/bin/samr21-xpro/newlib/syscalls.o
 .debug_macro   0x000000000000121d       0x16 /home/kushal/kaspar/RIOT/examples/bss_and_data/bin/samr21-xpro/newlib/syscalls.o
 .debug_macro   0x0000000000001233       0x43 /home/kushal/kaspar/RIOT/examples/bss_and_data/bin/samr21-xpro/newlib/syscalls.o
 .debug_macro   0x0000000000001276      0x180 /home/kushal/kaspar/RIOT/examples/bss_and_data/bin/samr21-xpro/newlib/syscalls.o
 .debug_macro   0x00000000000013f6      0x23b /home/kushal/kaspar/RIOT/examples/bss_and_data/bin/samr21-xpro/newlib/syscalls.o
 .debug_macro   0x0000000000001631       0x16 /home/kushal/kaspar/RIOT/examples/bss_and_data/bin/samr21-xpro/newlib/syscalls.o
 .debug_macro   0x0000000000001647       0x35 /home/kushal/kaspar/RIOT/examples/bss_and_data/bin/samr21-xpro/newlib/syscalls.o
 .debug_macro   0x000000000000167c      0x29d /home/kushal/kaspar/RIOT/examples/bss_and_data/bin/samr21-xpro/newlib/syscalls.o
 .debug_macro   0x0000000000001919       0x10 /home/kushal/kaspar/RIOT/examples/bss_and_data/bin/samr21-xpro/newlib/syscalls.o
 .debug_macro   0x0000000000001929       0x10 /home/kushal/kaspar/RIOT/examples/bss_and_data/bin/samr21-xpro/newlib/syscalls.o
 .debug_macro   0x0000000000001939       0x22 /home/kushal/kaspar/RIOT/examples/bss_and_data/bin/samr21-xpro/newlib/syscalls.o
 .debug_macro   0x000000000000195b       0x22 /home/kushal/kaspar/RIOT/examples/bss_and_data/bin/samr21-xpro/newlib/syscalls.o
 .debug_macro   0x000000000000197d       0xbe /home/kushal/kaspar/RIOT/examples/bss_and_data/bin/samr21-xpro/newlib/syscalls.o
 .debug_macro   0x0000000000001a3b       0x16 /home/kushal/kaspar/RIOT/examples/bss_and_data/bin/samr21-xpro/newlib/syscalls.o
 .debug_macro   0x0000000000001a51      0x197 /home/kushal/kaspar/RIOT/examples/bss_and_data/bin/samr21-xpro/newlib/syscalls.o
 .debug_macro   0x0000000000001be8       0x16 /home/kushal/kaspar/RIOT/examples/bss_and_data/bin/samr21-xpro/newlib/syscalls.o
 .debug_macro   0x0000000000001bfe       0x16 /home/kushal/kaspar/RIOT/examples/bss_and_data/bin/samr21-xpro/newlib/syscalls.o
 .debug_macro   0x0000000000001c14       0x29 /home/kushal/kaspar/RIOT/examples/bss_and_data/bin/samr21-xpro/newlib/syscalls.o
 .debug_macro   0x0000000000001c3d       0x16 /home/kushal/kaspar/RIOT/examples/bss_and_data/bin/samr21-xpro/newlib/syscalls.o
 .debug_macro   0x0000000000001c53       0x16 /home/kushal/kaspar/RIOT/examples/bss_and_data/bin/samr21-xpro/newlib/syscalls.o
 .debug_macro   0x0000000000001c69       0x10 /home/kushal/kaspar/RIOT/examples/bss_and_data/bin/samr21-xpro/newlib/syscalls.o
 .debug_macro   0x0000000000001c79       0x10 /home/kushal/kaspar/RIOT/examples/bss_and_data/bin/samr21-xpro/newlib/syscalls.o
 .debug_macro   0x0000000000001c89       0x10 /home/kushal/kaspar/RIOT/examples/bss_and_data/bin/samr21-xpro/newlib/syscalls.o
 .debug_macro   0x0000000000001c99       0x35 /home/kushal/kaspar/RIOT/examples/bss_and_data/bin/samr21-xpro/newlib/syscalls.o
 .debug_macro   0x0000000000001cce      0x122 /home/kushal/kaspar/RIOT/examples/bss_and_data/bin/samr21-xpro/newlib/syscalls.o
 .debug_macro   0x0000000000001df0       0x16 /home/kushal/kaspar/RIOT/examples/bss_and_data/bin/samr21-xpro/newlib/syscalls.o
 .debug_macro   0x0000000000001e06      0x48e /home/kushal/kaspar/RIOT/examples/bss_and_data/bin/samr21-xpro/newlib/syscalls.o
 .debug_macro   0x0000000000002294       0x1c /home/kushal/kaspar/RIOT/examples/bss_and_data/bin/samr21-xpro/newlib/syscalls.o
 .debug_macro   0x00000000000022b0      0x1df /home/kushal/kaspar/RIOT/examples/bss_and_data/bin/samr21-xpro/newlib/syscalls.o
 .debug_macro   0x000000000000248f       0x40 /home/kushal/kaspar/RIOT/examples/bss_and_data/bin/samr21-xpro/newlib/syscalls.o
 .debug_macro   0x00000000000024cf       0x3a /home/kushal/kaspar/RIOT/examples/bss_and_data/bin/samr21-xpro/newlib/syscalls.o
 .debug_macro   0x0000000000002509       0x26 /home/kushal/kaspar/RIOT/examples/bss_and_data/bin/samr21-xpro/newlib/syscalls.o
 .debug_macro   0x000000000000252f      0x306 /home/kushal/kaspar/RIOT/examples/bss_and_data/bin/samr21-xpro/newlib/syscalls.o
 .debug_macro   0x0000000000002835      0x682 /home/kushal/kaspar/RIOT/examples/bss_and_data/bin/samr21-xpro/newlib/syscalls.o
 .debug_macro   0x0000000000002eb7      0x8c2 /home/kushal/kaspar/RIOT/examples/bss_and_data/bin/samr21-xpro/newlib/syscalls.o
 .debug_macro   0x0000000000003779      0xc6b /home/kushal/kaspar/RIOT/examples/bss_and_data/bin/samr21-xpro/newlib/syscalls.o
 .debug_macro   0x00000000000043e4      0x4ce /home/kushal/kaspar/RIOT/examples/bss_and_data/bin/samr21-xpro/newlib/syscalls.o
 .debug_macro   0x00000000000048b2      0x9fc /home/kushal/kaspar/RIOT/examples/bss_and_data/bin/samr21-xpro/newlib/syscalls.o
 .debug_macro   0x00000000000052ae      0x82f /home/kushal/kaspar/RIOT/examples/bss_and_data/bin/samr21-xpro/newlib/syscalls.o
 .debug_macro   0x0000000000005add      0x25d /home/kushal/kaspar/RIOT/examples/bss_and_data/bin/samr21-xpro/newlib/syscalls.o
 .debug_macro   0x0000000000005d3a      0x226 /home/kushal/kaspar/RIOT/examples/bss_and_data/bin/samr21-xpro/newlib/syscalls.o
 .debug_macro   0x0000000000005f60      0x77d /home/kushal/kaspar/RIOT/examples/bss_and_data/bin/samr21-xpro/newlib/syscalls.o
 .debug_macro   0x00000000000066dd       0x5e /home/kushal/kaspar/RIOT/examples/bss_and_data/bin/samr21-xpro/newlib/syscalls.o
 .debug_macro   0x000000000000673b      0x5ff /home/kushal/kaspar/RIOT/examples/bss_and_data/bin/samr21-xpro/newlib/syscalls.o
 .debug_macro   0x0000000000006d3a      0x3b9 /home/kushal/kaspar/RIOT/examples/bss_and_data/bin/samr21-xpro/newlib/syscalls.o
 .debug_macro   0x00000000000070f3       0x94 /home/kushal/kaspar/RIOT/examples/bss_and_data/bin/samr21-xpro/newlib/syscalls.o
 .debug_macro   0x0000000000007187      0xc55 /home/kushal/kaspar/RIOT/examples/bss_and_data/bin/samr21-xpro/newlib/syscalls.o
 .debug_macro   0x0000000000007ddc     0x1094 /home/kushal/kaspar/RIOT/examples/bss_and_data/bin/samr21-xpro/newlib/syscalls.o
 .debug_macro   0x0000000000008e70      0xc4a /home/kushal/kaspar/RIOT/examples/bss_and_data/bin/samr21-xpro/newlib/syscalls.o
 .debug_macro   0x0000000000009aba      0x6c3 /home/kushal/kaspar/RIOT/examples/bss_and_data/bin/samr21-xpro/newlib/syscalls.o
 .debug_macro   0x000000000000a17d     0x1877 /home/kushal/kaspar/RIOT/examples/bss_and_data/bin/samr21-xpro/newlib/syscalls.o
 .debug_macro   0x000000000000b9f4     0x13be /home/kushal/kaspar/RIOT/examples/bss_and_data/bin/samr21-xpro/newlib/syscalls.o
 .debug_macro   0x000000000000cdb2      0x352 /home/kushal/kaspar/RIOT/examples/bss_and_data/bin/samr21-xpro/newlib/syscalls.o
 .debug_macro   0x000000000000d104       0x7c /home/kushal/kaspar/RIOT/examples/bss_and_data/bin/samr21-xpro/newlib/syscalls.o
 .debug_macro   0x000000000000d180       0xa0 /home/kushal/kaspar/RIOT/examples/bss_and_data/bin/samr21-xpro/newlib/syscalls.o
 .debug_macro   0x000000000000d220       0xc4 /home/kushal/kaspar/RIOT/examples/bss_and_data/bin/samr21-xpro/newlib/syscalls.o
 .debug_macro   0x000000000000d2e4       0x94 /home/kushal/kaspar/RIOT/examples/bss_and_data/bin/samr21-xpro/newlib/syscalls.o
 .debug_macro   0x000000000000d378       0x58 /home/kushal/kaspar/RIOT/examples/bss_and_data/bin/samr21-xpro/newlib/syscalls.o
 .debug_macro   0x000000000000d3d0      0x368 /home/kushal/kaspar/RIOT/examples/bss_and_data/bin/samr21-xpro/newlib/syscalls.o
 .debug_macro   0x000000000000d738       0x82 /home/kushal/kaspar/RIOT/examples/bss_and_data/bin/samr21-xpro/newlib/syscalls.o
 .debug_macro   0x000000000000d7ba       0xa0 /home/kushal/kaspar/RIOT/examples/bss_and_data/bin/samr21-xpro/newlib/syscalls.o
 .debug_macro   0x000000000000d85a       0xb8 /home/kushal/kaspar/RIOT/examples/bss_and_data/bin/samr21-xpro/newlib/syscalls.o
 .debug_macro   0x000000000000d912       0x1c /home/kushal/kaspar/RIOT/examples/bss_and_data/bin/samr21-xpro/newlib/syscalls.o
 .debug_macro   0x000000000000d92e       0x1c /home/kushal/kaspar/RIOT/examples/bss_and_data/bin/samr21-xpro/newlib/syscalls.o
 .debug_macro   0x000000000000d94a       0x1c /home/kushal/kaspar/RIOT/examples/bss_and_data/bin/samr21-xpro/newlib/syscalls.o
 .debug_macro   0x000000000000d966       0x7c /home/kushal/kaspar/RIOT/examples/bss_and_data/bin/samr21-xpro/newlib/syscalls.o
 .debug_macro   0x000000000000d9e2      0x1ca /home/kushal/kaspar/RIOT/examples/bss_and_data/bin/samr21-xpro/newlib/syscalls.o
 .debug_macro   0x000000000000dbac       0x16 /home/kushal/kaspar/RIOT/examples/bss_and_data/bin/samr21-xpro/newlib/syscalls.o
 .debug_macro   0x000000000000dbc2       0xdc /home/kushal/kaspar/RIOT/examples/bss_and_data/bin/samr21-xpro/newlib/syscalls.o
 .debug_macro   0x000000000000dc9e      0x133 /home/kushal/kaspar/RIOT/examples/bss_and_data/bin/samr21-xpro/newlib/syscalls.o
 .debug_macro   0x000000000000ddd1      0x133 /home/kushal/kaspar/RIOT/examples/bss_and_data/bin/samr21-xpro/newlib/syscalls.o
 .debug_macro   0x000000000000df04      0x133 /home/kushal/kaspar/RIOT/examples/bss_and_data/bin/samr21-xpro/newlib/syscalls.o
 .debug_macro   0x000000000000e037      0x133 /home/kushal/kaspar/RIOT/examples/bss_and_data/bin/samr21-xpro/newlib/syscalls.o
 .debug_macro   0x000000000000e16a      0x133 /home/kushal/kaspar/RIOT/examples/bss_and_data/bin/samr21-xpro/newlib/syscalls.o
 .debug_macro   0x000000000000e29d      0x133 /home/kushal/kaspar/RIOT/examples/bss_and_data/bin/samr21-xpro/newlib/syscalls.o
 .debug_macro   0x000000000000e3d0      0x11e /home/kushal/kaspar/RIOT/examples/bss_and_data/bin/samr21-xpro/newlib/syscalls.o
 .debug_macro   0x000000000000e4ee       0xe2 /home/kushal/kaspar/RIOT/examples/bss_and_data/bin/samr21-xpro/newlib/syscalls.o
 .debug_macro   0x000000000000e5d0       0xe2 /home/kushal/kaspar/RIOT/examples/bss_and_data/bin/samr21-xpro/newlib/syscalls.o
 .debug_macro   0x000000000000e6b2       0xe2 /home/kushal/kaspar/RIOT/examples/bss_and_data/bin/samr21-xpro/newlib/syscalls.o
 .debug_macro   0x000000000000e794      0x130 /home/kushal/kaspar/RIOT/examples/bss_and_data/bin/samr21-xpro/newlib/syscalls.o
 .debug_macro   0x000000000000e8c4      0x100 /home/kushal/kaspar/RIOT/examples/bss_and_data/bin/samr21-xpro/newlib/syscalls.o
 .debug_macro   0x000000000000e9c4       0xf4 /home/kushal/kaspar/RIOT/examples/bss_and_data/bin/samr21-xpro/newlib/syscalls.o
 .debug_macro   0x000000000000eab8      0x408 /home/kushal/kaspar/RIOT/examples/bss_and_data/bin/samr21-xpro/newlib/syscalls.o
 .debug_macro   0x000000000000eec0       0x40 /home/kushal/kaspar/RIOT/examples/bss_and_data/bin/samr21-xpro/newlib/syscalls.o
 .debug_macro   0x000000000000ef00      0x329 /home/kushal/kaspar/RIOT/examples/bss_and_data/bin/samr21-xpro/newlib/syscalls.o
 .debug_macro   0x000000000000f229     0x197f /home/kushal/kaspar/RIOT/examples/bss_and_data/bin/samr21-xpro/newlib/syscalls.o
 .debug_macro   0x0000000000010ba8       0x58 /home/kushal/kaspar/RIOT/examples/bss_and_data/bin/samr21-xpro/newlib/syscalls.o
 .debug_macro   0x0000000000010c00       0x22 /home/kushal/kaspar/RIOT/examples/bss_and_data/bin/samr21-xpro/newlib/syscalls.o
 .debug_macro   0x0000000000010c22       0x22 /home/kushal/kaspar/RIOT/examples/bss_and_data/bin/samr21-xpro/newlib/syscalls.o
 .debug_macro   0x0000000000010c44       0x22 /home/kushal/kaspar/RIOT/examples/bss_and_data/bin/samr21-xpro/newlib/syscalls.o
 .debug_macro   0x0000000000010c66       0x28 /home/kushal/kaspar/RIOT/examples/bss_and_data/bin/samr21-xpro/newlib/syscalls.o
 .debug_macro   0x0000000000010c8e      0x20f /home/kushal/kaspar/RIOT/examples/bss_and_data/bin/samr21-xpro/newlib/syscalls.o
 .debug_macro   0x0000000000010e9d       0x1c /home/kushal/kaspar/RIOT/examples/bss_and_data/bin/samr21-xpro/newlib/syscalls.o
 .debug_macro   0x0000000000010eb9       0xbe /home/kushal/kaspar/RIOT/examples/bss_and_data/bin/samr21-xpro/newlib/syscalls.o
 .debug_macro   0x0000000000010f77       0x22 /home/kushal/kaspar/RIOT/examples/bss_and_data/bin/samr21-xpro/newlib/syscalls.o
 .debug_macro   0x0000000000010f99       0x16 /home/kushal/kaspar/RIOT/examples/bss_and_data/bin/samr21-xpro/newlib/syscalls.o
 .debug_macro   0x0000000000010faf       0x10 /home/kushal/kaspar/RIOT/examples/bss_and_data/bin/samr21-xpro/newlib/syscalls.o
 .debug_macro   0x0000000000010fbf       0x10 /home/kushal/kaspar/RIOT/examples/bss_and_data/bin/samr21-xpro/newlib/syscalls.o
 .debug_macro   0x0000000000010fcf       0x10 /home/kushal/kaspar/RIOT/examples/bss_and_data/bin/samr21-xpro/newlib/syscalls.o
 .debug_macro   0x0000000000010fdf      0x3fa /home/kushal/kaspar/RIOT/examples/bss_and_data/bin/samr21-xpro/newlib/syscalls.o
 .debug_macro   0x00000000000113d9       0x16 /home/kushal/kaspar/RIOT/examples/bss_and_data/bin/samr21-xpro/newlib/syscalls.o
 .debug_macro   0x00000000000113ef      0x11e /home/kushal/kaspar/RIOT/examples/bss_and_data/bin/samr21-xpro/newlib/syscalls.o
 .debug_macro   0x000000000001150d       0x19 /home/kushal/kaspar/RIOT/examples/bss_and_data/bin/samr21-xpro/newlib/syscalls.o
 .debug_macro   0x0000000000011526       0x28 /home/kushal/kaspar/RIOT/examples/bss_and_data/bin/samr21-xpro/newlib/syscalls.o
 .debug_macro   0x000000000001154e       0x3a /home/kushal/kaspar/RIOT/examples/bss_and_data/bin/samr21-xpro/newlib/syscalls.o
 .debug_macro   0x0000000000011588       0x22 /home/kushal/kaspar/RIOT/examples/bss_and_data/bin/samr21-xpro/newlib/syscalls.o
 .debug_macro   0x00000000000115aa       0xdc /home/kushal/kaspar/RIOT/examples/bss_and_data/bin/samr21-xpro/newlib/syscalls.o
 .debug_macro   0x0000000000011686       0x16 /home/kushal/kaspar/RIOT/examples/bss_and_data/bin/samr21-xpro/newlib/syscalls.o
 .debug_macro   0x000000000001169c       0x1c /home/kushal/kaspar/RIOT/examples/bss_and_data/bin/samr21-xpro/newlib/syscalls.o
 .debug_macro   0x00000000000116b8       0x28 /home/kushal/kaspar/RIOT/examples/bss_and_data/bin/samr21-xpro/newlib/syscalls.o
 .debug_macro   0x00000000000116e0       0x53 /home/kushal/kaspar/RIOT/examples/bss_and_data/bin/samr21-xpro/cpu/vectors.o
 .debug_macro   0x0000000000011733      0x8aa /home/kushal/kaspar/RIOT/examples/bss_and_data/bin/samr21-xpro/cpu/vectors.o
 .debug_macro   0x0000000000011fdd       0x44 /home/kushal/kaspar/RIOT/examples/bss_and_data/bin/samr21-xpro/cpu/vectors.o
 .debug_macro   0x0000000000012021       0x16 /home/kushal/kaspar/RIOT/examples/bss_and_data/bin/samr21-xpro/cpu/vectors.o
 .debug_macro   0x0000000000012037      0x50c /home/kushal/kaspar/RIOT/examples/bss_and_data/bin/samr21-xpro/core.a(sched.o)
 .debug_macro   0x0000000000012543      0x8aa /home/kushal/kaspar/RIOT/examples/bss_and_data/bin/samr21-xpro/core.a(sched.o)
 .debug_macro   0x0000000000012ded       0xa2 /home/kushal/kaspar/RIOT/examples/bss_and_data/bin/samr21-xpro/core.a(sched.o)
 .debug_macro   0x0000000000012e8f       0x2e /home/kushal/kaspar/RIOT/examples/bss_and_data/bin/samr21-xpro/core.a(sched.o)
 .debug_macro   0x0000000000012ebd       0x1d /home/kushal/kaspar/RIOT/examples/bss_and_data/bin/samr21-xpro/core.a(sched.o)
 .debug_macro   0x0000000000012eda      0x135 /home/kushal/kaspar/RIOT/examples/bss_and_data/bin/samr21-xpro/core.a(clist.o)
 .debug_macro   0x000000000001300f      0x8aa /home/kushal/kaspar/RIOT/examples/bss_and_data/bin/samr21-xpro/core.a(clist.o)
 .debug_macro   0x00000000000138b9      0x10d /home/kushal/kaspar/RIOT/examples/bss_and_data/bin/samr21-xpro/core.a(bitarithm.o)
 .debug_macro   0x00000000000139c6      0x8aa /home/kushal/kaspar/RIOT/examples/bss_and_data/bin/samr21-xpro/core.a(bitarithm.o)
 .debug_macro   0x0000000000014270       0x97 /home/kushal/kaspar/RIOT/examples/bss_and_data/bin/samr21-xpro/core.a(bitarithm.o)
 .debug_macro   0x0000000000014307       0xf6 /home/kushal/kaspar/RIOT/examples/bss_and_data/bin/samr21-xpro/core.a(bitarithm.o)
 .debug_macro   0x00000000000143fd      0x2c7 /home/kushal/kaspar/RIOT/examples/bss_and_data/bin/samr21-xpro/cortexm_common.a(irq_arch.o)
 .debug_macro   0x00000000000146c4      0x8aa /home/kushal/kaspar/RIOT/examples/bss_and_data/bin/samr21-xpro/cortexm_common.a(irq_arch.o)
 .debug_macro   0x0000000000014f6e      0x4e0 /home/kushal/kaspar/RIOT/examples/bss_and_data/bin/samr21-xpro/cortexm_common.a(thread_arch.o)
 .debug_macro   0x000000000001544e      0x8aa /home/kushal/kaspar/RIOT/examples/bss_and_data/bin/samr21-xpro/cortexm_common.a(thread_arch.o)
 .debug_macro   0x0000000000015cf8      0x49b /home/kushal/kaspar/RIOT/examples/bss_and_data/bin/samr21-xpro/cortexm_common.a(vectors_cortexm.o)
 .debug_macro   0x0000000000016193      0x8aa /home/kushal/kaspar/RIOT/examples/bss_and_data/bin/samr21-xpro/cortexm_common.a(vectors_cortexm.o)
 .debug_macro   0x0000000000016a3d      0x546 /home/kushal/kaspar/RIOT/examples/bss_and_data/bin/samr21-xpro/uart_stdio.a(uart_stdio.o)
 .debug_macro   0x0000000000016f83      0x8aa /home/kushal/kaspar/RIOT/examples/bss_and_data/bin/samr21-xpro/uart_stdio.a(uart_stdio.o)
 .debug_macro   0x000000000001782d       0x10 /home/kushal/kaspar/RIOT/examples/bss_and_data/bin/samr21-xpro/uart_stdio.a(uart_stdio.o)
 .debug_macro   0x000000000001783d       0x17 /home/kushal/kaspar/RIOT/examples/bss_and_data/bin/samr21-xpro/uart_stdio.a(uart_stdio.o)
 .debug_macro   0x0000000000017854      0x3d9 /home/kushal/kaspar/RIOT/examples/bss_and_data/bin/samr21-xpro/samr21-xpro_base.a(board.o)
 .debug_macro   0x0000000000017c2d      0x8aa /home/kushal/kaspar/RIOT/examples/bss_and_data/bin/samr21-xpro/samr21-xpro_base.a(board.o)
 .debug_macro   0x00000000000184d7      0x4de /home/kushal/kaspar/RIOT/examples/bss_and_data/bin/samr21-xpro/core.a(panic.o)
 .debug_macro   0x00000000000189b5      0x8aa /home/kushal/kaspar/RIOT/examples/bss_and_data/bin/samr21-xpro/core.a(panic.o)
 .debug_macro   0x000000000001925f       0x10 /home/kushal/kaspar/RIOT/examples/bss_and_data/bin/samr21-xpro/core.a(panic.o)
 .debug_macro   0x000000000001926f       0x1c /home/kushal/kaspar/RIOT/examples/bss_and_data/bin/samr21-xpro/core.a(panic.o)
 .debug_macro   0x000000000001928b       0x2e /home/kushal/kaspar/RIOT/examples/bss_and_data/bin/samr21-xpro/core.a(panic.o)
 .debug_macro   0x00000000000192b9      0x566 /home/kushal/kaspar/RIOT/examples/bss_and_data/bin/samr21-xpro/core.a(hwtimer.o)
 .debug_macro   0x000000000001981f      0x8aa /home/kushal/kaspar/RIOT/examples/bss_and_data/bin/samr21-xpro/core.a(hwtimer.o)
 .debug_macro   0x000000000001a0c9       0x34 /home/kushal/kaspar/RIOT/examples/bss_and_data/bin/samr21-xpro/core.a(hwtimer.o)
 .debug_macro   0x000000000001a0fd      0x509 /home/kushal/kaspar/RIOT/examples/bss_and_data/bin/samr21-xpro/core.a(mutex.o)
 .debug_macro   0x000000000001a606      0x8aa /home/kushal/kaspar/RIOT/examples/bss_and_data/bin/samr21-xpro/core.a(mutex.o)
 .debug_macro   0x000000000001aeb0      0x1e5 /home/kushal/kaspar/RIOT/examples/bss_and_data/bin/samr21-xpro/core.a(mutex.o)
 .debug_macro   0x000000000001b095      0x2d2 /home/kushal/kaspar/RIOT/examples/bss_and_data/bin/samr21-xpro/core.a(atomic.o)
 .debug_macro   0x000000000001b367      0x8aa /home/kushal/kaspar/RIOT/examples/bss_and_data/bin/samr21-xpro/core.a(atomic.o)
 .debug_macro   0x000000000001bc11       0xd4 /home/kushal/kaspar/RIOT/examples/bss_and_data/bin/samr21-xpro/core.a(ringbuffer.o)
 .debug_macro   0x000000000001bce5      0x8aa /home/kushal/kaspar/RIOT/examples/bss_and_data/bin/samr21-xpro/core.a(ringbuffer.o)
 .debug_macro   0x000000000001c58f      0x4e0 /home/kushal/kaspar/RIOT/examples/bss_and_data/bin/samr21-xpro/core.a(priority_queue.o)
 .debug_macro   0x000000000001ca6f      0x8aa /home/kushal/kaspar/RIOT/examples/bss_and_data/bin/samr21-xpro/core.a(priority_queue.o)
 .debug_macro   0x000000000001d319       0x82 /home/kushal/kaspar/RIOT/examples/bss_and_data/bin/samr21-xpro/core.a(priority_queue.o)
 .debug_macro   0x000000000001d39b       0xfd /home/kushal/kaspar/RIOT/examples/bss_and_data/bin/samr21-xpro/core.a(priority_queue.o)
 .debug_macro   0x000000000001d498      0x586 /home/kushal/kaspar/RIOT/examples/bss_and_data/bin/samr21-xpro/core.a(kernel_init.o)
 .debug_macro   0x000000000001da1e      0x8aa /home/kushal/kaspar/RIOT/examples/bss_and_data/bin/samr21-xpro/core.a(kernel_init.o)
 .debug_macro   0x000000000001e2c8      0x4f4 /home/kushal/kaspar/RIOT/examples/bss_and_data/bin/samr21-xpro/core.a(lifo.o)
 .debug_macro   0x000000000001e7bc      0x8aa /home/kushal/kaspar/RIOT/examples/bss_and_data/bin/samr21-xpro/core.a(lifo.o)
 .debug_macro   0x000000000001f066      0x550 /home/kushal/kaspar/RIOT/examples/bss_and_data/bin/samr21-xpro/core.a(thread.o)
 .debug_macro   0x000000000001f5b6      0x8aa /home/kushal/kaspar/RIOT/examples/bss_and_data/bin/samr21-xpro/core.a(thread.o)
 .debug_macro   0x000000000001fe60      0x2dc /home/kushal/kaspar/RIOT/examples/bss_and_data/bin/samr21-xpro/cortexm_common.a(panic.o)
 .debug_macro   0x000000000002013c      0x8aa /home/kushal/kaspar/RIOT/examples/bss_and_data/bin/samr21-xpro/cortexm_common.a(panic.o)
 .debug_macro   0x00000000000209e6      0x2d2 /home/kushal/kaspar/RIOT/examples/bss_and_data/bin/samr21-xpro/cpu.a(cpu.o)
 .debug_macro   0x0000000000020cb8      0x8aa /home/kushal/kaspar/RIOT/examples/bss_and_data/bin/samr21-xpro/cpu.a(cpu.o)
 .debug_macro   0x0000000000021562       0x1a /home/kushal/kaspar/RIOT/examples/bss_and_data/bin/samr21-xpro/cpu.a(lpm_arch.o)
 .debug_macro   0x000000000002157c      0x8aa /home/kushal/kaspar/RIOT/examples/bss_and_data/bin/samr21-xpro/cpu.a(lpm_arch.o)
 .debug_macro   0x0000000000021e26      0x4b8 /home/kushal/kaspar/RIOT/examples/bss_and_data/bin/samr21-xpro/hwtimer_compat.a(hwtimer_arch.o)
 .debug_macro   0x00000000000222de      0x8aa /home/kushal/kaspar/RIOT/examples/bss_and_data/bin/samr21-xpro/hwtimer_compat.a(hwtimer_arch.o)
 .debug_macro   0x0000000000022b88      0x4b8 /home/kushal/kaspar/RIOT/examples/bss_and_data/bin/samr21-xpro/periph.a(uart.o)
 .debug_macro   0x0000000000023040      0x8aa /home/kushal/kaspar/RIOT/examples/bss_and_data/bin/samr21-xpro/periph.a(uart.o)
 .debug_macro   0x00000000000238ea      0x556 /home/kushal/kaspar/RIOT/examples/bss_and_data/bin/samr21-xpro/periph.a(timer.o)
 .debug_macro   0x0000000000023e40      0x8aa /home/kushal/kaspar/RIOT/examples/bss_and_data/bin/samr21-xpro/periph.a(timer.o)
 .debug_macro   0x00000000000246ea      0x10e /home/kushal/kaspar/RIOT/examples/bss_and_data/bin/samr21-xpro/periph.a(timer.o)
 .debug_macro   0x00000000000247f8       0x86 /home/kushal/kaspar/RIOT/examples/bss_and_data/bin/samr21-xpro/periph.a(timer.o)
 .debug_macro   0x000000000002487e      0x1a8 /home/kushal/kaspar/RIOT/examples/bss_and_data/bin/samr21-xpro/app-test.a(basic.o)
 .debug_macro   0x0000000000024a26      0x8aa /home/kushal/kaspar/RIOT/examples/bss_and_data/bin/samr21-xpro/app-test.a(basic.o)
 .debug_macro   0x00000000000252d0      0x172 /home/kushal/kaspar/RIOT/examples/bss_and_data/bin/samr21-xpro/app-test.a(basic.o)
 .debug_macro   0x0000000000025442     0x403d /home/kushal/kaspar/RIOT/examples/bss_and_data/bin/samr21-xpro/app-test.a(basic.o)
 .debug_macro   0x000000000002947f      0x4f7 /home/kushal/kaspar/RIOT/examples/bss_and_data/bin/samr21-xpro/auto_init.a(auto_init.o)
 .debug_macro   0x0000000000029976      0x8aa /home/kushal/kaspar/RIOT/examples/bss_and_data/bin/samr21-xpro/auto_init.a(auto_init.o)
 .debug_macro   0x000000000002a220      0x2cf /home/kushal/kaspar/RIOT/examples/bss_and_data/bin/samr21-xpro/cortexm_common.a(cortexm_init.o)
 .debug_macro   0x000000000002a4ef      0x8aa /home/kushal/kaspar/RIOT/examples/bss_and_data/bin/samr21-xpro/cortexm_common.a(cortexm_init.o)

.debug_line     0x0000000000000000     0xdb14
 .debug_line    0x0000000000000000      0xb7e /home/kushal/kaspar/RIOT/examples/bss_and_data/bin/samr21-xpro/newlib/syscalls.o
 .debug_line    0x0000000000000b7e      0x14d /home/kushal/kaspar/RIOT/examples/bss_and_data/bin/samr21-xpro/cpu/vectors.o
 .debug_line    0x0000000000000ccb      0x97f /home/kushal/kaspar/RIOT/examples/bss_and_data/bin/samr21-xpro/core.a(sched.o)
 .debug_line    0x000000000000164a      0x219 /home/kushal/kaspar/RIOT/examples/bss_and_data/bin/samr21-xpro/core.a(clist.o)
 .debug_line    0x0000000000001863      0x1f6 /home/kushal/kaspar/RIOT/examples/bss_and_data/bin/samr21-xpro/core.a(bitarithm.o)
 .debug_line    0x0000000000001a59      0x75c /home/kushal/kaspar/RIOT/examples/bss_and_data/bin/samr21-xpro/cortexm_common.a(irq_arch.o)
 .debug_line    0x00000000000021b5      0x9ad /home/kushal/kaspar/RIOT/examples/bss_and_data/bin/samr21-xpro/cortexm_common.a(thread_arch.o)
 .debug_line    0x0000000000002b62      0x9ea /home/kushal/kaspar/RIOT/examples/bss_and_data/bin/samr21-xpro/cortexm_common.a(vectors_cortexm.o)
 .debug_line    0x000000000000354c      0xa3e /home/kushal/kaspar/RIOT/examples/bss_and_data/bin/samr21-xpro/uart_stdio.a(uart_stdio.o)
 .debug_line    0x0000000000003f8a      0x846 /home/kushal/kaspar/RIOT/examples/bss_and_data/bin/samr21-xpro/samr21-xpro_base.a(board.o)
 .debug_line    0x00000000000047d0      0x91f /home/kushal/kaspar/RIOT/examples/bss_and_data/bin/samr21-xpro/core.a(panic.o)
 .debug_line    0x00000000000050ef      0xb0c /home/kushal/kaspar/RIOT/examples/bss_and_data/bin/samr21-xpro/core.a(hwtimer.o)
 .debug_line    0x0000000000005bfb      0x99c /home/kushal/kaspar/RIOT/examples/bss_and_data/bin/samr21-xpro/core.a(mutex.o)
 .debug_line    0x0000000000006597      0x6fb /home/kushal/kaspar/RIOT/examples/bss_and_data/bin/samr21-xpro/core.a(atomic.o)
 .debug_line    0x0000000000006c92      0x2b4 /home/kushal/kaspar/RIOT/examples/bss_and_data/bin/samr21-xpro/core.a(ringbuffer.o)
 .debug_line    0x0000000000006f46      0x93e /home/kushal/kaspar/RIOT/examples/bss_and_data/bin/samr21-xpro/core.a(priority_queue.o)
 .debug_line    0x0000000000007884      0xa45 /home/kushal/kaspar/RIOT/examples/bss_and_data/bin/samr21-xpro/core.a(kernel_init.o)
 .debug_line    0x00000000000082c9      0x97a /home/kushal/kaspar/RIOT/examples/bss_and_data/bin/samr21-xpro/core.a(lifo.o)
 .debug_line    0x0000000000008c43      0xb06 /home/kushal/kaspar/RIOT/examples/bss_and_data/bin/samr21-xpro/core.a(thread.o)
 .debug_line    0x0000000000009749      0x710 /home/kushal/kaspar/RIOT/examples/bss_and_data/bin/samr21-xpro/cortexm_common.a(panic.o)
 .debug_line    0x0000000000009e59      0x756 /home/kushal/kaspar/RIOT/examples/bss_and_data/bin/samr21-xpro/cpu.a(cpu.o)
 .debug_line    0x000000000000a5af       0xb8 /home/kushal/kaspar/RIOT/examples/bss_and_data/bin/samr21-xpro/cpu.a(lpm_arch.o)
 .debug_line    0x000000000000a667      0xa17 /home/kushal/kaspar/RIOT/examples/bss_and_data/bin/samr21-xpro/hwtimer_compat.a(hwtimer_arch.o)
 .debug_line    0x000000000000b07e      0xa8b /home/kushal/kaspar/RIOT/examples/bss_and_data/bin/samr21-xpro/periph.a(uart.o)
 .debug_line    0x000000000000bb09      0xb87 /home/kushal/kaspar/RIOT/examples/bss_and_data/bin/samr21-xpro/periph.a(timer.o)
 .debug_line    0x000000000000c690      0x445 /home/kushal/kaspar/RIOT/examples/bss_and_data/bin/samr21-xpro/app-test.a(basic.o)
 .debug_line    0x000000000000cad5      0x926 /home/kushal/kaspar/RIOT/examples/bss_and_data/bin/samr21-xpro/auto_init.a(auto_init.o)
 .debug_line    0x000000000000d3fb      0x719 /home/kushal/kaspar/RIOT/examples/bss_and_data/bin/samr21-xpro/cortexm_common.a(cortexm_init.o)

.debug_str      0x0000000000000000    0x7844e
 .debug_str     0x0000000000000000    0x683f6 /home/kushal/kaspar/RIOT/examples/bss_and_data/bin/samr21-xpro/newlib/syscalls.o
                                      0x68832 (size before relaxing)
 .debug_str     0x00000000000683f6      0x136 /home/kushal/kaspar/RIOT/examples/bss_and_data/bin/samr21-xpro/cpu/vectors.o
                                       0x3168 (size before relaxing)
 .debug_str     0x000000000006852c      0x4c3 /home/kushal/kaspar/RIOT/examples/bss_and_data/bin/samr21-xpro/core.a(sched.o)
                                      0x65b70 (size before relaxing)
 .debug_str     0x00000000000689ef       0x6c /home/kushal/kaspar/RIOT/examples/bss_and_data/bin/samr21-xpro/core.a(clist.o)
                                       0x5a06 (size before relaxing)
 .debug_str     0x0000000000068a5b       0x90 /home/kushal/kaspar/RIOT/examples/bss_and_data/bin/samr21-xpro/core.a(bitarithm.o)
                                       0x58eb (size before relaxing)
 .debug_str     0x0000000000068aeb       0xd2 /home/kushal/kaspar/RIOT/examples/bss_and_data/bin/samr21-xpro/cortexm_common.a(irq_arch.o)
                                      0x60c47 (size before relaxing)
 .debug_str     0x0000000000068bbd      0x1a5 /home/kushal/kaspar/RIOT/examples/bss_and_data/bin/samr21-xpro/cortexm_common.a(thread_arch.o)
                                      0x6593c (size before relaxing)
 .debug_str     0x0000000000068d62      0x1b1 /home/kushal/kaspar/RIOT/examples/bss_and_data/bin/samr21-xpro/cortexm_common.a(vectors_cortexm.o)
                                      0x64559 (size before relaxing)
 .debug_str     0x0000000000068f13      0x26b /home/kushal/kaspar/RIOT/examples/bss_and_data/bin/samr21-xpro/uart_stdio.a(uart_stdio.o)
                                      0x66cde (size before relaxing)
 .debug_str     0x000000000006917e       0xb9 /home/kushal/kaspar/RIOT/examples/bss_and_data/bin/samr21-xpro/samr21-xpro_base.a(board.o)
                                      0x64f56 (size before relaxing)
 .debug_str     0x0000000000069237      0x150 /home/kushal/kaspar/RIOT/examples/bss_and_data/bin/samr21-xpro/core.a(panic.o)
                                      0x65571 (size before relaxing)
 .debug_str     0x0000000000069387      0x37b /home/kushal/kaspar/RIOT/examples/bss_and_data/bin/samr21-xpro/core.a(hwtimer.o)
                                      0x67013 (size before relaxing)
 .debug_str     0x0000000000069702       0xe7 /home/kushal/kaspar/RIOT/examples/bss_and_data/bin/samr21-xpro/core.a(mutex.o)
                                      0x65a79 (size before relaxing)
 .debug_str     0x00000000000697e9       0x66 /home/kushal/kaspar/RIOT/examples/bss_and_data/bin/samr21-xpro/core.a(atomic.o)
                                      0x60c0b (size before relaxing)
 .debug_str     0x000000000006984f      0x113 /home/kushal/kaspar/RIOT/examples/bss_and_data/bin/samr21-xpro/core.a(ringbuffer.o)
                                       0x4d74 (size before relaxing)
 .debug_str     0x0000000000069962       0xa7 /home/kushal/kaspar/RIOT/examples/bss_and_data/bin/samr21-xpro/core.a(priority_queue.o)
                                      0x6587c (size before relaxing)
 .debug_str     0x0000000000069a09      0x120 /home/kushal/kaspar/RIOT/examples/bss_and_data/bin/samr21-xpro/core.a(kernel_init.o)
                                      0x6735b (size before relaxing)
 .debug_str     0x0000000000069b29       0x60 /home/kushal/kaspar/RIOT/examples/bss_and_data/bin/samr21-xpro/core.a(lifo.o)
                                      0x65960 (size before relaxing)
 .debug_str     0x0000000000069b89      0x14f /home/kushal/kaspar/RIOT/examples/bss_and_data/bin/samr21-xpro/core.a(thread.o)
                                      0x672fe (size before relaxing)
 .debug_str     0x0000000000069cd8       0x64 /home/kushal/kaspar/RIOT/examples/bss_and_data/bin/samr21-xpro/cortexm_common.a(panic.o)
                                      0x60ca1 (size before relaxing)
 .debug_str     0x0000000000069d3c      0x841 /home/kushal/kaspar/RIOT/examples/bss_and_data/bin/samr21-xpro/cpu.a(cpu.o)
                                      0x62291 (size before relaxing)